Component: ARM Compiler 5.05 update 2 (build 169) Tool: armlink [4d0f33]

==============================================================================

Section Cross References

    startup_stm32f10x_hd.o(RESET) refers to startup_stm32f10x_hd.o(STACK) for __initial_sp
    startup_stm32f10x_hd.o(RESET) refers to startup_stm32f10x_hd.o(.text) for Reset_Handler
    startup_stm32f10x_hd.o(.text) refers to system_stm32f10x.o(i.SystemInit) for SystemInit
    startup_stm32f10x_hd.o(.text) refers to entry.o(.ARM.Collect$$$$00000000) for __main
    system_stm32f10x.o(i.SetSysClock) refers to system_stm32f10x.o(i.SetSysClockTo72) for SetSysClockTo72
    system_stm32f10x.o(i.SystemCoreClockUpdate) refers to system_stm32f10x.o(.data) for SystemCoreClock
    system_stm32f10x.o(i.SystemInit) refers to system_stm32f10x.o(i.SetSysClock) for SetSysClock
    stm32f10x_gpio.o(i.GPIO_AFIODeInit) refers to stm32f10x_rcc.o(i.RCC_APB2PeriphResetCmd) for RCC_APB2PeriphResetCmd
    stm32f10x_gpio.o(i.GPIO_DeInit) refers to stm32f10x_rcc.o(i.RCC_APB2PeriphResetCmd) for RCC_APB2PeriphResetCmd
    stm32f10x_rcc.o(i.RCC_GetClocksFreq) refers to stm32f10x_rcc.o(.data) for APBAHBPrescTable
    stm32f10x_rcc.o(i.RCC_WaitForHSEStartUp) refers to stm32f10x_rcc.o(i.RCC_GetFlagStatus) for RCC_GetFlagStatus
    stm32f10x_adc.o(i.ADC_DeInit) refers to stm32f10x_rcc.o(i.RCC_APB2PeriphResetCmd) for RCC_APB2PeriphResetCmd
    stm32f10x_dac.o(i.DAC_DeInit) refers to stm32f10x_rcc.o(i.RCC_APB1PeriphResetCmd) for RCC_APB1PeriphResetCmd
    stm32f10x_flash.o(i.FLASH_EnableWriteProtection) refers to stm32f10x_flash.o(i.FLASH_WaitForLastOperation) for FLASH_WaitForLastOperation
    stm32f10x_flash.o(i.FLASH_EraseAllBank1Pages) refers to stm32f10x_flash.o(i.FLASH_WaitForLastBank1Operation) for FLASH_WaitForLastBank1Operation
    stm32f10x_flash.o(i.FLASH_EraseAllPages) refers to stm32f10x_flash.o(i.FLASH_WaitForLastOperation) for FLASH_WaitForLastOperation
    stm32f10x_flash.o(i.FLASH_EraseOptionBytes) refers to stm32f10x_flash.o(i.FLASH_GetReadOutProtectionStatus) for FLASH_GetReadOutProtectionStatus
    stm32f10x_flash.o(i.FLASH_EraseOptionBytes) refers to stm32f10x_flash.o(i.FLASH_WaitForLastOperation) for FLASH_WaitForLastOperation
    stm32f10x_flash.o(i.FLASH_ErasePage) refers to stm32f10x_flash.o(i.FLASH_WaitForLastOperation) for FLASH_WaitForLastOperation
    stm32f10x_flash.o(i.FLASH_ProgramHalfWord) refers to stm32f10x_flash.o(i.FLASH_WaitForLastOperation) for FLASH_WaitForLastOperation
    stm32f10x_flash.o(i.FLASH_ProgramOptionByteData) refers to stm32f10x_flash.o(i.FLASH_WaitForLastOperation) for FLASH_WaitForLastOperation
    stm32f10x_flash.o(i.FLASH_ProgramWord) refers to stm32f10x_flash.o(i.FLASH_WaitForLastOperation) for FLASH_WaitForLastOperation
    stm32f10x_flash.o(i.FLASH_ReadOutProtection) refers to stm32f10x_flash.o(i.FLASH_WaitForLastOperation) for FLASH_WaitForLastOperation
    stm32f10x_flash.o(i.FLASH_UserOptionByteConfig) refers to stm32f10x_flash.o(i.FLASH_WaitForLastOperation) for FLASH_WaitForLastOperation
    stm32f10x_flash.o(i.FLASH_WaitForLastBank1Operation) refers to stm32f10x_flash.o(i.FLASH_GetBank1Status) for FLASH_GetBank1Status
    stm32f10x_flash.o(i.FLASH_WaitForLastOperation) refers to stm32f10x_flash.o(i.FLASH_GetBank1Status) for FLASH_GetBank1Status
    main.o(i.main) refers to bsp.o(i.BSP_Int) for BSP_Int
    main.o(i.main) refers to bsp.o(i.LED_Ctrl) for LED_Ctrl
    bsp.o(i.BSP_Int) refers to bsp.o(i.LED_Config) for LED_Config
    bsp.o(i.BSP_Int) refers to dma_adc_1.o(i.ADC1_Init) for ADC1_Init
    bsp.o(i.LED_Config) refers to stm32f10x_rcc.o(i.RCC_APB2PeriphClockCmd) for RCC_APB2PeriphClockCmd
    bsp.o(i.LED_Config) refers to stm32f10x_gpio.o(i.GPIO_Init) for GPIO_Init
    bsp.o(i.LED_Ctrl) refers to filter.o(i.Rc_Filter) for Rc_Filter
    bsp.o(i.LED_Ctrl) refers to stm32f10x_gpio.o(i.GPIO_ResetBits) for GPIO_ResetBits
    bsp.o(i.LED_Ctrl) refers to stm32f10x_gpio.o(i.GPIO_SetBits) for GPIO_SetBits
    bsp.o(i.LED_Ctrl) refers to struct_all_1.o(.bss) for Filter_Rc
    dma_adc_1.o(i.ADC1_GPIO_Config) refers to stm32f10x_rcc.o(i.RCC_AHBPeriphClockCmd) for RCC_AHBPeriphClockCmd
    dma_adc_1.o(i.ADC1_GPIO_Config) refers to stm32f10x_rcc.o(i.RCC_APB2PeriphClockCmd) for RCC_APB2PeriphClockCmd
    dma_adc_1.o(i.ADC1_GPIO_Config) refers to stm32f10x_rcc.o(i.RCC_ADCCLKConfig) for RCC_ADCCLKConfig
    dma_adc_1.o(i.ADC1_GPIO_Config) refers to stm32f10x_gpio.o(i.GPIO_Init) for GPIO_Init
    dma_adc_1.o(i.ADC1_Init) refers to dma_adc_1.o(i.ADC1_GPIO_Config) for ADC1_GPIO_Config
    dma_adc_1.o(i.ADC1_Init) refers to dma_adc_1.o(i.ADC1_Mode_Config) for ADC1_Mode_Config
    dma_adc_1.o(i.ADC1_Mode_Config) refers to stm32f10x_dma.o(i.DMA_DeInit) for DMA_DeInit
    dma_adc_1.o(i.ADC1_Mode_Config) refers to stm32f10x_dma.o(i.DMA_Init) for DMA_Init
    dma_adc_1.o(i.ADC1_Mode_Config) refers to stm32f10x_dma.o(i.DMA_Cmd) for DMA_Cmd
    dma_adc_1.o(i.ADC1_Mode_Config) refers to stm32f10x_adc.o(i.ADC_DeInit) for ADC_DeInit
    dma_adc_1.o(i.ADC1_Mode_Config) refers to stm32f10x_adc.o(i.ADC_TempSensorVrefintCmd) for ADC_TempSensorVrefintCmd
    dma_adc_1.o(i.ADC1_Mode_Config) refers to stm32f10x_adc.o(i.ADC_Init) for ADC_Init
    dma_adc_1.o(i.ADC1_Mode_Config) refers to stm32f10x_adc.o(i.ADC_RegularChannelConfig) for ADC_RegularChannelConfig
    dma_adc_1.o(i.ADC1_Mode_Config) refers to stm32f10x_adc.o(i.ADC_DMACmd) for ADC_DMACmd
    dma_adc_1.o(i.ADC1_Mode_Config) refers to stm32f10x_adc.o(i.ADC_Cmd) for ADC_Cmd
    dma_adc_1.o(i.ADC1_Mode_Config) refers to stm32f10x_adc.o(i.ADC_ResetCalibration) for ADC_ResetCalibration
    dma_adc_1.o(i.ADC1_Mode_Config) refers to stm32f10x_adc.o(i.ADC_GetResetCalibrationStatus) for ADC_GetResetCalibrationStatus
    dma_adc_1.o(i.ADC1_Mode_Config) refers to stm32f10x_adc.o(i.ADC_StartCalibration) for ADC_StartCalibration
    dma_adc_1.o(i.ADC1_Mode_Config) refers to stm32f10x_adc.o(i.ADC_GetCalibrationStatus) for ADC_GetCalibrationStatus
    dma_adc_1.o(i.ADC1_Mode_Config) refers to stm32f10x_adc.o(i.ADC_SoftwareStartConvCmd) for ADC_SoftwareStartConvCmd
    dma_adc_1.o(i.ADC1_Mode_Config) refers to dma_adc_1.o(.bss) for ADC_Value
    eeprom_1.o(i.EE_Format) refers to stm32f10x_flash.o(i.FLASH_ErasePage) for FLASH_ErasePage
    eeprom_1.o(i.EE_Format) refers to stm32f10x_flash.o(i.FLASH_ProgramHalfWord) for FLASH_ProgramHalfWord
    eeprom_1.o(i.EE_Init) refers to eeprom_1.o(i.__EE_Init) for __EE_Init
    eeprom_1.o(i.EE_Init) refers to eeprom_1.o(i.InitCurrWrAddress) for InitCurrWrAddress
    eeprom_1.o(i.EE_PageTransfer) refers to eeprom_1.o(i.EE_FindValidPage) for EE_FindValidPage
    eeprom_1.o(i.EE_PageTransfer) refers to stm32f10x_flash.o(i.FLASH_ProgramHalfWord) for FLASH_ProgramHalfWord
    eeprom_1.o(i.EE_PageTransfer) refers to eeprom_1.o(i.InitCurrWrAddress) for InitCurrWrAddress
    eeprom_1.o(i.EE_PageTransfer) refers to eeprom_1.o(i.EE_VerifyPageFullWriteVariable) for EE_VerifyPageFullWriteVariable
    eeprom_1.o(i.EE_PageTransfer) refers to eeprom_1.o(i.EE_ReadVariable) for EE_ReadVariable
    eeprom_1.o(i.EE_PageTransfer) refers to stm32f10x_flash.o(i.FLASH_ErasePage) for FLASH_ErasePage
    eeprom_1.o(i.EE_PageTransfer) refers to struct_all_1.o(.data) for VirtAddVarTab
    eeprom_1.o(i.EE_PageTransfer) refers to eeprom_1.o(.data) for DataVar
    eeprom_1.o(i.EE_ReadVariable) refers to eeprom_1.o(i.EE_FindValidPage) for EE_FindValidPage
    eeprom_1.o(i.EE_ReadVariable) refers to eeprom_1.o(.data) for CurWrAddress
    eeprom_1.o(i.EE_VerifyPageFullWriteVariable) refers to eeprom_1.o(i.EE_FindValidPage) for EE_FindValidPage
    eeprom_1.o(i.EE_VerifyPageFullWriteVariable) refers to stm32f10x_flash.o(i.FLASH_ProgramHalfWord) for FLASH_ProgramHalfWord
    eeprom_1.o(i.EE_VerifyPageFullWriteVariable) refers to eeprom_1.o(.data) for CurWrAddress
    eeprom_1.o(i.EE_WriteVariable) refers to eeprom_1.o(i.EE_VerifyPageFullWriteVariable) for EE_VerifyPageFullWriteVariable
    eeprom_1.o(i.EE_WriteVariable) refers to eeprom_1.o(i.EE_PageTransfer) for EE_PageTransfer
    eeprom_1.o(i.InitCurrWrAddress) refers to eeprom_1.o(i.EE_FindValidPage) for EE_FindValidPage
    eeprom_1.o(i.InitCurrWrAddress) refers to eeprom_1.o(.data) for CurWrAddress
    eeprom_1.o(i.__EE_Init) refers to stm32f10x_flash.o(i.FLASH_ErasePage) for FLASH_ErasePage
    eeprom_1.o(i.__EE_Init) refers to stm32f10x_flash.o(i.FLASH_ProgramHalfWord) for FLASH_ProgramHalfWord
    eeprom_1.o(i.__EE_Init) refers to eeprom_1.o(i.EE_Format) for EE_Format
    eeprom_1.o(i.__EE_Init) refers to eeprom_1.o(i.EE_ReadVariable) for EE_ReadVariable
    eeprom_1.o(i.__EE_Init) refers to eeprom_1.o(i.EE_VerifyPageFullWriteVariable) for EE_VerifyPageFullWriteVariable
    eeprom_1.o(i.__EE_Init) refers to struct_all_1.o(.data) for VirtAddVarTab
    eeprom_1.o(i.__EE_Init) refers to eeprom_1.o(.data) for DataVar
    struct_all_1.o(i.EEPROM_INIT) refers to struct_all_1.o(i.__set_PRIMASK) for __set_PRIMASK
    struct_all_1.o(i.EEPROM_INIT) refers to eeprom_1.o(i.EE_Init) for EE_Init
    struct_all_1.o(i.EEPROM_INIT) refers to struct_all_1.o(i.EEPROM_READ_OFFSET) for EEPROM_READ_OFFSET
    struct_all_1.o(i.EEPROM_READ_OFFSET) refers to eeprom_1.o(i.EE_ReadVariable) for EE_ReadVariable
    struct_all_1.o(i.EEPROM_READ_OFFSET) refers to struct_all_1.o(.data) for VirtAddVarTab
    struct_all_1.o(i.EEPROM_READ_OFFSET) refers to key.o(.data) for offset0
    struct_all_1.o(i.EEPROM_SAVE_OFFSET) refers to struct_all_1.o(i.__set_PRIMASK) for __set_PRIMASK
    struct_all_1.o(i.EEPROM_SAVE_OFFSET) refers to eeprom_1.o(i.EE_WriteVariable) for EE_WriteVariable
    struct_all_1.o(i.EEPROM_SAVE_OFFSET) refers to struct_all_1.o(.data) for VirtAddVarTab
    struct_all_1.o(i.EEPROM_SAVE_OFFSET) refers to key.o(.data) for offset0
    filter.o(i.Rc_Filter) refers to ffltui.o(.text) for __aeabi_ui2f
    filter.o(i.Rc_Filter) refers to fmul.o(.text) for __aeabi_fmul
    filter.o(i.Rc_Filter) refers to ffixui.o(.text) for __aeabi_f2uiz
    filter.o(i.Rc_Filter) refers to fdiv.o(.text) for __aeabi_fdiv
    filter.o(i.Rc_Filter) refers to filter.o(i.RC_Limit) for RC_Limit
    filter.o(i.Rc_Filter) refers to key.o(i.Do_Offset) for Do_Offset
    filter.o(i.Rc_Filter) refers to dma_adc_1.o(.bss) for ADC_Value
    filter.o(i.Rc_Filter) refers to key.o(.data) for offset0
    filter.o(i.Rc_Filter) refers to dma_adc_1.o(.data) for Battery_Rc
    filter.o(i.Rc_Filter) refers to filter.o(.bss) for Filter_A
    filter.o(i.Rc_Filter) refers to filter.o(.data) for Filter_count
    key.o(i.Do_Offset) refers to key.o(.data) for offset
    key.o(i.Do_Offset) refers to struct_all_1.o(.bss) for Rc
    key.o(i.KEY_Init) refers to stm32f10x_rcc.o(i.RCC_APB2PeriphClockCmd) for RCC_APB2PeriphClockCmd
    key.o(i.KEY_Init) refers to stm32f10x_gpio.o(i.GPIO_Init) for GPIO_Init
    key.o(i.KEY_Init) refers to stm32f10x_gpio.o(i.GPIO_EXTILineConfig) for GPIO_EXTILineConfig
    key.o(i.KEY_Init) refers to stm32f10x_exti.o(i.EXTI_Init) for EXTI_Init
    entry.o(.ARM.Collect$$$$00000000) refers (Special) to entry10a.o(.ARM.Collect$$$$0000000D) for __rt_final_cpp
    entry.o(.ARM.Collect$$$$00000000) refers (Special) to entry11a.o(.ARM.Collect$$$$0000000F) for __rt_final_exit
    entry.o(.ARM.Collect$$$$00000000) refers (Special) to entry7b.o(.ARM.Collect$$$$00000008) for _main_clock
    entry.o(.ARM.Collect$$$$00000000) refers (Special) to entry8b.o(.ARM.Collect$$$$0000000A) for _main_cpp_init
    entry.o(.ARM.Collect$$$$00000000) refers (Special) to entry9a.o(.ARM.Collect$$$$0000000B) for _main_init
    entry.o(.ARM.Collect$$$$00000000) refers (Special) to entry5.o(.ARM.Collect$$$$00000004) for _main_scatterload
    entry.o(.ARM.Collect$$$$00000000) refers (Special) to entry2.o(.ARM.Collect$$$$00000001) for _main_stk
    fmul.o(.text) refers (Special) to iusefp.o(.text) for __I$use$fp
    fdiv.o(.text) refers (Special) to iusefp.o(.text) for __I$use$fp
    fdiv.o(.text) refers to fepilogue.o(.text) for _float_round
    ffltui.o(.text) refers (Special) to iusefp.o(.text) for __I$use$fp
    ffltui.o(.text) refers to fepilogue.o(.text) for _float_epilogue
    ffixui.o(.text) refers (Special) to iusefp.o(.text) for __I$use$fp
    entry2.o(.ARM.Collect$$$$00000001) refers to entry2.o(.ARM.Collect$$$$00002712) for __lit__00000000
    entry2.o(.ARM.Collect$$$$00002712) refers to startup_stm32f10x_hd.o(STACK) for __initial_sp
    entry2.o(__vectab_stack_and_reset_area) refers to startup_stm32f10x_hd.o(STACK) for __initial_sp
    entry2.o(__vectab_stack_and_reset_area) refers to entry.o(.ARM.Collect$$$$00000000) for __main
    entry5.o(.ARM.Collect$$$$00000004) refers to init.o(.text) for __scatterload
    entry9a.o(.ARM.Collect$$$$0000000B) refers to main.o(i.main) for main
    entry9b.o(.ARM.Collect$$$$0000000C) refers to main.o(i.main) for main
    init.o(.text) refers to entry5.o(.ARM.Collect$$$$00000004) for __main_after_scatterload


==============================================================================

Removing Unused input sections from the image.

    Removing startup_stm32f10x_hd.o(HEAP), (512 bytes).
    Removing core_cm3.o(.emb_text), (32 bytes).
    Removing system_stm32f10x.o(i.SystemCoreClockUpdate), (164 bytes).
    Removing system_stm32f10x.o(.data), (20 bytes).
    Removing misc.o(i.NVIC_Init), (112 bytes).
    Removing misc.o(i.NVIC_PriorityGroupConfig), (20 bytes).
    Removing misc.o(i.NVIC_SetVectorTable), (20 bytes).
    Removing misc.o(i.NVIC_SystemLPConfig), (32 bytes).
    Removing misc.o(i.SysTick_CLKSourceConfig), (40 bytes).
    Removing stm32f10x_gpio.o(i.GPIO_AFIODeInit), (20 bytes).
    Removing stm32f10x_gpio.o(i.GPIO_DeInit), (200 bytes).
    Removing stm32f10x_gpio.o(i.GPIO_ETH_MediaInterfaceConfig), (12 bytes).
    Removing stm32f10x_gpio.o(i.GPIO_EXTILineConfig), (64 bytes).
    Removing stm32f10x_gpio.o(i.GPIO_EventOutputCmd), (12 bytes).
    Removing stm32f10x_gpio.o(i.GPIO_EventOutputConfig), (32 bytes).
    Removing stm32f10x_gpio.o(i.GPIO_PinLockConfig), (18 bytes).
    Removing stm32f10x_gpio.o(i.GPIO_PinRemapConfig), (144 bytes).
    Removing stm32f10x_gpio.o(i.GPIO_ReadInputData), (8 bytes).
    Removing stm32f10x_gpio.o(i.GPIO_ReadInputDataBit), (18 bytes).
    Removing stm32f10x_gpio.o(i.GPIO_ReadOutputData), (8 bytes).
    Removing stm32f10x_gpio.o(i.GPIO_ReadOutputDataBit), (18 bytes).
    Removing stm32f10x_gpio.o(i.GPIO_StructInit), (16 bytes).
    Removing stm32f10x_gpio.o(i.GPIO_Write), (4 bytes).
    Removing stm32f10x_gpio.o(i.GPIO_WriteBit), (10 bytes).
    Removing stm32f10x_rcc.o(i.RCC_APB1PeriphClockCmd), (32 bytes).
    Removing stm32f10x_rcc.o(i.RCC_APB1PeriphResetCmd), (32 bytes).
    Removing stm32f10x_rcc.o(i.RCC_AdjustHSICalibrationValue), (24 bytes).
    Removing stm32f10x_rcc.o(i.RCC_BackupResetCmd), (12 bytes).
    Removing stm32f10x_rcc.o(i.RCC_ClearFlag), (20 bytes).
    Removing stm32f10x_rcc.o(i.RCC_ClearITPendingBit), (12 bytes).
    Removing stm32f10x_rcc.o(i.RCC_ClockSecuritySystemCmd), (12 bytes).
    Removing stm32f10x_rcc.o(i.RCC_DeInit), (76 bytes).
    Removing stm32f10x_rcc.o(i.RCC_GetClocksFreq), (212 bytes).
    Removing stm32f10x_rcc.o(i.RCC_GetFlagStatus), (60 bytes).
    Removing stm32f10x_rcc.o(i.RCC_GetITStatus), (24 bytes).
    Removing stm32f10x_rcc.o(i.RCC_GetSYSCLKSource), (16 bytes).
    Removing stm32f10x_rcc.o(i.RCC_HCLKConfig), (24 bytes).
    Removing stm32f10x_rcc.o(i.RCC_HSEConfig), (76 bytes).
    Removing stm32f10x_rcc.o(i.RCC_HSICmd), (12 bytes).
    Removing stm32f10x_rcc.o(i.RCC_ITConfig), (32 bytes).
    Removing stm32f10x_rcc.o(i.RCC_LSEConfig), (52 bytes).
    Removing stm32f10x_rcc.o(i.RCC_LSICmd), (12 bytes).
    Removing stm32f10x_rcc.o(i.RCC_MCOConfig), (12 bytes).
    Removing stm32f10x_rcc.o(i.RCC_PCLK1Config), (24 bytes).
    Removing stm32f10x_rcc.o(i.RCC_PCLK2Config), (24 bytes).
    Removing stm32f10x_rcc.o(i.RCC_PLLCmd), (12 bytes).
    Removing stm32f10x_rcc.o(i.RCC_PLLConfig), (28 bytes).
    Removing stm32f10x_rcc.o(i.RCC_RTCCLKCmd), (12 bytes).
    Removing stm32f10x_rcc.o(i.RCC_RTCCLKConfig), (16 bytes).
    Removing stm32f10x_rcc.o(i.RCC_SYSCLKConfig), (24 bytes).
    Removing stm32f10x_rcc.o(i.RCC_USBCLKConfig), (12 bytes).
    Removing stm32f10x_rcc.o(i.RCC_WaitForHSEStartUp), (56 bytes).
    Removing stm32f10x_rcc.o(.data), (20 bytes).
    Removing stm32f10x_adc.o(i.ADC_AnalogWatchdogCmd), (20 bytes).
    Removing stm32f10x_adc.o(i.ADC_AnalogWatchdogSingleChannelConfig), (16 bytes).
    Removing stm32f10x_adc.o(i.ADC_AnalogWatchdogThresholdsConfig), (6 bytes).
    Removing stm32f10x_adc.o(i.ADC_AutoInjectedConvCmd), (22 bytes).
    Removing stm32f10x_adc.o(i.ADC_ClearFlag), (6 bytes).
    Removing stm32f10x_adc.o(i.ADC_ClearITPendingBit), (10 bytes).
    Removing stm32f10x_adc.o(i.ADC_DiscModeChannelCountConfig), (24 bytes).
    Removing stm32f10x_adc.o(i.ADC_DiscModeCmd), (22 bytes).
    Removing stm32f10x_adc.o(i.ADC_ExternalTrigConvCmd), (22 bytes).
    Removing stm32f10x_adc.o(i.ADC_ExternalTrigInjectedConvCmd), (22 bytes).
    Removing stm32f10x_adc.o(i.ADC_ExternalTrigInjectedConvConfig), (16 bytes).
    Removing stm32f10x_adc.o(i.ADC_GetConversionValue), (8 bytes).
    Removing stm32f10x_adc.o(i.ADC_GetDualModeConversionValue), (12 bytes).
    Removing stm32f10x_adc.o(i.ADC_GetFlagStatus), (18 bytes).
    Removing stm32f10x_adc.o(i.ADC_GetITStatus), (36 bytes).
    Removing stm32f10x_adc.o(i.ADC_GetInjectedConversionValue), (28 bytes).
    Removing stm32f10x_adc.o(i.ADC_GetSoftwareStartConvStatus), (20 bytes).
    Removing stm32f10x_adc.o(i.ADC_GetSoftwareStartInjectedConvCmdStatus), (20 bytes).
    Removing stm32f10x_adc.o(i.ADC_ITConfig), (24 bytes).
    Removing stm32f10x_adc.o(i.ADC_InjectedChannelConfig), (130 bytes).
    Removing stm32f10x_adc.o(i.ADC_InjectedDiscModeCmd), (22 bytes).
    Removing stm32f10x_adc.o(i.ADC_InjectedSequencerLengthConfig), (24 bytes).
    Removing stm32f10x_adc.o(i.ADC_SetInjectedOffset), (20 bytes).
    Removing stm32f10x_adc.o(i.ADC_SoftwareStartInjectedConvCmd), (22 bytes).
    Removing stm32f10x_adc.o(i.ADC_StructInit), (18 bytes).
    Removing stm32f10x_dma.o(i.DMA_ClearFlag), (28 bytes).
    Removing stm32f10x_dma.o(i.DMA_ClearITPendingBit), (28 bytes).
    Removing stm32f10x_dma.o(i.DMA_GetCurrDataCounter), (8 bytes).
    Removing stm32f10x_dma.o(i.DMA_GetFlagStatus), (44 bytes).
    Removing stm32f10x_dma.o(i.DMA_GetITStatus), (44 bytes).
    Removing stm32f10x_dma.o(i.DMA_ITConfig), (18 bytes).
    Removing stm32f10x_dma.o(i.DMA_SetCurrDataCounter), (4 bytes).
    Removing stm32f10x_dma.o(i.DMA_StructInit), (26 bytes).
    Removing stm32f10x_dbgmcu.o(i.DBGMCU_Config), (32 bytes).
    Removing stm32f10x_dbgmcu.o(i.DBGMCU_GetDEVID), (16 bytes).
    Removing stm32f10x_dbgmcu.o(i.DBGMCU_GetREVID), (12 bytes).
    Removing stm32f10x_dac.o(i.DAC_Cmd), (40 bytes).
    Removing stm32f10x_dac.o(i.DAC_DMACmd), (44 bytes).
    Removing stm32f10x_dac.o(i.DAC_DeInit), (22 bytes).
    Removing stm32f10x_dac.o(i.DAC_DualSoftwareTriggerCmd), (36 bytes).
    Removing stm32f10x_dac.o(i.DAC_GetDataOutputValue), (36 bytes).
    Removing stm32f10x_dac.o(i.DAC_Init), (52 bytes).
    Removing stm32f10x_dac.o(i.DAC_SetChannel1Data), (32 bytes).
    Removing stm32f10x_dac.o(i.DAC_SetChannel2Data), (32 bytes).
    Removing stm32f10x_dac.o(i.DAC_SetDualChannelData), (36 bytes).
    Removing stm32f10x_dac.o(i.DAC_SoftwareTriggerCmd), (44 bytes).
    Removing stm32f10x_dac.o(i.DAC_StructInit), (12 bytes).
    Removing stm32f10x_dac.o(i.DAC_WaveGenerationCmd), (40 bytes).
    Removing stm32f10x_exti.o(i.EXTI_ClearFlag), (12 bytes).
    Removing stm32f10x_exti.o(i.EXTI_ClearITPendingBit), (12 bytes).
    Removing stm32f10x_exti.o(i.EXTI_DeInit), (36 bytes).
    Removing stm32f10x_exti.o(i.EXTI_GenerateSWInterrupt), (16 bytes).
    Removing stm32f10x_exti.o(i.EXTI_GetFlagStatus), (24 bytes).
    Removing stm32f10x_exti.o(i.EXTI_GetITStatus), (40 bytes).
    Removing stm32f10x_exti.o(i.EXTI_Init), (148 bytes).
    Removing stm32f10x_exti.o(i.EXTI_StructInit), (16 bytes).
    Removing stm32f10x_flash.o(i.FLASH_ClearFlag), (12 bytes).
    Removing stm32f10x_flash.o(i.FLASH_EnableWriteProtection), (196 bytes).
    Removing stm32f10x_flash.o(i.FLASH_EraseAllBank1Pages), (72 bytes).
    Removing stm32f10x_flash.o(i.FLASH_EraseAllPages), (72 bytes).
    Removing stm32f10x_flash.o(i.FLASH_EraseOptionBytes), (168 bytes).
    Removing stm32f10x_flash.o(i.FLASH_ErasePage), (76 bytes).
    Removing stm32f10x_flash.o(i.FLASH_GetBank1Status), (52 bytes).
    Removing stm32f10x_flash.o(i.FLASH_GetFlagStatus), (48 bytes).
    Removing stm32f10x_flash.o(i.FLASH_GetPrefetchBufferStatus), (24 bytes).
    Removing stm32f10x_flash.o(i.FLASH_GetReadOutProtectionStatus), (24 bytes).
    Removing stm32f10x_flash.o(i.FLASH_GetStatus), (52 bytes).
    Removing stm32f10x_flash.o(i.FLASH_GetUserOptionByte), (12 bytes).
    Removing stm32f10x_flash.o(i.FLASH_GetWriteProtectionOptionByte), (12 bytes).
    Removing stm32f10x_flash.o(i.FLASH_HalfCycleAccessCmd), (28 bytes).
    Removing stm32f10x_flash.o(i.FLASH_ITConfig), (32 bytes).
    Removing stm32f10x_flash.o(i.FLASH_Lock), (20 bytes).
    Removing stm32f10x_flash.o(i.FLASH_LockBank1), (20 bytes).
    Removing stm32f10x_flash.o(i.FLASH_PrefetchBufferCmd), (28 bytes).
    Removing stm32f10x_flash.o(i.FLASH_ProgramHalfWord), (64 bytes).
    Removing stm32f10x_flash.o(i.FLASH_ProgramOptionByteData), (84 bytes).
    Removing stm32f10x_flash.o(i.FLASH_ProgramWord), (108 bytes).
    Removing stm32f10x_flash.o(i.FLASH_ReadOutProtection), (172 bytes).
    Removing stm32f10x_flash.o(i.FLASH_SetLatency), (24 bytes).
    Removing stm32f10x_flash.o(i.FLASH_Unlock), (24 bytes).
    Removing stm32f10x_flash.o(i.FLASH_UnlockBank1), (24 bytes).
    Removing stm32f10x_flash.o(i.FLASH_UserOptionByteConfig), (104 bytes).
    Removing stm32f10x_flash.o(i.FLASH_WaitForLastBank1Operation), (38 bytes).
    Removing stm32f10x_flash.o(i.FLASH_WaitForLastOperation), (38 bytes).
    Removing bsp.o(i.delay), (30 bytes).
    Removing eeprom_1.o(i.EE_FindValidPage), (88 bytes).
    Removing eeprom_1.o(i.EE_Format), (60 bytes).
    Removing eeprom_1.o(i.EE_Init), (16 bytes).
    Removing eeprom_1.o(i.EE_PageTransfer), (244 bytes).
    Removing eeprom_1.o(i.EE_ReadVariable), (96 bytes).
    Removing eeprom_1.o(i.EE_VerifyPageFullWriteVariable), (136 bytes).
    Removing eeprom_1.o(i.EE_WriteVariable), (36 bytes).
    Removing eeprom_1.o(i.InitCurrWrAddress), (100 bytes).
    Removing eeprom_1.o(i.__EE_Init), (504 bytes).
    Removing eeprom_1.o(.data), (8 bytes).
    Removing struct_all_1.o(i.EEPROM_INIT), (24 bytes).
    Removing struct_all_1.o(i.EEPROM_READ_OFFSET), (192 bytes).
    Removing struct_all_1.o(i.EEPROM_SAVE_OFFSET), (148 bytes).
    Removing struct_all_1.o(i.__set_PRIMASK), (6 bytes).
    Removing struct_all_1.o(.data), (24 bytes).
    Removing key.o(i.KEY_Init), (104 bytes).

154 unused section(s) (total 7538 bytes) removed from the image.

==============================================================================

Image Symbol Table

    Local Symbols

    Symbol Name                              Value     Ov Type        Size  Object(Section)

    ../clib/microlib/init/entry.s            0x00000000   Number         0  entry7a.o ABSOLUTE
    ../clib/microlib/init/entry.s            0x00000000   Number         0  entry9b.o ABSOLUTE
    ../clib/microlib/init/entry.s            0x00000000   Number         0  entry10b.o ABSOLUTE
    ../clib/microlib/init/entry.s            0x00000000   Number         0  entry10a.o ABSOLUTE
    ../clib/microlib/init/entry.s            0x00000000   Number         0  entry7b.o ABSOLUTE
    ../clib/microlib/init/entry.s            0x00000000   Number         0  entry11a.o ABSOLUTE
    ../clib/microlib/init/entry.s            0x00000000   Number         0  entry5.o ABSOLUTE
    ../clib/microlib/init/entry.s            0x00000000   Number         0  entry9a.o ABSOLUTE
    ../clib/microlib/init/entry.s            0x00000000   Number         0  entry11b.o ABSOLUTE
    ../clib/microlib/init/entry.s            0x00000000   Number         0  entry8b.o ABSOLUTE
    ../clib/microlib/init/entry.s            0x00000000   Number         0  entry8a.o ABSOLUTE
    ../clib/microlib/init/entry.s            0x00000000   Number         0  entry2.o ABSOLUTE
    ../clib/microlib/init/entry.s            0x00000000   Number         0  entry.o ABSOLUTE
    ../clib/microlib/stubs.s                 0x00000000   Number         0  iusefp.o ABSOLUTE
    ../fplib/microlib/fpdiv.c                0x00000000   Number         0  fdiv.o ABSOLUTE
    ../fplib/microlib/fpepilogue.c           0x00000000   Number         0  fepilogue.o ABSOLUTE
    ../fplib/microlib/fpfix.c                0x00000000   Number         0  ffixui.o ABSOLUTE
    ../fplib/microlib/fpflt.c                0x00000000   Number         0  ffltui.o ABSOLUTE
    ../fplib/microlib/fpmul.c                0x00000000   Number         0  fmul.o ABSOLUTE
    ..\..\Libraries\CMSIS\core_cm3.c         0x00000000   Number         0  core_cm3.o ABSOLUTE
    ..\..\Libraries\CMSIS\startup\startup_stm32f10x_hd.s 0x00000000   Number         0  startup_stm32f10x_hd.o ABSOLUTE
    ..\..\Libraries\CMSIS\system_stm32f10x.c 0x00000000   Number         0  system_stm32f10x.o ABSOLUTE
    ..\..\Libraries\FWlib\src\misc.c         0x00000000   Number         0  misc.o ABSOLUTE
    ..\..\Libraries\FWlib\src\stm32f10x_adc.c 0x00000000   Number         0  stm32f10x_adc.o ABSOLUTE
    ..\..\Libraries\FWlib\src\stm32f10x_dac.c 0x00000000   Number         0  stm32f10x_dac.o ABSOLUTE
    ..\..\Libraries\FWlib\src\stm32f10x_dbgmcu.c 0x00000000   Number         0  stm32f10x_dbgmcu.o ABSOLUTE
    ..\..\Libraries\FWlib\src\stm32f10x_dma.c 0x00000000   Number         0  stm32f10x_dma.o ABSOLUTE
    ..\..\Libraries\FWlib\src\stm32f10x_exti.c 0x00000000   Number         0  stm32f10x_exti.o ABSOLUTE
    ..\..\Libraries\FWlib\src\stm32f10x_flash.c 0x00000000   Number         0  stm32f10x_flash.o ABSOLUTE
    ..\..\Libraries\FWlib\src\stm32f10x_gpio.c 0x00000000   Number         0  stm32f10x_gpio.o ABSOLUTE
    ..\..\Libraries\FWlib\src\stm32f10x_rcc.c 0x00000000   Number         0  stm32f10x_rcc.o ABSOLUTE
    ..\..\User\bsp.c                         0x00000000   Number         0  bsp.o ABSOLUTE
    ..\..\User\main.c                        0x00000000   Number         0  main.o ABSOLUTE
    ..\..\User\user_app\DMA_ADC.c            0x00000000   Number         0  dma_adc_1.o ABSOLUTE
    ..\..\User\user_app\EEPROM.c             0x00000000   Number         0  eeprom_1.o ABSOLUTE
    ..\..\User\user_app\Filter.c             0x00000000   Number         0  filter.o ABSOLUTE
    ..\..\User\user_app\Key.c                0x00000000   Number         0  key.o ABSOLUTE
    ..\..\User\user_app\Struct_All.c         0x00000000   Number         0  struct_all_1.o ABSOLUTE
    ..\\..\\Libraries\\CMSIS\\core_cm3.c     0x00000000   Number         0  core_cm3.o ABSOLUTE
    dc.s                                     0x00000000   Number         0  dc.o ABSOLUTE
    handlers.s                               0x00000000   Number         0  handlers.o ABSOLUTE
    init.s                                   0x00000000   Number         0  init.o ABSOLUTE
    RESET                                    0x08000000   Section      304  startup_stm32f10x_hd.o(RESET)
    .ARM.Collect$$$$00000000                 0x08000130   Section        0  entry.o(.ARM.Collect$$$$00000000)
    .ARM.Collect$$$$00000001                 0x08000130   Section        4  entry2.o(.ARM.Collect$$$$00000001)
    .ARM.Collect$$$$00000004                 0x08000134   Section        4  entry5.o(.ARM.Collect$$$$00000004)
    .ARM.Collect$$$$00000008                 0x08000138   Section        0  entry7b.o(.ARM.Collect$$$$00000008)
    .ARM.Collect$$$$0000000A                 0x08000138   Section        0  entry8b.o(.ARM.Collect$$$$0000000A)
    .ARM.Collect$$$$0000000B                 0x08000138   Section        8  entry9a.o(.ARM.Collect$$$$0000000B)
    .ARM.Collect$$$$0000000D                 0x08000140   Section        0  entry10a.o(.ARM.Collect$$$$0000000D)
    .ARM.Collect$$$$0000000F                 0x08000140   Section        0  entry11a.o(.ARM.Collect$$$$0000000F)
    .ARM.Collect$$$$00002712                 0x08000140   Section        4  entry2.o(.ARM.Collect$$$$00002712)
    __lit__00000000                          0x08000140   Data           4  entry2.o(.ARM.Collect$$$$00002712)
    .text                                    0x08000144   Section       36  startup_stm32f10x_hd.o(.text)
    .text                                    0x08000168   Section        0  fmul.o(.text)
    .text                                    0x080001cc   Section        0  fdiv.o(.text)
    .text                                    0x08000248   Section        0  ffltui.o(.text)
    .text                                    0x08000252   Section        0  ffixui.o(.text)
    .text                                    0x0800027a   Section        0  iusefp.o(.text)
    .text                                    0x0800027a   Section        0  fepilogue.o(.text)
    .text                                    0x080002e8   Section       36  init.o(.text)
    i.ADC1_GPIO_Config                       0x0800030c   Section        0  dma_adc_1.o(i.ADC1_GPIO_Config)
    ADC1_GPIO_Config                         0x0800030d   Thumb Code    56  dma_adc_1.o(i.ADC1_GPIO_Config)
    i.ADC1_Init                              0x08000348   Section        0  dma_adc_1.o(i.ADC1_Init)
    i.ADC1_Mode_Config                       0x08000354   Section        0  dma_adc_1.o(i.ADC1_Mode_Config)
    ADC1_Mode_Config                         0x08000355   Thumb Code   328  dma_adc_1.o(i.ADC1_Mode_Config)
    i.ADC_Cmd                                0x080004a8   Section        0  stm32f10x_adc.o(i.ADC_Cmd)
    i.ADC_DMACmd                             0x080004be   Section        0  stm32f10x_adc.o(i.ADC_DMACmd)
    i.ADC_DeInit                             0x080004d4   Section        0  stm32f10x_adc.o(i.ADC_DeInit)
    i.ADC_GetCalibrationStatus               0x08000530   Section        0  stm32f10x_adc.o(i.ADC_GetCalibrationStatus)
    i.ADC_GetResetCalibrationStatus          0x08000544   Section        0  stm32f10x_adc.o(i.ADC_GetResetCalibrationStatus)
    i.ADC_Init                               0x08000558   Section        0  stm32f10x_adc.o(i.ADC_Init)
    i.ADC_RegularChannelConfig               0x080005a8   Section        0  stm32f10x_adc.o(i.ADC_RegularChannelConfig)
    i.ADC_ResetCalibration                   0x08000660   Section        0  stm32f10x_adc.o(i.ADC_ResetCalibration)
    i.ADC_SoftwareStartConvCmd               0x0800066a   Section        0  stm32f10x_adc.o(i.ADC_SoftwareStartConvCmd)
    i.ADC_StartCalibration                   0x08000680   Section        0  stm32f10x_adc.o(i.ADC_StartCalibration)
    i.ADC_TempSensorVrefintCmd               0x0800068c   Section        0  stm32f10x_adc.o(i.ADC_TempSensorVrefintCmd)
    i.BSP_Int                                0x080006b0   Section        0  bsp.o(i.BSP_Int)
    i.DMA_Cmd                                0x080006bc   Section        0  stm32f10x_dma.o(i.DMA_Cmd)
    i.DMA_DeInit                             0x080006d4   Section        0  stm32f10x_dma.o(i.DMA_DeInit)
    i.DMA_Init                               0x08000820   Section        0  stm32f10x_dma.o(i.DMA_Init)
    i.Do_Offset                              0x0800085c   Section        0  key.o(i.Do_Offset)
    i.GPIO_Init                              0x08000a18   Section        0  stm32f10x_gpio.o(i.GPIO_Init)
    i.GPIO_ResetBits                         0x08000b2e   Section        0  stm32f10x_gpio.o(i.GPIO_ResetBits)
    i.GPIO_SetBits                           0x08000b32   Section        0  stm32f10x_gpio.o(i.GPIO_SetBits)
    i.LED_Config                             0x08000b38   Section        0  bsp.o(i.LED_Config)
    i.LED_Ctrl                               0x08000b64   Section        0  bsp.o(i.LED_Ctrl)
    i.RCC_ADCCLKConfig                       0x08000b9c   Section        0  stm32f10x_rcc.o(i.RCC_ADCCLKConfig)
    i.RCC_AHBPeriphClockCmd                  0x08000bb4   Section        0  stm32f10x_rcc.o(i.RCC_AHBPeriphClockCmd)
    i.RCC_APB2PeriphClockCmd                 0x08000bd4   Section        0  stm32f10x_rcc.o(i.RCC_APB2PeriphClockCmd)
    i.RCC_APB2PeriphResetCmd                 0x08000bf4   Section        0  stm32f10x_rcc.o(i.RCC_APB2PeriphResetCmd)
    i.RC_Limit                               0x08000c14   Section        0  filter.o(i.RC_Limit)
    i.Rc_Filter                              0x08000d14   Section        0  filter.o(i.Rc_Filter)
    i.SetSysClock                            0x08000f44   Section        0  system_stm32f10x.o(i.SetSysClock)
    SetSysClock                              0x08000f45   Thumb Code     8  system_stm32f10x.o(i.SetSysClock)
    i.SetSysClockTo72                        0x08000f4c   Section        0  system_stm32f10x.o(i.SetSysClockTo72)
    SetSysClockTo72                          0x08000f4d   Thumb Code   214  system_stm32f10x.o(i.SetSysClockTo72)
    i.SystemInit                             0x0800102c   Section        0  system_stm32f10x.o(i.SystemInit)
    i.__scatterload_copy                     0x0800108c   Section       14  handlers.o(i.__scatterload_copy)
    i.__scatterload_null                     0x0800109a   Section        2  handlers.o(i.__scatterload_null)
    i.__scatterload_zeroinit                 0x0800109c   Section       14  handlers.o(i.__scatterload_zeroinit)
    i.main                                   0x080010aa   Section        0  main.o(i.main)
    .data                                    0x20000000   Section        4  dma_adc_1.o(.data)
    .data                                    0x20000004   Section        1  filter.o(.data)
    Filter_count                             0x20000004   Data           1  filter.o(.data)
    .data                                    0x20000008   Section       48  key.o(.data)
    count                                    0x2000001a   Data           1  key.o(.data)
    count0                                   0x2000001c   Data           4  key.o(.data)
    count1                                   0x20000020   Data           4  key.o(.data)
    count2                                   0x20000024   Data           4  key.o(.data)
    count3                                   0x20000028   Data           4  key.o(.data)
    count4                                   0x2000002c   Data           4  key.o(.data)
    count5                                   0x20000030   Data           4  key.o(.data)
    count6                                   0x20000034   Data           4  key.o(.data)
    .bss                                     0x20000038   Section       18  dma_adc_1.o(.bss)
    .bss                                     0x2000004a   Section       60  struct_all_1.o(.bss)
    .bss                                     0x20000086   Section       40  filter.o(.bss)
    Filter_A                                 0x20000086   Data          10  filter.o(.bss)
    Filter_B                                 0x20000090   Data          10  filter.o(.bss)
    Filter_C                                 0x2000009a   Data          10  filter.o(.bss)
    Filter_D                                 0x200000a4   Data          10  filter.o(.bss)
    STACK                                    0x200000b0   Section     1024  startup_stm32f10x_hd.o(STACK)

    Global Symbols

    Symbol Name                              Value     Ov Type        Size  Object(Section)

    BuildAttributes$$THM_ISAv4$P$D$K$B$S$PE$A:L22UL41UL21$X:L11$S22US41US21$IEEE1$IW$USESV6$~STKCKD$USESV7$~SHL$OTIME$ROPI$EBA8$MICROLIB$REQ8$PRES8$EABIv2 0x00000000   Number         0  anon$$obj.o ABSOLUTE
    __ARM_use_no_argv                        0x00000000   Number         0  main.o ABSOLUTE
    __cpp_initialize__aeabi_                  - Undefined Weak Reference
    __cxa_finalize                            - Undefined Weak Reference
    __decompress                              - Undefined Weak Reference
    _clock_init                               - Undefined Weak Reference
    _microlib_exit                            - Undefined Weak Reference
    __Vectors_Size                           0x00000130   Number         0  startup_stm32f10x_hd.o ABSOLUTE
    __Vectors                                0x08000000   Data           4  startup_stm32f10x_hd.o(RESET)
    __Vectors_End                            0x08000130   Data           0  startup_stm32f10x_hd.o(RESET)
    __main                                   0x08000131   Thumb Code     0  entry.o(.ARM.Collect$$$$00000000)
    _main_stk                                0x08000131   Thumb Code     0  entry2.o(.ARM.Collect$$$$00000001)
    _main_scatterload                        0x08000135   Thumb Code     0  entry5.o(.ARM.Collect$$$$00000004)
    __main_after_scatterload                 0x08000139   Thumb Code     0  entry5.o(.ARM.Collect$$$$00000004)
    _main_clock                              0x08000139   Thumb Code     0  entry7b.o(.ARM.Collect$$$$00000008)
    _main_cpp_init                           0x08000139   Thumb Code     0  entry8b.o(.ARM.Collect$$$$0000000A)
    _main_init                               0x08000139   Thumb Code     0  entry9a.o(.ARM.Collect$$$$0000000B)
    __rt_final_cpp                           0x08000141   Thumb Code     0  entry10a.o(.ARM.Collect$$$$0000000D)
    __rt_final_exit                          0x08000141   Thumb Code     0  entry11a.o(.ARM.Collect$$$$0000000F)
    Reset_Handler                            0x08000145   Thumb Code     8  startup_stm32f10x_hd.o(.text)
    NMI_Handler                              0x0800014d   Thumb Code     2  startup_stm32f10x_hd.o(.text)
    HardFault_Handler                        0x0800014f   Thumb Code     2  startup_stm32f10x_hd.o(.text)
    MemManage_Handler                        0x08000151   Thumb Code     2  startup_stm32f10x_hd.o(.text)
    BusFault_Handler                         0x08000153   Thumb Code     2  startup_stm32f10x_hd.o(.text)
    UsageFault_Handler                       0x08000155   Thumb Code     2  startup_stm32f10x_hd.o(.text)
    SVC_Handler                              0x08000157   Thumb Code     2  startup_stm32f10x_hd.o(.text)
    DebugMon_Handler                         0x08000159   Thumb Code     2  startup_stm32f10x_hd.o(.text)
    PendSV_Handler                           0x0800015b   Thumb Code     2  startup_stm32f10x_hd.o(.text)
    SysTick_Handler                          0x0800015d   Thumb Code     2  startup_stm32f10x_hd.o(.text)
    ADC1_2_IRQHandler                        0x0800015f   Thumb Code     0  startup_stm32f10x_hd.o(.text)
    ADC3_IRQHandler                          0x0800015f   Thumb Code     0  startup_stm32f10x_hd.o(.text)
    CAN1_RX1_IRQHandler                      0x0800015f   Thumb Code     0  startup_stm32f10x_hd.o(.text)
    CAN1_SCE_IRQHandler                      0x0800015f   Thumb Code     0  startup_stm32f10x_hd.o(.text)
    DMA1_Channel1_IRQHandler                 0x0800015f   Thumb Code     0  startup_stm32f10x_hd.o(.text)
    DMA1_Channel2_IRQHandler                 0x0800015f   Thumb Code     0  startup_stm32f10x_hd.o(.text)
    DMA1_Channel3_IRQHandler                 0x0800015f   Thumb Code     0  startup_stm32f10x_hd.o(.text)
    DMA1_Channel4_IRQHandler                 0x0800015f   Thumb Code     0  startup_stm32f10x_hd.o(.text)
    DMA1_Channel5_IRQHandler                 0x0800015f   Thumb Code     0  startup_stm32f10x_hd.o(.text)
    DMA1_Channel6_IRQHandler                 0x0800015f   Thumb Code     0  startup_stm32f10x_hd.o(.text)
    DMA1_Channel7_IRQHandler                 0x0800015f   Thumb Code     0  startup_stm32f10x_hd.o(.text)
    DMA2_Channel1_IRQHandler                 0x0800015f   Thumb Code     0  startup_stm32f10x_hd.o(.text)
    DMA2_Channel2_IRQHandler                 0x0800015f   Thumb Code     0  startup_stm32f10x_hd.o(.text)
    DMA2_Channel3_IRQHandler                 0x0800015f   Thumb Code     0  startup_stm32f10x_hd.o(.text)
    DMA2_Channel4_5_IRQHandler               0x0800015f   Thumb Code     0  startup_stm32f10x_hd.o(.text)
    EXTI0_IRQHandler                         0x0800015f   Thumb Code     0  startup_stm32f10x_hd.o(.text)
    EXTI15_10_IRQHandler                     0x0800015f   Thumb Code     0  startup_stm32f10x_hd.o(.text)
    EXTI1_IRQHandler                         0x0800015f   Thumb Code     0  startup_stm32f10x_hd.o(.text)
    EXTI2_IRQHandler                         0x0800015f   Thumb Code     0  startup_stm32f10x_hd.o(.text)
    EXTI3_IRQHandler                         0x0800015f   Thumb Code     0  startup_stm32f10x_hd.o(.text)
    EXTI4_IRQHandler                         0x0800015f   Thumb Code     0  startup_stm32f10x_hd.o(.text)
    EXTI9_5_IRQHandler                       0x0800015f   Thumb Code     0  startup_stm32f10x_hd.o(.text)
    FLASH_IRQHandler                         0x0800015f   Thumb Code     0  startup_stm32f10x_hd.o(.text)
    FSMC_IRQHandler                          0x0800015f   Thumb Code     0  startup_stm32f10x_hd.o(.text)
    I2C1_ER_IRQHandler                       0x0800015f   Thumb Code     0  startup_stm32f10x_hd.o(.text)
    I2C1_EV_IRQHandler                       0x0800015f   Thumb Code     0  startup_stm32f10x_hd.o(.text)
    I2C2_ER_IRQHandler                       0x0800015f   Thumb Code     0  startup_stm32f10x_hd.o(.text)
    I2C2_EV_IRQHandler                       0x0800015f   Thumb Code     0  startup_stm32f10x_hd.o(.text)
    PVD_IRQHandler                           0x0800015f   Thumb Code     0  startup_stm32f10x_hd.o(.text)
    RCC_IRQHandler                           0x0800015f   Thumb Code     0  startup_stm32f10x_hd.o(.text)
    RTCAlarm_IRQHandler                      0x0800015f   Thumb Code     0  startup_stm32f10x_hd.o(.text)
    RTC_IRQHandler                           0x0800015f   Thumb Code     0  startup_stm32f10x_hd.o(.text)
    SDIO_IRQHandler                          0x0800015f   Thumb Code     0  startup_stm32f10x_hd.o(.text)
    SPI1_IRQHandler                          0x0800015f   Thumb Code     0  startup_stm32f10x_hd.o(.text)
    SPI2_IRQHandler                          0x0800015f   Thumb Code     0  startup_stm32f10x_hd.o(.text)
    SPI3_IRQHandler                          0x0800015f   Thumb Code     0  startup_stm32f10x_hd.o(.text)
    TAMPER_IRQHandler                        0x0800015f   Thumb Code     0  startup_stm32f10x_hd.o(.text)
    TIM1_BRK_IRQHandler                      0x0800015f   Thumb Code     0  startup_stm32f10x_hd.o(.text)
    TIM1_CC_IRQHandler                       0x0800015f   Thumb Code     0  startup_stm32f10x_hd.o(.text)
    TIM1_TRG_COM_IRQHandler                  0x0800015f   Thumb Code     0  startup_stm32f10x_hd.o(.text)
    TIM1_UP_IRQHandler                       0x0800015f   Thumb Code     0  startup_stm32f10x_hd.o(.text)
    TIM2_IRQHandler                          0x0800015f   Thumb Code     0  startup_stm32f10x_hd.o(.text)
    TIM3_IRQHandler                          0x0800015f   Thumb Code     0  startup_stm32f10x_hd.o(.text)
    TIM4_IRQHandler                          0x0800015f   Thumb Code     0  startup_stm32f10x_hd.o(.text)
    TIM5_IRQHandler                          0x0800015f   Thumb Code     0  startup_stm32f10x_hd.o(.text)
    TIM6_IRQHandler                          0x0800015f   Thumb Code     0  startup_stm32f10x_hd.o(.text)
    TIM7_IRQHandler                          0x0800015f   Thumb Code     0  startup_stm32f10x_hd.o(.text)
    TIM8_BRK_IRQHandler                      0x0800015f   Thumb Code     0  startup_stm32f10x_hd.o(.text)
    TIM8_CC_IRQHandler                       0x0800015f   Thumb Code     0  startup_stm32f10x_hd.o(.text)
    TIM8_TRG_COM_IRQHandler                  0x0800015f   Thumb Code     0  startup_stm32f10x_hd.o(.text)
    TIM8_UP_IRQHandler                       0x0800015f   Thumb Code     0  startup_stm32f10x_hd.o(.text)
    UART4_IRQHandler                         0x0800015f   Thumb Code     0  startup_stm32f10x_hd.o(.text)
    UART5_IRQHandler                         0x0800015f   Thumb Code     0  startup_stm32f10x_hd.o(.text)
    USART1_IRQHandler                        0x0800015f   Thumb Code     0  startup_stm32f10x_hd.o(.text)
    USART2_IRQHandler                        0x0800015f   Thumb Code     0  startup_stm32f10x_hd.o(.text)
    USART3_IRQHandler                        0x0800015f   Thumb Code     0  startup_stm32f10x_hd.o(.text)
    USBWakeUp_IRQHandler                     0x0800015f   Thumb Code     0  startup_stm32f10x_hd.o(.text)
    USB_HP_CAN1_TX_IRQHandler                0x0800015f   Thumb Code     0  startup_stm32f10x_hd.o(.text)
    USB_LP_CAN1_RX0_IRQHandler               0x0800015f   Thumb Code     0  startup_stm32f10x_hd.o(.text)
    WWDG_IRQHandler                          0x0800015f   Thumb Code     0  startup_stm32f10x_hd.o(.text)
    __aeabi_fmul                             0x08000169   Thumb Code   100  fmul.o(.text)
    __aeabi_fdiv                             0x080001cd   Thumb Code   124  fdiv.o(.text)
    __aeabi_ui2f                             0x08000249   Thumb Code    10  ffltui.o(.text)
    __aeabi_f2uiz                            0x08000253   Thumb Code    40  ffixui.o(.text)
    __I$use$fp                               0x0800027b   Thumb Code     0  iusefp.o(.text)
    _float_round                             0x0800027b   Thumb Code    18  fepilogue.o(.text)
    _float_epilogue                          0x0800028d   Thumb Code    92  fepilogue.o(.text)
    __scatterload                            0x080002e9   Thumb Code    28  init.o(.text)
    __scatterload_rt2                        0x080002e9   Thumb Code     0  init.o(.text)
    ADC1_Init                                0x08000349   Thumb Code    12  dma_adc_1.o(i.ADC1_Init)
    ADC_Cmd                                  0x080004a9   Thumb Code    22  stm32f10x_adc.o(i.ADC_Cmd)
    ADC_DMACmd                               0x080004bf   Thumb Code    22  stm32f10x_adc.o(i.ADC_DMACmd)
    ADC_DeInit                               0x080004d5   Thumb Code    78  stm32f10x_adc.o(i.ADC_DeInit)
    ADC_GetCalibrationStatus                 0x08000531   Thumb Code    20  stm32f10x_adc.o(i.ADC_GetCalibrationStatus)
    ADC_GetResetCalibrationStatus            0x08000545   Thumb Code    20  stm32f10x_adc.o(i.ADC_GetResetCalibrationStatus)
    ADC_Init                                 0x08000559   Thumb Code    70  stm32f10x_adc.o(i.ADC_Init)
    ADC_RegularChannelConfig                 0x080005a9   Thumb Code   184  stm32f10x_adc.o(i.ADC_RegularChannelConfig)
    ADC_ResetCalibration                     0x08000661   Thumb Code    10  stm32f10x_adc.o(i.ADC_ResetCalibration)
    ADC_SoftwareStartConvCmd                 0x0800066b   Thumb Code    22  stm32f10x_adc.o(i.ADC_SoftwareStartConvCmd)
    ADC_StartCalibration                     0x08000681   Thumb Code    10  stm32f10x_adc.o(i.ADC_StartCalibration)
    ADC_TempSensorVrefintCmd                 0x0800068d   Thumb Code    30  stm32f10x_adc.o(i.ADC_TempSensorVrefintCmd)
    BSP_Int                                  0x080006b1   Thumb Code    12  bsp.o(i.BSP_Int)
    DMA_Cmd                                  0x080006bd   Thumb Code    24  stm32f10x_dma.o(i.DMA_Cmd)
    DMA_DeInit                               0x080006d5   Thumb Code   324  stm32f10x_dma.o(i.DMA_DeInit)
    DMA_Init                                 0x08000821   Thumb Code    60  stm32f10x_dma.o(i.DMA_Init)
    Do_Offset                                0x0800085d   Thumb Code   376  key.o(i.Do_Offset)
    GPIO_Init                                0x08000a19   Thumb Code   278  stm32f10x_gpio.o(i.GPIO_Init)
    GPIO_ResetBits                           0x08000b2f   Thumb Code     4  stm32f10x_gpio.o(i.GPIO_ResetBits)
    GPIO_SetBits                             0x08000b33   Thumb Code     4  stm32f10x_gpio.o(i.GPIO_SetBits)
    LED_Config                               0x08000b39   Thumb Code    40  bsp.o(i.LED_Config)
    LED_Ctrl                                 0x08000b65   Thumb Code    44  bsp.o(i.LED_Ctrl)
    RCC_ADCCLKConfig                         0x08000b9d   Thumb Code    18  stm32f10x_rcc.o(i.RCC_ADCCLKConfig)
    RCC_AHBPeriphClockCmd                    0x08000bb5   Thumb Code    26  stm32f10x_rcc.o(i.RCC_AHBPeriphClockCmd)
    RCC_APB2PeriphClockCmd                   0x08000bd5   Thumb Code    26  stm32f10x_rcc.o(i.RCC_APB2PeriphClockCmd)
    RCC_APB2PeriphResetCmd                   0x08000bf5   Thumb Code    26  stm32f10x_rcc.o(i.RCC_APB2PeriphResetCmd)
    RC_Limit                                 0x08000c15   Thumb Code   254  filter.o(i.RC_Limit)
    Rc_Filter                                0x08000d15   Thumb Code   496  filter.o(i.Rc_Filter)
    SystemInit                               0x0800102d   Thumb Code    78  system_stm32f10x.o(i.SystemInit)
    __scatterload_copy                       0x0800108d   Thumb Code    14  handlers.o(i.__scatterload_copy)
    __scatterload_null                       0x0800109b   Thumb Code     2  handlers.o(i.__scatterload_null)
    __scatterload_zeroinit                   0x0800109d   Thumb Code    14  handlers.o(i.__scatterload_zeroinit)
    main                                     0x080010ab   Thumb Code    12  main.o(i.main)
    Region$$Table$$Base                      0x080010b8   Number         0  anon$$obj.o(Region$$Table)
    Region$$Table$$Limit                     0x080010d8   Number         0  anon$$obj.o(Region$$Table)
    Battery_Fly                              0x20000000   Data           2  dma_adc_1.o(.data)
    Battery_Rc                               0x20000002   Data           2  dma_adc_1.o(.data)
    offset                                   0x20000008   Data           1  key.o(.data)
    offset0                                  0x2000000a   Data           2  key.o(.data)
    offset1                                  0x2000000c   Data           2  key.o(.data)
    offset2                                  0x2000000e   Data           2  key.o(.data)
    offset3                                  0x20000010   Data           2  key.o(.data)
    offset4                                  0x20000012   Data           2  key.o(.data)
    offset5                                  0x20000014   Data           2  key.o(.data)
    offset6                                  0x20000016   Data           2  key.o(.data)
    Mode                                     0x20000018   Data           1  key.o(.data)
    Fun                                      0x20000019   Data           1  key.o(.data)
    ADC_Value                                0x20000038   Data          18  dma_adc_1.o(.bss)
    pid                                      0x2000004a   Data          27  struct_all_1.o(.bss)
    Rc                                       0x20000066   Data          16  struct_all_1.o(.bss)
    Filter_Rc                                0x20000076   Data          16  struct_all_1.o(.bss)
    __initial_sp                             0x200004b0   Data           0  startup_stm32f10x_hd.o(STACK)



==============================================================================

Memory Map of the image

  Image Entry point : 0x08000131

  Load Region LR_IROM1 (Base: 0x08000000, Size: 0x00001110, Max: 0x00080000, ABSOLUTE)

    Execution Region ER_IROM1 (Base: 0x08000000, Size: 0x000010d8, Max: 0x00080000, ABSOLUTE)

    Base Addr    Size         Type   Attr      Idx    E Section Name        Object

    0x08000000   0x00000130   Data   RO            3    RESET               startup_stm32f10x_hd.o
    0x08000130   0x00000000   Code   RO         1366  * .ARM.Collect$$$$00000000  mc_w.l(entry.o)
    0x08000130   0x00000004   Code   RO         1377    .ARM.Collect$$$$00000001  mc_w.l(entry2.o)
    0x08000134   0x00000004   Code   RO         1380    .ARM.Collect$$$$00000004  mc_w.l(entry5.o)
    0x08000138   0x00000000   Code   RO         1382    .ARM.Collect$$$$00000008  mc_w.l(entry7b.o)
    0x08000138   0x00000000   Code   RO         1384    .ARM.Collect$$$$0000000A  mc_w.l(entry8b.o)
    0x08000138   0x00000008   Code   RO         1385    .ARM.Collect$$$$0000000B  mc_w.l(entry9a.o)
    0x08000140   0x00000000   Code   RO         1387    .ARM.Collect$$$$0000000D  mc_w.l(entry10a.o)
    0x08000140   0x00000000   Code   RO         1389    .ARM.Collect$$$$0000000F  mc_w.l(entry11a.o)
    0x08000140   0x00000004   Code   RO         1378    .ARM.Collect$$$$00002712  mc_w.l(entry2.o)
    0x08000144   0x00000024   Code   RO            4    .text               startup_stm32f10x_hd.o
    0x08000168   0x00000064   Code   RO         1369    .text               mf_w.l(fmul.o)
    0x080001cc   0x0000007c   Code   RO         1371    .text               mf_w.l(fdiv.o)
    0x08000248   0x0000000a   Code   RO         1373    .text               mf_w.l(ffltui.o)
    0x08000252   0x00000028   Code   RO         1375    .text               mf_w.l(ffixui.o)
    0x0800027a   0x00000000   Code   RO         1391    .text               mc_w.l(iusefp.o)
    0x0800027a   0x0000006e   Code   RO         1392    .text               mf_w.l(fepilogue.o)
    0x080002e8   0x00000024   Code   RO         1394    .text               mc_w.l(init.o)
    0x0800030c   0x0000003c   Code   RO         1175    i.ADC1_GPIO_Config  dma_adc_1.o
    0x08000348   0x0000000c   Code   RO         1176    i.ADC1_Init         dma_adc_1.o
    0x08000354   0x00000154   Code   RO         1177    i.ADC1_Mode_Config  dma_adc_1.o
    0x080004a8   0x00000016   Code   RO          497    i.ADC_Cmd           stm32f10x_adc.o
    0x080004be   0x00000016   Code   RO          498    i.ADC_DMACmd        stm32f10x_adc.o
    0x080004d4   0x0000005c   Code   RO          499    i.ADC_DeInit        stm32f10x_adc.o
    0x08000530   0x00000014   Code   RO          505    i.ADC_GetCalibrationStatus  stm32f10x_adc.o
    0x08000544   0x00000014   Code   RO          511    i.ADC_GetResetCalibrationStatus  stm32f10x_adc.o
    0x08000558   0x00000050   Code   RO          515    i.ADC_Init          stm32f10x_adc.o
    0x080005a8   0x000000b8   Code   RO          519    i.ADC_RegularChannelConfig  stm32f10x_adc.o
    0x08000660   0x0000000a   Code   RO          520    i.ADC_ResetCalibration  stm32f10x_adc.o
    0x0800066a   0x00000016   Code   RO          522    i.ADC_SoftwareStartConvCmd  stm32f10x_adc.o
    0x08000680   0x0000000a   Code   RO          524    i.ADC_StartCalibration  stm32f10x_adc.o
    0x0800068a   0x00000002   PAD
    0x0800068c   0x00000024   Code   RO          526    i.ADC_TempSensorVrefintCmd  stm32f10x_adc.o
    0x080006b0   0x0000000c   Code   RO         1145    i.BSP_Int           bsp.o
    0x080006bc   0x00000018   Code   RO          715    i.DMA_Cmd           stm32f10x_dma.o
    0x080006d4   0x0000014c   Code   RO          716    i.DMA_DeInit        stm32f10x_dma.o
    0x08000820   0x0000003c   Code   RO          721    i.DMA_Init          stm32f10x_dma.o
    0x0800085c   0x000001bc   Code   RO         1342    i.Do_Offset         key.o
    0x08000a18   0x00000116   Code   RO          183    i.GPIO_Init         stm32f10x_gpio.o
    0x08000b2e   0x00000004   Code   RO          190    i.GPIO_ResetBits    stm32f10x_gpio.o
    0x08000b32   0x00000004   Code   RO          191    i.GPIO_SetBits      stm32f10x_gpio.o
    0x08000b36   0x00000002   PAD
    0x08000b38   0x0000002c   Code   RO         1146    i.LED_Config        bsp.o
    0x08000b64   0x00000038   Code   RO         1147    i.LED_Ctrl          bsp.o
    0x08000b9c   0x00000018   Code   RO          291    i.RCC_ADCCLKConfig  stm32f10x_rcc.o
    0x08000bb4   0x00000020   Code   RO          292    i.RCC_AHBPeriphClockCmd  stm32f10x_rcc.o
    0x08000bd4   0x00000020   Code   RO          295    i.RCC_APB2PeriphClockCmd  stm32f10x_rcc.o
    0x08000bf4   0x00000020   Code   RO          296    i.RCC_APB2PeriphResetCmd  stm32f10x_rcc.o
    0x08000c14   0x000000fe   Code   RO         1318    i.RC_Limit          filter.o
    0x08000d12   0x00000002   PAD
    0x08000d14   0x00000230   Code   RO         1319    i.Rc_Filter         filter.o
    0x08000f44   0x00000008   Code   RO           24    i.SetSysClock       system_stm32f10x.o
    0x08000f4c   0x000000e0   Code   RO           25    i.SetSysClockTo72   system_stm32f10x.o
    0x0800102c   0x00000060   Code   RO           27    i.SystemInit        system_stm32f10x.o
    0x0800108c   0x0000000e   Code   RO         1398    i.__scatterload_copy  mc_w.l(handlers.o)
    0x0800109a   0x00000002   Code   RO         1399    i.__scatterload_null  mc_w.l(handlers.o)
    0x0800109c   0x0000000e   Code   RO         1400    i.__scatterload_zeroinit  mc_w.l(handlers.o)
    0x080010aa   0x0000000c   Code   RO         1115    i.main              main.o
    0x080010b6   0x00000002   PAD
    0x080010b8   0x00000020   Data   RO         1396    Region$$Table       anon$$obj.o


    Execution Region RW_IRAM1 (Base: 0x20000000, Size: 0x000004b0, Max: 0x00010000, ABSOLUTE)

    Base Addr    Size         Type   Attr      Idx    E Section Name        Object

    0x20000000   0x00000004   Data   RW         1179    .data               dma_adc_1.o
    0x20000004   0x00000001   Data   RW         1321    .data               filter.o
    0x20000005   0x00000003   PAD
    0x20000008   0x00000030   Data   RW         1344    .data               key.o
    0x20000038   0x00000012   Zero   RW         1178    .bss                dma_adc_1.o
    0x2000004a   0x0000003c   Zero   RW         1278    .bss                struct_all_1.o
    0x20000086   0x00000028   Zero   RW         1320    .bss                filter.o
    0x200000ae   0x00000002   PAD
    0x200000b0   0x00000400   Zero   RW            1    STACK               startup_stm32f10x_hd.o


==============================================================================

Image component sizes


      Code (inc. data)   RO Data    RW Data    ZI Data      Debug   Object Name

       112         16          0          0          0       1362   bsp.o
         0          0          0          0          0       4504   core_cm3.o
       412         16          0          4         18       2283   dma_adc_1.o
       814         64          0          1         40       2834   filter.o
       444         68          0         48          0       1294   key.o
        12          0          0          0          0        439   main.o
        36          8        304          0       1024        864   startup_stm32f10x_hd.o
       518         30          0          0          0       8533   stm32f10x_adc.o
       416          8          0          0          0       3458   stm32f10x_dma.o
       286          0          0          0          0       3056   stm32f10x_gpio.o
       120         24          0          0          0       2281   stm32f10x_rcc.o
         0          0          0          0         60       1612   struct_all_1.o
       328         28          0          0          0     232449   system_stm32f10x.o

    ----------------------------------------------------------------------
      3506        262        336         56       1144     264969   Object Totals
         0          0         32          0          0          0   (incl. Generated)
         8          0          0          3          2          0   (incl. Padding)

    ----------------------------------------------------------------------

      Code (inc. data)   RO Data    RW Data    ZI Data      Debug   Library Member Name

         0          0          0          0          0          0   entry.o
         0          0          0          0          0          0   entry10a.o
         0          0          0          0          0          0   entry11a.o
         8          4          0          0          0          0   entry2.o
         4          0          0          0          0          0   entry5.o
         0          0          0          0          0          0   entry7b.o
         0          0          0          0          0          0   entry8b.o
         8          4          0          0          0          0   entry9a.o
        30          0          0          0          0          0   handlers.o
        36          8          0          0          0         68   init.o
         0          0          0          0          0          0   iusefp.o
       124          0          0          0          0         88   fdiv.o
       110          0          0          0          0        168   fepilogue.o
        40          0          0          0          0         68   ffixui.o
        10          0          0          0          0         68   ffltui.o
       100          0          0          0          0         76   fmul.o

    ----------------------------------------------------------------------
       470         16          0          0          0        536   Library Totals
         0          0          0          0          0          0   (incl. Padding)

    ----------------------------------------------------------------------

      Code (inc. data)   RO Data    RW Data    ZI Data      Debug   Library Name

        86         16          0          0          0         68   mc_w.l
       384          0          0          0          0        468   mf_w.l

    ----------------------------------------------------------------------
       470         16          0          0          0        536   Library Totals

    ----------------------------------------------------------------------

==============================================================================


      Code (inc. data)   RO Data    RW Data    ZI Data      Debug   

      3976        278        336         56       1144     263837   Grand Totals
      3976        278        336         56       1144     263837   ELF Image Totals
      3976        278        336         56          0          0   ROM Totals

==============================================================================

    Total RO  Size (Code + RO Data)                 4312 (   4.21kB)
    Total RW  Size (RW Data + ZI Data)              1200 (   1.17kB)
    Total ROM Size (Code + RO Data + RW Data)       4368 (   4.27kB)

==============================================================================

