Component: ARM Compiler 5.05 update 2 (build 169) Tool: armlink [4d0f33]

==============================================================================

Section Cross References

    startup_stm32f10x_md.o(STACK) refers (Special) to heapauxi.o(.text) for __use_two_region_memory
    startup_stm32f10x_md.o(HEAP) refers (Special) to heapauxi.o(.text) for __use_two_region_memory
    startup_stm32f10x_md.o(RESET) refers (Special) to heapauxi.o(.text) for __use_two_region_memory
    startup_stm32f10x_md.o(RESET) refers to startup_stm32f10x_md.o(STACK) for __initial_sp
    startup_stm32f10x_md.o(RESET) refers to startup_stm32f10x_md.o(.text) for Reset_Handler
    startup_stm32f10x_md.o(RESET) refers to stm32f10x_it.o(i.NMI_Handler) for NMI_Handler
    startup_stm32f10x_md.o(RESET) refers to stm32f10x_it.o(i.HardFault_Handler) for HardFault_Handler
    startup_stm32f10x_md.o(RESET) refers to stm32f10x_it.o(i.MemManage_Handler) for MemManage_Handler
    startup_stm32f10x_md.o(RESET) refers to stm32f10x_it.o(i.BusFault_Handler) for BusFault_Handler
    startup_stm32f10x_md.o(RESET) refers to stm32f10x_it.o(i.UsageFault_Handler) for UsageFault_Handler
    startup_stm32f10x_md.o(RESET) refers to stm32f10x_it.o(i.SVC_Handler) for SVC_Handler
    startup_stm32f10x_md.o(RESET) refers to stm32f10x_it.o(i.DebugMon_Handler) for DebugMon_Handler
    startup_stm32f10x_md.o(RESET) refers to stm32f10x_it.o(i.PendSV_Handler) for PendSV_Handler
    startup_stm32f10x_md.o(RESET) refers to stm32f10x_it.o(i.EXTI0_IRQHandler) for EXTI0_IRQHandler
    startup_stm32f10x_md.o(RESET) refers to stm32f10x_it.o(i.TIM3_IRQHandler) for TIM3_IRQHandler
    startup_stm32f10x_md.o(RESET) refers to uart.o(i.USART1_IRQHandler) for USART1_IRQHandler
    startup_stm32f10x_md.o(.text) refers (Special) to heapauxi.o(.text) for __use_two_region_memory
    startup_stm32f10x_md.o(.text) refers to system_stm32f10x.o(i.SystemInit) for SystemInit
    startup_stm32f10x_md.o(.text) refers to __main.o(!!!main) for __main
    startup_stm32f10x_md.o(.text) refers to startup_stm32f10x_md.o(HEAP) for Heap_Mem
    startup_stm32f10x_md.o(.text) refers to startup_stm32f10x_md.o(STACK) for Stack_Mem
    main.o(i.Fly_Ctrl_Func) refers to motor.o(i.Motor_Out) for Motor_Out
    main.o(i.Fly_Ctrl_Func) refers to spi_nrf24l01.o(.bss) for NRF24L01_RXDATA
    main.o(i.main) refers to tasks.o(i.BSP_Int) for BSP_Int
    main.o(i.main) refers to tasks.o(i.Task_1000HZ) for Task_1000HZ
    main.o(i.main) refers to tasks.o(i.Task_500HZ) for Task_500HZ
    main.o(i.main) refers to tasks.o(i.Task_250HZ) for Task_250HZ
    main.o(i.main) refers to stm32f10x_it.o(.data) for Count_1ms
    stm32f10x_it.o(i.EXTI0_IRQHandler) refers to stm32f10x_exti.o(i.EXTI_GetITStatus) for EXTI_GetITStatus
    stm32f10x_it.o(i.EXTI0_IRQHandler) refers to stm32f10x_exti.o(i.EXTI_ClearITPendingBit) for EXTI_ClearITPendingBit
    stm32f10x_it.o(i.EXTI0_IRQHandler) refers to spi_nrf24l01.o(i.NRF24L01_IRQ) for NRF24L01_IRQ
    stm32f10x_it.o(i.TIM3_IRQHandler) refers to tasks.o(.data) for Bsp_Int_Ok
    stm32f10x_it.o(i.TIM3_IRQHandler) refers to timer3.o(.data) for Timer3_Count
    stm32f10x_it.o(i.TIM3_IRQHandler) refers to stm32f10x_it.o(.data) for Count_1ms
    system_stm32f10x.o(i.SetSysClock) refers to system_stm32f10x.o(i.SetSysClockTo72) for SetSysClockTo72
    system_stm32f10x.o(i.SystemCoreClockUpdate) refers to system_stm32f10x.o(.data) for SystemCoreClock
    system_stm32f10x.o(i.SystemInit) refers to system_stm32f10x.o(i.SetSysClock) for SetSysClock
    imu.o(i.Get_Eulerian_Angle) refers to fmul.o(x$fpl$fmul) for __aeabi_fmul
    imu.o(i.Get_Eulerian_Angle) refers to faddsub_clz.o(x$fpl$fsub) for __aeabi_fsub
    imu.o(i.Get_Eulerian_Angle) refers to faddsub_clz.o(x$fpl$fadd) for __aeabi_fadd
    imu.o(i.Get_Eulerian_Angle) refers to f2d.o(x$fpl$f2d) for __aeabi_f2d
    imu.o(i.Get_Eulerian_Angle) refers to atan2.o(i.atan2) for atan2
    imu.o(i.Get_Eulerian_Angle) refers to dmul.o(x$fpl$dmul) for __aeabi_dmul
    imu.o(i.Get_Eulerian_Angle) refers to d2f.o(x$fpl$d2f) for __aeabi_d2f
    imu.o(i.Get_Eulerian_Angle) refers to asin.o(i.asin) for asin
    imu.o(i.Get_Eulerian_Angle) refers to imu.o(.data) for q3
    imu.o(i.IMUupdate) refers to fmul.o(x$fpl$fmul) for __aeabi_fmul
    imu.o(i.IMUupdate) refers to faddsub_clz.o(x$fpl$fadd) for __aeabi_fadd
    imu.o(i.IMUupdate) refers to maths.o(i.invSqrt) for invSqrt
    imu.o(i.IMUupdate) refers to faddsub_clz.o(x$fpl$fsub) for __aeabi_fsub
    imu.o(i.IMUupdate) refers to imu.o(.data) for q0
    filter.o(i.ACC_IIR_Filter) refers to fflt_clz.o(x$fpl$fflt) for __aeabi_i2f
    filter.o(i.ACC_IIR_Filter) refers to fmul.o(x$fpl$fmul) for __aeabi_fmul
    filter.o(i.ACC_IIR_Filter) refers to faddsub_clz.o(x$fpl$fadd) for __aeabi_fadd
    filter.o(i.ACC_IIR_Filter) refers to ffix.o(x$fpl$ffix) for __aeabi_f2iz
    filter.o(i.ACC_IIR_Filter) refers to filter.o(.data) for ACC_IIR_FACTOR
[...]
    i.RCC_AHBPeriphClockCmd                  0x080034d8   Section        0  stm32f10x_rcc.o(i.RCC_AHBPeriphClockCmd)
    i.RCC_APB1PeriphClockCmd                 0x080034f8   Section        0  stm32f10x_rcc.o(i.RCC_APB1PeriphClockCmd)
    i.RCC_APB1PeriphResetCmd                 0x08003518   Section        0  stm32f10x_rcc.o(i.RCC_APB1PeriphResetCmd)
    i.RCC_APB2PeriphClockCmd                 0x08003538   Section        0  stm32f10x_rcc.o(i.RCC_APB2PeriphClockCmd)
    i.RCC_APB2PeriphResetCmd                 0x08003558   Section        0  stm32f10x_rcc.o(i.RCC_APB2PeriphResetCmd)
    i.RCC_GetClocksFreq                      0x08003578   Section        0  stm32f10x_rcc.o(i.RCC_GetClocksFreq)
    i.RC_LOCK                                0x08003650   Section        0  control.o(i.RC_LOCK)
    i.RC_Limit                               0x08003730   Section        0  control.o(i.RC_Limit)
    i.SPI1_Init                              0x08003830   Section        0  spi_nrf24l01.o(i.SPI1_Init)
    i.SPI_Cmd                                0x08003950   Section        0  stm32f10x_spi.o(i.SPI_Cmd)
    i.SPI_I2S_GetFlagStatus                  0x08003968   Section        0  stm32f10x_spi.o(i.SPI_I2S_GetFlagStatus)
    i.SPI_I2S_ReceiveData                    0x0800397a   Section        0  stm32f10x_spi.o(i.SPI_I2S_ReceiveData)
    i.SPI_I2S_SendData                       0x08003980   Section        0  stm32f10x_spi.o(i.SPI_I2S_SendData)
    i.SPI_Init                               0x08003984   Section        0  stm32f10x_spi.o(i.SPI_Init)
    i.SPI_RW                                 0x080039c0   Section        0  spi_nrf24l01.o(i.SPI_RW)
    i.SVC_Handler                            0x080039f8   Section        0  stm32f10x_it.o(i.SVC_Handler)
    i.Send_Data_Back                         0x080039fc   Section        0  spi_nrf24l01.o(i.Send_Data_Back)
    i.SetSysClock                            0x08003a44   Section        0  system_stm32f10x.o(i.SetSysClock)
    SetSysClock                              0x08003a45   Thumb Code     8  system_stm32f10x.o(i.SetSysClock)
    i.SetSysClockTo72                        0x08003a4c   Section        0  system_stm32f10x.o(i.SetSysClockTo72)
    SetSysClockTo72                          0x08003a4d   Thumb Code   214  system_stm32f10x.o(i.SetSysClockTo72)
    i.Single_ReadI2C                         0x08003b2c   Section        0  i2c_mpu6050.o(i.Single_ReadI2C)
    Single_ReadI2C                           0x08003b2d   Thumb Code    76  i2c_mpu6050.o(i.Single_ReadI2C)
    i.Single_WriteI2C                        0x08003b78   Section        0  i2c_mpu6050.o(i.Single_WriteI2C)
    Single_WriteI2C                          0x08003b79   Thumb Code    64  i2c_mpu6050.o(i.Single_WriteI2C)
    i.SystemInit                             0x08003bb8   Section        0  system_stm32f10x.o(i.SystemInit)
    i.TIM3_IRQHandler                        0x08003c18   Section        0  stm32f10x_it.o(i.TIM3_IRQHandler)
    i.TIM_ARRPreloadConfig                   0x08003c78   Section        0  stm32f10x_tim.o(i.TIM_ARRPreloadConfig)
    i.TIM_ClearFlag                          0x08003c90   Section        0  stm32f10x_tim.o(i.TIM_ClearFlag)
    i.TIM_Cmd                                0x08003c96   Section        0  stm32f10x_tim.o(i.TIM_Cmd)
    i.TIM_DeInit                             0x08003cb0   Section        0  stm32f10x_tim.o(i.TIM_DeInit)
    i.TIM_ITConfig                           0x08003e98   Section        0  stm32f10x_tim.o(i.TIM_ITConfig)
    i.TIM_OC1Init                            0x08003eac   Section        0  stm32f10x_tim.o(i.TIM_OC1Init)
    i.TIM_OC1PreloadConfig                   0x08003f44   Section        0  stm32f10x_tim.o(i.TIM_OC1PreloadConfig)
    i.TIM_OC2Init                            0x08003f58   Section        0  stm32f10x_tim.o(i.TIM_OC2Init)
    i.TIM_OC2PreloadConfig                   0x08003ffc   Section        0  stm32f10x_tim.o(i.TIM_OC2PreloadConfig)
    i.TIM_OC3Init                            0x08004018   Section        0  stm32f10x_tim.o(i.TIM_OC3Init)
    i.TIM_OC3PreloadConfig                   0x080040b8   Section        0  stm32f10x_tim.o(i.TIM_OC3PreloadConfig)
    i.TIM_OC4Init                            0x080040cc   Section        0  stm32f10x_tim.o(i.TIM_OC4Init)
    i.TIM_OC4PreloadConfig                   0x08004148   Section        0  stm32f10x_tim.o(i.TIM_OC4PreloadConfig)
    i.TIM_TimeBaseInit                       0x08004164   Section        0  stm32f10x_tim.o(i.TIM_TimeBaseInit)
    i.Task_1000HZ                            0x08004208   Section        0  tasks.o(i.Task_1000HZ)
    i.Task_250HZ                             0x080042f4   Section        0  tasks.o(i.Task_250HZ)
    i.Task_500HZ                             0x080043a0   Section        0  tasks.o(i.Task_500HZ)
    i.Tim2_init                              0x080043d4   Section        0  motor.o(i.Tim2_init)
    Tim2_init                                0x080043d5   Thumb Code   160  motor.o(i.Tim2_init)
    i.Timer3_Init                            0x08004474   Section        0  timer3.o(i.Timer3_Init)
    i.USART1_IRQHandler                      0x080044d8   Section        0  uart.o(i.USART1_IRQHandler)
    i.USART_ClearFlag                        0x08004550   Section        0  stm32f10x_usart.o(i.USART_ClearFlag)
    i.USART_Cmd                              0x08004562   Section        0  stm32f10x_usart.o(i.USART_Cmd)
    i.USART_GetFlagStatus                    0x0800457a   Section        0  stm32f10x_usart.o(i.USART_GetFlagStatus)
    i.USART_ITConfig                         0x08004594   Section        0  stm32f10x_usart.o(i.USART_ITConfig)
    i.USART_Init                             0x080045e0   Section        0  stm32f10x_usart.o(i.USART_Init)
    i.USART_ReceiveData                      0x080046b8   Section        0  stm32f10x_usart.o(i.USART_ReceiveData)
    i.Uart1_Init                             0x080046c4   Section        0  uart.o(i.Uart1_Init)
    i.UsageFault_Handler                     0x0800475c   Section        0  stm32f10x_it.o(i.UsageFault_Handler)
    i.__ARM_fpclassify                       0x08004760   Section        0  fpclassify.o(i.__ARM_fpclassify)
    i.__EE_Init                              0x08004788   Section        0  eeprom.o(i.__EE_Init)
    i.__kernel_poly                          0x08004980   Section        0  poly.o(i.__kernel_poly)
    i.__mathlib_dbl_infnan                   0x08004a2a   Section        0  dunder.o(i.__mathlib_dbl_infnan)
    i.__mathlib_dbl_infnan2                  0x08004a30   Section        0  dunder.o(i.__mathlib_dbl_infnan2)
    i.__mathlib_dbl_invalid                  0x08004a34   Section        0  dunder.o(i.__mathlib_dbl_invalid)
    i.__mathlib_dbl_underflow                0x08004a40   Section        0  dunder.o(i.__mathlib_dbl_underflow)
    i.__set_PRIMASK                          0x08004a50   Section        0  struct_all.o(i.__set_PRIMASK)
    __set_PRIMASK                            0x08004a51   Thumb Code     6  struct_all.o(i.__set_PRIMASK)
    i.asin                                   0x08004a58   Section        0  asin.o(i.asin)
    i.atan                                   0x08004cc8   Section        0  atan.o(i.atan)
    i.atan2                                  0x08004ee8   Section        0  atan2.o(i.atan2)
    i.invSqrt                                0x08005068   Section        0  maths.o(i.invSqrt)
    i.main                                   0x080050b4   Section        0  main.o(i.main)
    i.sqrt                                   0x0800510c   Section        0  sqrt.o(i.sqrt)
    x$fpl$d2f                                0x08005158   Section       98  d2f.o(x$fpl$d2f)
    x$fpl$dadd                               0x080051bc   Section      336  daddsub_clz.o(x$fpl$dadd)
    _dadd1                                   0x080051cd   Thumb Code     0  daddsub_clz.o(x$fpl$dadd)
    x$fpl$dcheck1                            0x0800530c   Section       16  dcheck1.o(x$fpl$dcheck1)
    x$fpl$dcmpinf                            0x0800531c   Section       24  dcmpi.o(x$fpl$dcmpinf)
    x$fpl$ddiv                               0x08005334   Section      688  ddiv.o(x$fpl$ddiv)
    ddiv_entry                               0x0800533b   Thumb Code     0  ddiv.o(x$fpl$ddiv)
    x$fpl$dleqf                              0x080055e4   Section      120  dleqf.o(x$fpl$dleqf)
    x$fpl$dmul                               0x0800565c   Section      340  dmul.o(x$fpl$dmul)
    x$fpl$dnaninf                            0x080057b0   Section      156  dnaninf.o(x$fpl$dnaninf)
    x$fpl$dretinf                            0x0800584c   Section       12  dretinf.o(x$fpl$dretinf)
    x$fpl$drleqf                             0x08005858   Section      108  drleqf.o(x$fpl$drleqf)
    x$fpl$drsb                               0x080058c4   Section       22  daddsub_clz.o(x$fpl$drsb)
    x$fpl$dsqrt                              0x080058dc   Section      460  dsqrt_noumaal.o(x$fpl$dsqrt)
    x$fpl$dsub                               0x08005aa8   Section      468  daddsub_clz.o(x$fpl$dsub)
    _dsub1                                   0x08005ab9   Thumb Code     0  daddsub_clz.o(x$fpl$dsub)
    x$fpl$f2d                                0x08005c7c   Section       86  f2d.o(x$fpl$f2d)
    x$fpl$fadd                               0x08005cd4   Section      196  faddsub_clz.o(x$fpl$fadd)
    _fadd1                                   0x08005ce3   Thumb Code     0  faddsub_clz.o(x$fpl$fadd)
    x$fpl$fcmpinf                            0x08005d98   Section       24  fcmpi.o(x$fpl$fcmpinf)
    x$fpl$fdiv                               0x08005db0   Section      388  fdiv.o(x$fpl$fdiv)
    _fdiv1                                   0x08005db1   Thumb Code     0  fdiv.o(x$fpl$fdiv)
    x$fpl$ffix                               0x08005f34   Section       54  ffix.o(x$fpl$ffix)
    x$fpl$ffixu                              0x08005f6c   Section       62  ffixu.o(x$fpl$ffixu)
    x$fpl$fflt                               0x08005fac   Section       48  fflt_clz.o(x$fpl$fflt)
    x$fpl$ffltu                              0x08005fdc   Section       38  fflt_clz.o(x$fpl$ffltu)
    x$fpl$fleqf                              0x08006004   Section      104  fleqf.o(x$fpl$fleqf)
    x$fpl$fmul                               0x0800606c   Section      258  fmul.o(x$fpl$fmul)
    x$fpl$fnaninf                            0x0800616e   Section      140  fnaninf.o(x$fpl$fnaninf)
    x$fpl$fretinf                            0x080061fa   Section       10  fretinf.o(x$fpl$fretinf)
    x$fpl$frleqf                             0x08006204   Section       98  frleqf.o(x$fpl$frleqf)
    x$fpl$frsb                               0x08006266   Section       20  faddsub_clz.o(x$fpl$frsb)
    x$fpl$fsub                               0x0800627c   Section      234  faddsub_clz.o(x$fpl$fsub)
    _fsub1                                   0x0800628b   Thumb Code     0  faddsub_clz.o(x$fpl$fsub)
    x$fpl$retnan                             0x08006366   Section      100  retnan.o(x$fpl$retnan)
    x$fpl$scalbn                             0x080063ca   Section       92  scalbn.o(x$fpl$scalbn)
    x$fpl$trapveneer                         0x08006426   Section       48  trapv.o(x$fpl$trapveneer)
    x$fpl$usenofp                            0x08006456   Section        0  usenofp.o(x$fpl$usenofp)
    .constdata                               0x08006458   Section       80  asin.o(.constdata)
    pS                                       0x08006458   Data          48  asin.o(.constdata)
    qS                                       0x08006488   Data          32  asin.o(.constdata)
    .constdata                               0x080064a8   Section      152  atan.o(.constdata)
    atanhi                                   0x080064a8   Data          32  atan.o(.constdata)
    atanlo                                   0x080064c8   Data          32  atan.o(.constdata)
    aTodd                                    0x080064e8   Data          40  atan.o(.constdata)
    aTeven                                   0x08006510   Data          48  atan.o(.constdata)
    .constdata                               0x08006540   Section        8  qnan.o(.constdata)
    .data                                    0x20000000   Section        3  stm32f10x_it.o(.data)
    .data                                    0x20000004   Section       28  imu.o(.data)
    .data                                    0x20000020   Section       29  filter.o(.data)
    ACC_IIR_FACTOR                           0x20000020   Data           4  filter.o(.data)
    Filter_x                                 0x20000024   Data           8  filter.o(.data)
    Filter_y                                 0x2000002c   Data           8  filter.o(.data)
    Filter_z                                 0x20000034   Data           8  filter.o(.data)
    Filter_count                             0x2000003c   Data           1  filter.o(.data)
    .data                                    0x20000040   Section        8  tasks.o(.data)
    ctrl_cnt                                 0x20000041   Data           1  tasks.o(.data)
    time4ms_cnt                              0x20000044   Data           4  tasks.o(.data)
    .data                                    0x20000048   Section        4  control.o(.data)
    count0                                   0x20000049   Data           1  control.o(.data)
    count1                                   0x2000004a   Data           1  control.o(.data)
    count2                                   0x2000004b   Data           1  control.o(.data)
    .data                                    0x2000004c   Section        2  uart.o(.data)
    .data                                    0x20000050   Section        6  timer3.o(.data)
    .data                                    0x20000058   Section        8  eeprom.o(.data)
    .data                                    0x20000060   Section       74  struct_all.o(.data)
    .data                                    0x200000aa   Section        8  dma_adc.o(.data)
    Battery                                  0x200000aa   Data           2  dma_adc.o(.data)
    .data                                    0x200000b4   Section       37  i2c_mpu6050.o(.data)
    ACC_X                                    0x200000bc   Data           4  i2c_mpu6050.o(.data)
    ACC_Y                                    0x200000c0   Data           4  i2c_mpu6050.o(.data)
    ACC_Z                                    0x200000c4   Data           4  i2c_mpu6050.o(.data)
    count_acc                                0x200000c8   Data           1  i2c_mpu6050.o(.data)
    GYRO_X                                   0x200000cc   Data           4  i2c_mpu6050.o(.data)
    GYRO_Y                                   0x200000d0   Data           4  i2c_mpu6050.o(.data)
    GYRO_Z                                   0x200000d4   Data           4  i2c_mpu6050.o(.data)
    count_gyro                               0x200000d8   Data           1  i2c_mpu6050.o(.data)
    .data                                    0x200000da   Section       15  spi_nrf24l01.o(.data)
    TX_ADDRESS                               0x200000db   Data           5  spi_nrf24l01.o(.data)
    RX_ADDRESS                               0x200000e0   Data           5  spi_nrf24l01.o(.data)
    Nrf_Erro                                 0x200000e6   Data           2  spi_nrf24l01.o(.data)
    turn_count                               0x200000e8   Data           1  spi_nrf24l01.o(.data)
    .data                                    0x200000e9   Section       20  stm32f10x_rcc.o(.data)
    APBAHBPrescTable                         0x200000e9   Data          16  stm32f10x_rcc.o(.data)
    ADCPrescTable                            0x200000f9   Data           4  stm32f10x_rcc.o(.data)
    .bss                                     0x20000100   Section       48  control.o(.bss)
    control_angle                            0x20000100   Data          12  control.o(.bss)
    last_angle                               0x2000010c   Data          12  control.o(.bss)
    control_gyro                             0x20000118   Data          12  control.o(.bss)
    last_gyro                                0x20000124   Data          12  control.o(.bss)
    .bss                                     0x20000130   Section      306  uart.o(.bss)
    TxBuff                                   0x20000130   Data         256  uart.o(.bss)
    .bss                                     0x20000264   Section      152  struct_all.o(.bss)
    .bss                                     0x200002fc   Section       14  i2c_mpu6050.o(.bss)
    MPU6050_Buffer                           0x200002fc   Data          14  i2c_mpu6050.o(.bss)
    .bss                                     0x2000030a   Section       64  spi_nrf24l01.o(.bss)
    .bss                                     0x2000034c   Section       96  libspace.o(.bss)
    HEAP                                     0x200003b0   Section      512  startup_stm32f10x_md.o(HEAP)
    Heap_Mem                                 0x200003b0   Data         512  startup_stm32f10x_md.o(HEAP)
    STACK                                    0x200005b0   Section     1024  startup_stm32f10x_md.o(STACK)
    Stack_Mem                                0x200005b0   Data        1024  startup_stm32f10x_md.o(STACK)
    __initial_sp                             0x200009b0   Data           0  startup_stm32f10x_md.o(STACK)

    Global Symbols

    Symbol Name                              Value     Ov Type        Size  Object(Section)

    BuildAttributes$$THM_ISAv4$P$D$K$B$S$PE$A:L22UL41UL21$X:L11$S22US41US21$IEEE1$IW$USESV6$~STKCKD$USESV7$~SHL$OTIME$ROPI$IEEEX$EBA8$UX$STANDARDLIB$REQ8$PRES8$EABIv2 0x00000000   Number         0  anon$$obj.o ABSOLUTE
    __ARM_use_no_argv                        0x00000000   Number         0  main.o ABSOLUTE
    __ARM_exceptions_init                     - Undefined Weak Reference
    __alloca_initialize                       - Undefined Weak Reference
    __arm_preinit_                            - Undefined Weak Reference
    __cpp_initialize__aeabi_                  - Undefined Weak Reference
    __cxa_finalize                            - Undefined Weak Reference
    __rt_locale                               - Undefined Weak Reference
    __sigvec_lookup                           - Undefined Weak Reference
    _atexit_init                              - Undefined Weak Reference
    _call_atexit_fns                          - Undefined Weak Reference
    _clock_init                               - Undefined Weak Reference
    _fp_trap_init                             - Undefined Weak Reference
    _fp_trap_shutdown                         - Undefined Weak Reference
    _get_lc_collate                           - Undefined Weak Reference
    _get_lc_ctype                             - Undefined Weak Reference
    _get_lc_monetary                          - Undefined Weak Reference
    _get_lc_numeric                           - Undefined Weak Reference
    _get_lc_time                              - Undefined Weak Reference
    _getenv_init                              - Undefined Weak Reference
    _handle_redirection                       - Undefined Weak Reference
    _init_alloc                               - Undefined Weak Reference
    _init_user_alloc                          - Undefined Weak Reference
    _initio                                   - Undefined Weak Reference
    _rand_init                                - Undefined Weak Reference
    _signal_finish                            - Undefined Weak Reference
    _signal_init                              - Undefined Weak Reference
    _terminate_alloc                          - Undefined Weak Reference
    _terminate_user_alloc                     - Undefined Weak Reference
    _terminateio                              - Undefined Weak Reference
    __Vectors_Size                           0x000000ec   Number         0  startup_stm32f10x_md.o ABSOLUTE
    __Vectors                                0x08000000   Data           4  startup_stm32f10x_md.o(RESET)
    __Vectors_End                            0x080000ec   Data           0  startup_stm32f10x_md.o(RESET)
    __main                                   0x080000ed   Thumb Code     8  __main.o(!!!main)
    __scatterload                            0x080000f5   Thumb Code     0  __scatter.o(!!!scatter)
    __scatterload_rt2                        0x080000f5   Thumb Code    44  __scatter.o(!!!scatter)
    __scatterload_rt2_thumb_only             0x080000f5   Thumb Code     0  __scatter.o(!!!scatter)
    __scatterload_null                       0x08000103   Thumb Code     0  __scatter.o(!!!scatter)
    __scatterload_copy                       0x08000129   Thumb Code    26  __scatter_copy.o(!!handler_copy)
    __scatterload_zeroinit                   0x08000145   Thumb Code    28  __scatter_zi.o(!!handler_zi)
    __rt_lib_init                            0x08000161   Thumb Code     0  libinit.o(.ARM.Collect$$libinit$$00000000)
    __rt_lib_init_alloca_1                   0x08000163   Thumb Code     0  libinit2.o(.ARM.Collect$$libinit$$0000002E)
    __rt_lib_init_argv_1                     0x08000163   Thumb Code     0  libinit2.o(.ARM.Collect$$libinit$$0000002C)
    __rt_lib_init_atexit_1                   0x08000163   Thumb Code     0  libinit2.o(.ARM.Collect$$libinit$$0000001B)
    __rt_lib_init_clock_1                    0x08000163   Thumb Code     0  libinit2.o(.ARM.Collect$$libinit$$00000021)
    __rt_lib_init_cpp_1                      0x08000163   Thumb Code     0  libinit2.o(.ARM.Collect$$libinit$$00000032)
    __rt_lib_init_exceptions_1               0x08000163   Thumb Code     0  libinit2.o(.ARM.Collect$$libinit$$00000030)
    __rt_lib_init_fp_1                       0x08000163   Thumb Code     0  libinit2.o(.ARM.Collect$$libinit$$00000002)
    __rt_lib_init_fp_trap_1                  0x08000163   Thumb Code     0  libinit2.o(.ARM.Collect$$libinit$$0000001F)
    __rt_lib_init_getenv_1                   0x08000163   Thumb Code     0  libinit2.o(.ARM.Collect$$libinit$$00000023)
    __rt_lib_init_heap_1                     0x08000163   Thumb Code     0  libinit2.o(.ARM.Collect$$libinit$$0000000A)
    __rt_lib_init_lc_collate_1               0x08000163   Thumb Code     0  libinit2.o(.ARM.Collect$$libinit$$00000011)
    __rt_lib_init_lc_ctype_1                 0x08000163   Thumb Code     0  libinit2.o(.ARM.Collect$$libinit$$00000013)
    __rt_lib_init_lc_monetary_1              0x08000163   Thumb Code     0  libinit2.o(.ARM.Collect$$libinit$$00000015)
    __rt_lib_init_lc_numeric_1               0x08000163   Thumb Code     0  libinit2.o(.ARM.Collect$$libinit$$00000017)
    __rt_lib_init_lc_time_1                  0x08000163   Thumb Code     0  libinit2.o(.ARM.Collect$$libinit$$00000019)
    __rt_lib_init_preinit_1                  0x08000163   Thumb Code     0  libinit2.o(.ARM.Collect$$libinit$$00000004)
    __rt_lib_init_rand_1                     0x08000163   Thumb Code     0  libinit2.o(.ARM.Collect$$libinit$$0000000E)
    __rt_lib_init_return                     0x08000163   Thumb Code     0  libinit2.o(.ARM.Collect$$libinit$$00000033)
    __rt_lib_init_signal_1                   0x08000163   Thumb Code     0  libinit2.o(.ARM.Collect$$libinit$$0000001D)
    __rt_lib_init_stdio_1                    0x08000163   Thumb Code     0  libinit2.o(.ARM.Collect$$libinit$$00000025)
    __rt_lib_init_user_alloc_1               0x08000163   Thumb Code     0  libinit2.o(.ARM.Collect$$libinit$$0000000C)
    __rt_lib_shutdown                        0x08000165   Thumb Code     0  libshutdown.o(.ARM.Collect$$libshutdown$$00000000)
    __rt_lib_shutdown_fp_trap_1              0x08000167   Thumb Code     0  libshutdown2.o(.ARM.Collect$$libshutdown$$00000006)
    __rt_lib_shutdown_heap_1                 0x08000167   Thumb Code     0  libshutdown2.o(.ARM.Collect$$libshutdown$$0000000E)
    __rt_lib_shutdown_return                 0x08000167   Thumb Code     0  libshutdown2.o(.ARM.Collect$$libshutdown$$0000000F)
    __rt_lib_shutdown_signal_1               0x08000167   Thumb Code     0  libshutdown2.o(.ARM.Collect$$libshutdown$$00000009)
    __rt_lib_shutdown_stdio_1                0x08000167   Thumb Code     0  libshutdown2.o(.ARM.Collect$$libshutdown$$00000003)
    __rt_lib_shutdown_user_alloc_1           0x08000167   Thumb Code     0  libshutdown2.o(.ARM.Collect$$libshutdown$$0000000B)
    __rt_entry                               0x08000169   Thumb Code     0  __rtentry.o(.ARM.Collect$$rtentry$$00000000)
    __rt_entry_presh_1                       0x08000169   Thumb Code     0  __rtentry2.o(.ARM.Collect$$rtentry$$00000002)
    __rt_entry_sh                            0x08000169   Thumb Code     0  __rtentry4.o(.ARM.Collect$$rtentry$$00000004)
    __rt_entry_li                            0x0800016f   Thumb Code     0  __rtentry2.o(.ARM.Collect$$rtentry$$0000000A)
    __rt_entry_postsh_1                      0x0800016f   Thumb Code     0  __rtentry2.o(.ARM.Collect$$rtentry$$00000009)
    __rt_entry_main                          0x08000173   Thumb Code     0  __rtentry2.o(.ARM.Collect$$rtentry$$0000000D)
    __rt_entry_postli_1                      0x08000173   Thumb Code     0  __rtentry2.o(.ARM.Collect$$rtentry$$0000000C)
    __rt_exit                                0x0800017b   Thumb Code     0  rtexit.o(.ARM.Collect$$rtexit$$00000000)
    __rt_exit_ls                             0x0800017d   Thumb Code     0  rtexit2.o(.ARM.Collect$$rtexit$$00000003)
    __rt_exit_prels_1                        0x0800017d   Thumb Code     0  rtexit2.o(.ARM.Collect$$rtexit$$00000002)
    __rt_exit_exit                           0x08000181   Thumb Code     0  rtexit2.o(.ARM.Collect$$rtexit$$00000004)
    Reset_Handler                            0x08000189   Thumb Code     8  startup_stm32f10x_md.o(.text)
    SysTick_Handler                          0x080001a1   Thumb Code     2  startup_stm32f10x_md.o(.text)
    ADC1_2_IRQHandler                        0x080001a3   Thumb Code     0  startup_stm32f10x_md.o(.text)
    CAN1_RX1_IRQHandler                      0x080001a3   Thumb Code     0  startup_stm32f10x_md.o(.text)
    CAN1_SCE_IRQHandler                      0x080001a3   Thumb Code     0  startup_stm32f10x_md.o(.text)
    DMA1_Channel1_IRQHandler                 0x080001a3   Thumb Code     0  startup_stm32f10x_md.o(.text)
    DMA1_Channel2_IRQHandler                 0x080001a3   Thumb Code     0  startup_stm32f10x_md.o(.text)
    DMA1_Channel3_IRQHandler                 0x080001a3   Thumb Code     0  startup_stm32f10x_md.o(.text)
    DMA1_Channel4_IRQHandler                 0x080001a3   Thumb Code     0  startup_stm32f10x_md.o(.text)
    DMA1_Channel5_IRQHandler                 0x080001a3   Thumb Code     0  startup_stm32f10x_md.o(.text)
    DMA1_Channel6_IRQHandler                 0x080001a3   Thumb Code     0  startup_stm32f10x_md.o(.text)
    DMA1_Channel7_IRQHandler                 0x080001a3   Thumb Code     0  startup_stm32f10x_md.o(.text)
    EXTI15_10_IRQHandler                     0x080001a3   Thumb Code     0  startup_stm32f10x_md.o(.text)
    EXTI1_IRQHandler                         0x080001a3   Thumb Code     0  startup_stm32f10x_md.o(.text)
    EXTI2_IRQHandler                         0x080001a3   Thumb Code     0  startup_stm32f10x_md.o(.text)
    EXTI3_IRQHandler                         0x080001a3   Thumb Code     0  startup_stm32f10x_md.o(.text)
    EXTI4_IRQHandler                         0x080001a3   Thumb Code     0  startup_stm32f10x_md.o(.text)
    EXTI9_5_IRQHandler                       0x080001a3   Thumb Code     0  startup_stm32f10x_md.o(.text)
    FLASH_IRQHandler                         0x080001a3   Thumb Code     0  startup_stm32f10x_md.o(.text)
    I2C1_ER_IRQHandler                       0x080001a3   Thumb Code     0  startup_stm32f10x_md.o(.text)
    I2C1_EV_IRQHandler                       0x080001a3   Thumb Code     0  startup_stm32f10x_md.o(.text)
    I2C2_ER_IRQHandler                       0x080001a3   Thumb Code     0  startup_stm32f10x_md.o(.text)
    I2C2_EV_IRQHandler                       0x080001a3   Thumb Code     0  startup_stm32f10x_md.o(.text)
    PVD_IRQHandler                           0x080001a3   Thumb Code     0  startup_stm32f10x_md.o(.text)
    RCC_IRQHandler                           0x080001a3   Thumb Code     0  startup_stm32f10x_md.o(.text)
    RTCAlarm_IRQHandler                      0x080001a3   Thumb Code     0  startup_stm32f10x_md.o(.text)
    RTC_IRQHandler                           0x080001a3   Thumb Code     0  startup_stm32f10x_md.o(.text)
    SPI1_IRQHandler                          0x080001a3   Thumb Code     0  startup_stm32f10x_md.o(.text)
    SPI2_IRQHandler                          0x080001a3   Thumb Code     0  startup_stm32f10x_md.o(.text)
    TAMPER_IRQHandler                        0x080001a3   Thumb Code     0  startup_stm32f10x_md.o(.text)
    TIM1_BRK_IRQHandler                      0x080001a3   Thumb Code     0  startup_stm32f10x_md.o(.text)
    TIM1_CC_IRQHandler                       0x080001a3   Thumb Code     0  startup_stm32f10x_md.o(.text)
    TIM1_TRG_COM_IRQHandler                  0x080001a3   Thumb Code     0  startup_stm32f10x_md.o(.text)
    TIM1_UP_IRQHandler                       0x080001a3   Thumb Code     0  startup_stm32f10x_md.o(.text)
    TIM2_IRQHandler                          0x080001a3   Thumb Code     0  startup_stm32f10x_md.o(.text)
    TIM4_IRQHandler                          0x080001a3   Thumb Code     0  startup_stm32f10x_md.o(.text)
    USART2_IRQHandler                        0x080001a3   Thumb Code     0  startup_stm32f10x_md.o(.text)
    USART3_IRQHandler                        0x080001a3   Thumb Code     0  startup_stm32f10x_md.o(.text)
    USBWakeUp_IRQHandler                     0x080001a3   Thumb Code     0  startup_stm32f10x_md.o(.text)
    USB_HP_CAN1_TX_IRQHandler                0x080001a3   Thumb Code     0  startup_stm32f10x_md.o(.text)
    USB_LP_CAN1_RX0_IRQHandler               0x080001a3   Thumb Code     0  startup_stm32f10x_md.o(.text)
    WWDG_IRQHandler                          0x080001a3   Thumb Code     0  startup_stm32f10x_md.o(.text)
    __user_initial_stackheap                 0x080001a5   Thumb Code     0  startup_stm32f10x_md.o(.text)
    __use_two_region_memory                  0x080001c9   Thumb Code     2  heapauxi.o(.text)
    __rt_heap_escrow$2region                 0x080001cb   Thumb Code     2  heapauxi.o(.text)
    __rt_heap_expand$2region                 0x080001cd   Thumb Code     2  heapauxi.o(.text)
    __read_errno                             0x080001cf   Thumb Code    10  _rserrno.o(.text)
    __set_errno                              0x080001d9   Thumb Code    12  _rserrno.o(.text)
    __aeabi_errno_addr                       0x080001e5   Thumb Code     8  rt_errno_addr_intlibspace.o(.text)
    __errno$intlibspace                      0x080001e5   Thumb Code     0  rt_errno_addr_intlibspace.o(.text)
    __rt_errno_addr$intlibspace              0x080001e5   Thumb Code     0  rt_errno_addr_intlibspace.o(.text)
    __user_libspace                          0x080001ed   Thumb Code     8  libspace.o(.text)
    __user_perproc_libspace                  0x080001ed   Thumb Code     0  libspace.o(.text)
    __user_perthread_libspace                0x080001ed   Thumb Code     0  libspace.o(.text)
    __user_setup_stackheap                   0x080001f5   Thumb Code    74  sys_stackheap_outer.o(.text)
    exit                                     0x0800023f   Thumb Code    12  exit.o(.text)
    _sys_exit                                0x0800024d   Thumb Code     8  sys_exit.o(.text)
    __I$use$semihosting                      0x08000259   Thumb Code     0  use_no_semi.o(.text)
    __use_no_semihosting_swi                 0x08000259   Thumb Code     2  use_no_semi.o(.text)
    __semihosting_library_function           0x0800025b   Thumb Code     0  indicate_semi.o(.text)
    ACC_IIR_Filter                           0x0800025d   Thumb Code   174  filter.o(i.ACC_IIR_Filter)
    ADC1_Init                                0x08000349   Thumb Code    12  dma_adc.o(i.ADC1_Init)
    ADC_Cmd                                  0x08000449   Thumb Code    22  stm32f10x_adc.o(i.ADC_Cmd)
    ADC_DMACmd                               0x0800045f   Thumb Code    22  stm32f10x_adc.o(i.ADC_DMACmd)
    ADC_DeInit                               0x08000475   Thumb Code    78  stm32f10x_adc.o(i.ADC_DeInit)
    ADC_GetCalibrationStatus                 0x080004d1   Thumb Code    20  stm32f10x_adc.o(i.ADC_GetCalibrationStatus)
    ADC_GetResetCalibrationStatus            0x080004e5   Thumb Code    20  stm32f10x_adc.o(i.ADC_GetResetCalibrationStatus)
    ADC_Init                                 0x080004f9   Thumb Code    70  stm32f10x_adc.o(i.ADC_Init)
    ADC_RegularChannelConfig                 0x08000549   Thumb Code   184  stm32f10x_adc.o(i.ADC_RegularChannelConfig)
    ADC_ResetCalibration                     0x08000601   Thumb Code    10  stm32f10x_adc.o(i.ADC_ResetCalibration)
    ADC_SoftwareStartConvCmd                 0x0800060b   Thumb Code    22  stm32f10x_adc.o(i.ADC_SoftwareStartConvCmd)
    ADC_StartCalibration                     0x08000621   Thumb Code    10  stm32f10x_adc.o(i.ADC_StartCalibration)
    ADC_TempSensorVrefintCmd                 0x0800062d   Thumb Code    30  stm32f10x_adc.o(i.ADC_TempSensorVrefintCmd)
    BSP_Int                                  0x08000651   Thumb Code    94  tasks.o(i.BSP_Int)
    BusFault_Handler                         0x080006d5   Thumb Code     4  stm32f10x_it.o(i.BusFault_Handler)
    Calculate_FilteringCoefficient           0x080006d9   Thumb Code    54  filter.o(i.Calculate_FilteringCoefficient)
    Control_Angle                            0x08000719   Thumb Code   606  control.o(i.Control_Angle)
    Control_Gyro                             0x080009a1   Thumb Code  1290  control.o(i.Control_Gyro)
    DMA_Cmd                                  0x08000eb9   Thumb Code    24  stm32f10x_dma.o(i.DMA_Cmd)
    DMA_DeInit                               0x08000ed1   Thumb Code   324  stm32f10x_dma.o(i.DMA_DeInit)
    DMA_Init                                 0x0800101d   Thumb Code    60  stm32f10x_dma.o(i.DMA_Init)
    DebugMon_Handler                         0x08001059   Thumb Code     2  stm32f10x_it.o(i.DebugMon_Handler)
    Do_ACC_Offset                            0x0800105d   Thumb Code     8  i2c_mpu6050.o(i.Do_ACC_Offset)
    Do_GYRO_Offset                           0x08001069   Thumb Code     8  i2c_mpu6050.o(i.Do_GYRO_Offset)
    EEPROM_INIT                              0x08001075   Thumb Code    64  struct_all.o(i.EEPROM_INIT)
    EEPROM_READ_ACC_OFFSET                   0x080010bd   Thumb Code    60  struct_all.o(i.EEPROM_READ_ACC_OFFSET)
    EEPROM_READ_GYRO_OFFSET                  0x0800110d   Thumb Code    60  struct_all.o(i.EEPROM_READ_GYRO_OFFSET)
    EEPROM_READ_PID                          0x0800115d   Thumb Code   290  struct_all.o(i.EEPROM_READ_PID)
    EEPROM_SAVE_ACC_OFFSET                   0x080012ad   Thumb Code    58  struct_all.o(i.EEPROM_SAVE_ACC_OFFSET)
    EEPROM_SAVE_GYRO_OFFSET                  0x080012f1   Thumb Code    58  struct_all.o(i.EEPROM_SAVE_GYRO_OFFSET)
    EEPROM_SAVE_PID                          0x08001335   Thumb Code   280  struct_all.o(i.EEPROM_SAVE_PID)
    EE_Init                                  0x08001505   Thumb Code    16  eeprom.o(i.EE_Init)
    EE_ReadVariable                          0x08001609   Thumb Code    88  eeprom.o(i.EE_ReadVariable)
    EE_WriteVariable                         0x080016f1   Thumb Code    36  eeprom.o(i.EE_WriteVariable)
    EXTI0_IRQHandler                         0x08001715   Thumb Code    22  stm32f10x_it.o(i.EXTI0_IRQHandler)
    EXTI_ClearITPendingBit                   0x0800172d   Thumb Code     6  stm32f10x_exti.o(i.EXTI_ClearITPendingBit)
    EXTI_GetITStatus                         0x08001739   Thumb Code    34  stm32f10x_exti.o(i.EXTI_GetITStatus)
    EXTI_Init                                0x08001761   Thumb Code   142  stm32f10x_exti.o(i.EXTI_Init)
    FLASH_ErasePage                          0x080017f5   Thumb Code    72  stm32f10x_flash.o(i.FLASH_ErasePage)
    FLASH_GetBank1Status                     0x08001841   Thumb Code    48  stm32f10x_flash.o(i.FLASH_GetBank1Status)
    FLASH_ProgramHalfWord                    0x08001875   Thumb Code    60  stm32f10x_flash.o(i.FLASH_ProgramHalfWord)
    FLASH_Unlock                             0x080018b5   Thumb Code    12  stm32f10x_flash.o(i.FLASH_Unlock)
    FLASH_WaitForLastOperation               0x080018cd   Thumb Code    38  stm32f10x_flash.o(i.FLASH_WaitForLastOperation)
    GPIO_EXTILineConfig                      0x080018f5   Thumb Code    60  stm32f10x_gpio.o(i.GPIO_EXTILineConfig)
    GPIO_Init                                0x08001935   Thumb Code   278  stm32f10x_gpio.o(i.GPIO_Init)
    GPIO_PinRemapConfig                      0x08001a4d   Thumb Code   138  stm32f10x_gpio.o(i.GPIO_PinRemapConfig)
    Get_Checksum                             0x08001add   Thumb Code    30  maths.o(i.Get_Checksum)
    Get_Eulerian_Angle                       0x08001afd   Thumb Code   260  imu.o(i.Get_Eulerian_Angle)
    Get_Radian                               0x08001c15   Thumb Code    62  maths.o(i.Get_Radian)
    Gyro_Filter                              0x08001c59   Thumb Code   162  filter.o(i.Gyro_Filter)
    HardFault_Handler                        0x08001d0d   Thumb Code     4  stm32f10x_it.o(i.HardFault_Handler)
    I2C2_Int                                 0x08001d11   Thumb Code   102  i2c_mpu6050.o(i.I2C2_Int)
    IMUupdate                                0x08002031   Thumb Code   930  imu.o(i.IMUupdate)
    InitCurrWrAddress                        0x080023fd   Thumb Code    92  eeprom.o(i.InitCurrWrAddress)
    InitMPU6050                              0x08002461   Thumb Code   220  i2c_mpu6050.o(i.InitMPU6050)
    LED_Init                                 0x080025a5   Thumb Code    82  led.o(i.LED_Init)
    MPU6050_Compose                          0x08002609   Thumb Code   152  i2c_mpu6050.o(i.MPU6050_Compose)
    MPU6050_Offset                           0x080026b5   Thumb Code   382  i2c_mpu6050.o(i.MPU6050_Offset)
    MPU6050_SequenceRead                     0x0800286d   Thumb Code   104  i2c_mpu6050.o(i.MPU6050_SequenceRead)
    MPU6050_SingleRead                       0x080028d9   Thumb Code   124  i2c_mpu6050.o(i.MPU6050_SingleRead)
    MemManage_Handler                        0x08002959   Thumb Code     4  stm32f10x_it.o(i.MemManage_Handler)
    Motor_Init                               0x0800295d   Thumb Code    48  motor.o(i.Motor_Init)
    Motor_Out                                0x080029ad   Thumb Code    82  motor.o(i.Motor_Out)
    NMI_Handler                              0x08002a05   Thumb Code     2  stm32f10x_it.o(i.NMI_Handler)
    NRF24L01_Check                           0x08002c0d   Thumb Code    70  spi_nrf24l01.o(i.NRF24L01_Check)
    NRF24L01_IRQ                             0x08002c91   Thumb Code    90  spi_nrf24l01.o(i.NRF24L01_IRQ)
    NRF24L01_Init                            0x08002cf5   Thumb Code   132  spi_nrf24l01.o(i.NRF24L01_Init)
    NRF_Read_Buff                            0x08002dc5   Thumb Code    58  spi_nrf24l01.o(i.NRF_Read_Buff)
    NRF_Read_Reg                             0x08002e05   Thumb Code    36  spi_nrf24l01.o(i.NRF_Read_Reg)
    NRF_Send_TX                              0x08002e2d   Thumb Code    36  spi_nrf24l01.o(i.NRF_Send_TX)
    NRF_Write_Buf                            0x08002e55   Thumb Code    56  spi_nrf24l01.o(i.NRF_Write_Buf)
    NRF_Write_Reg                            0x08002e91   Thumb Code    38  spi_nrf24l01.o(i.NRF_Write_Reg)
    NVIC_Init                                0x08002ebd   Thumb Code   100  misc.o(i.NVIC_Init)
    NVIC_PriorityGroupConfig                 0x08002f2d   Thumb Code    10  misc.o(i.NVIC_PriorityGroupConfig)
    Nrf_Connect                              0x08002f41   Thumb Code   144  spi_nrf24l01.o(i.Nrf_Connect)
    Nvic_Init                                0x08002fed   Thumb Code   100  tasks.o(i.Nvic_Init)
    PID_Reset                                0x08003051   Thumb Code    86  struct_all.o(i.PID_Reset)
    PendSV_Handler                           0x080030cd   Thumb Code     2  stm32f10x_it.o(i.PendSV_Handler)
    PrintHexU8                               0x080030d1   Thumb Code    46  uart.o(i.PrintHexU8)
    PrintString                              0x0800310d   Thumb Code    24  uart.o(i.PrintString)
    Print_MSP_ATTITUDE                       0x08003125   Thumb Code   144  protocol.o(i.Print_MSP_ATTITUDE)
    Print_MSP_FLY_DATA                       0x080031bd   Thumb Code   414  protocol.o(i.Print_MSP_FLY_DATA)
    Print_MSP_RAW_IMU                        0x0800337d   Thumb Code   310  protocol.o(i.Print_MSP_RAW_IMU)
    RCC_ADCCLKConfig                         0x080034c1   Thumb Code    18  stm32f10x_rcc.o(i.RCC_ADCCLKConfig)
    RCC_AHBPeriphClockCmd                    0x080034d9   Thumb Code    26  stm32f10x_rcc.o(i.RCC_AHBPeriphClockCmd)
    RCC_APB1PeriphClockCmd                   0x080034f9   Thumb Code    26  stm32f10x_rcc.o(i.RCC_APB1PeriphClockCmd)
    RCC_APB1PeriphResetCmd                   0x08003519   Thumb Code    26  stm32f10x_rcc.o(i.RCC_APB1PeriphResetCmd)
    RCC_APB2PeriphClockCmd                   0x08003539   Thumb Code    26  stm32f10x_rcc.o(i.RCC_APB2PeriphClockCmd)
    RCC_APB2PeriphResetCmd                   0x08003559   Thumb Code    26  stm32f10x_rcc.o(i.RCC_APB2PeriphResetCmd)
    RCC_GetClocksFreq                        0x08003579   Thumb Code   192  stm32f10x_rcc.o(i.RCC_GetClocksFreq)
    RC_LOCK                                  0x08003651   Thumb Code   202  control.o(i.RC_LOCK)
    RC_Limit                                 0x08003731   Thumb Code   254  control.o(i.RC_Limit)
    SPI1_Init                                0x08003831   Thumb Code   246  spi_nrf24l01.o(i.SPI1_Init)
    SPI_Cmd                                  0x08003951   Thumb Code    24  stm32f10x_spi.o(i.SPI_Cmd)
    SPI_I2S_GetFlagStatus                    0x08003969   Thumb Code    18  stm32f10x_spi.o(i.SPI_I2S_GetFlagStatus)
    SPI_I2S_ReceiveData                      0x0800397b   Thumb Code     6  stm32f10x_spi.o(i.SPI_I2S_ReceiveData)
    SPI_I2S_SendData                         0x08003981   Thumb Code     4  stm32f10x_spi.o(i.SPI_I2S_SendData)
    SPI_Init                                 0x08003985   Thumb Code    60  stm32f10x_spi.o(i.SPI_Init)
    SPI_RW                                   0x080039c1   Thumb Code    50  spi_nrf24l01.o(i.SPI_RW)
    SVC_Handler                              0x080039f9   Thumb Code     2  stm32f10x_it.o(i.SVC_Handler)
    Send_Data_Back                           0x080039fd   Thumb Code    66  spi_nrf24l01.o(i.Send_Data_Back)
    SystemInit                               0x08003bb9   Thumb Code    78  system_stm32f10x.o(i.SystemInit)
    TIM3_IRQHandler                          0x08003c19   Thumb Code    70  stm32f10x_it.o(i.TIM3_IRQHandler)
    TIM_ARRPreloadConfig                     0x08003c79   Thumb Code    24  stm32f10x_tim.o(i.TIM_ARRPreloadConfig)
    TIM_ClearFlag                            0x08003c91   Thumb Code     6  stm32f10x_tim.o(i.TIM_ClearFlag)
    TIM_Cmd                                  0x08003c97   Thumb Code    24  stm32f10x_tim.o(i.TIM_Cmd)
    TIM_DeInit                               0x08003cb1   Thumb Code   424  stm32f10x_tim.o(i.TIM_DeInit)
    TIM_ITConfig                             0x08003e99   Thumb Code    18  stm32f10x_tim.o(i.TIM_ITConfig)
    TIM_OC1Init                              0x08003ead   Thumb Code   132  stm32f10x_tim.o(i.TIM_OC1Init)
    TIM_OC1PreloadConfig                     0x08003f45   Thumb Code    18  stm32f10x_tim.o(i.TIM_OC1PreloadConfig)
    TIM_OC2Init                              0x08003f59   Thumb Code   154  stm32f10x_tim.o(i.TIM_OC2Init)
    TIM_OC2PreloadConfig                     0x08003ffd   Thumb Code    26  stm32f10x_tim.o(i.TIM_OC2PreloadConfig)
    TIM_OC3Init                              0x08004019   Thumb Code   150  stm32f10x_tim.o(i.TIM_OC3Init)
    TIM_OC3PreloadConfig                     0x080040b9   Thumb Code    18  stm32f10x_tim.o(i.TIM_OC3PreloadConfig)
    TIM_OC4Init                              0x080040cd   Thumb Code   114  stm32f10x_tim.o(i.TIM_OC4Init)
    TIM_OC4PreloadConfig                     0x08004149   Thumb Code    26  stm32f10x_tim.o(i.TIM_OC4PreloadConfig)
    TIM_TimeBaseInit                         0x08004165   Thumb Code   122  stm32f10x_tim.o(i.TIM_TimeBaseInit)
    Task_1000HZ                              0x08004209   Thumb Code   190  tasks.o(i.Task_1000HZ)
    Task_250HZ                               0x080042f5   Thumb Code   148  tasks.o(i.Task_250HZ)
    Task_500HZ                               0x080043a1   Thumb Code    34  tasks.o(i.Task_500HZ)
    Timer3_Init                              0x08004475   Thumb Code    86  timer3.o(i.Timer3_Init)
    USART1_IRQHandler                        0x080044d9   Thumb Code   102  uart.o(i.USART1_IRQHandler)
    USART_ClearFlag                          0x08004551   Thumb Code    18  stm32f10x_usart.o(i.USART_ClearFlag)
    USART_Cmd                                0x08004563   Thumb Code    24  stm32f10x_usart.o(i.USART_Cmd)
    USART_GetFlagStatus                      0x0800457b   Thumb Code    26  stm32f10x_usart.o(i.USART_GetFlagStatus)
    USART_ITConfig                           0x08004595   Thumb Code    74  stm32f10x_usart.o(i.USART_ITConfig)
    USART_Init                               0x080045e1   Thumb Code   210  stm32f10x_usart.o(i.USART_Init)
    USART_ReceiveData                        0x080046b9   Thumb Code    10  stm32f10x_usart.o(i.USART_ReceiveData)
    Uart1_Init                               0x080046c5   Thumb Code   144  uart.o(i.Uart1_Init)
    UsageFault_Handler                       0x0800475d   Thumb Code     4  stm32f10x_it.o(i.UsageFault_Handler)
    __ARM_fpclassify                         0x08004761   Thumb Code    40  fpclassify.o(i.__ARM_fpclassify)
    __EE_Init                                0x08004789   Thumb Code   488  eeprom.o(i.__EE_Init)
    __kernel_poly                            0x08004981   Thumb Code   170  poly.o(i.__kernel_poly)
    __mathlib_dbl_infnan                     0x08004a2b   Thumb Code     6  dunder.o(i.__mathlib_dbl_infnan)
    __mathlib_dbl_infnan2                    0x08004a31   Thumb Code     4  dunder.o(i.__mathlib_dbl_infnan2)
    __mathlib_dbl_invalid                    0x08004a35   Thumb Code    12  dunder.o(i.__mathlib_dbl_invalid)
    __mathlib_dbl_underflow                  0x08004a41   Thumb Code    10  dunder.o(i.__mathlib_dbl_underflow)
    asin                                     0x08004a59   Thumb Code   572  asin.o(i.asin)
    atan                                     0x08004cc9   Thumb Code   474  atan.o(i.atan)
    atan2                                    0x08004ee9   Thumb Code   346  atan2.o(i.atan2)
    invSqrt                                  0x08005069   Thumb Code    72  maths.o(i.invSqrt)
    main                                     0x080050b5   Thumb Code    70  main.o(i.main)
    sqrt                                     0x0800510d   Thumb Code    76  sqrt.o(i.sqrt)
    __aeabi_d2f                              0x08005159   Thumb Code     0  d2f.o(x$fpl$d2f)
    _d2f                                     0x08005159   Thumb Code    98  d2f.o(x$fpl$d2f)
    __aeabi_dadd                             0x080051bd   Thumb Code     0  daddsub_clz.o(x$fpl$dadd)
    _dadd                                    0x080051bd   Thumb Code   332  daddsub_clz.o(x$fpl$dadd)
    __fpl_dcheck_NaN1                        0x0800530d   Thumb Code    10  dcheck1.o(x$fpl$dcheck1)
    __fpl_dcmp_Inf                           0x0800531d   Thumb Code    24  dcmpi.o(x$fpl$dcmpinf)
    __aeabi_ddiv                             0x08005335   Thumb Code     0  ddiv.o(x$fpl$ddiv)
    _ddiv                                    0x08005335   Thumb Code   552  ddiv.o(x$fpl$ddiv)
    __aeabi_cdcmple                          0x080055e5   Thumb Code     0  dleqf.o(x$fpl$dleqf)
    _dcmple                                  0x080055e5   Thumb Code   120  dleqf.o(x$fpl$dleqf)
    __fpl_dcmple_InfNaN                      0x08005647   Thumb Code     0  dleqf.o(x$fpl$dleqf)
    __aeabi_dmul                             0x0800565d   Thumb Code     0  dmul.o(x$fpl$dmul)
    _dmul                                    0x0800565d   Thumb Code   332  dmul.o(x$fpl$dmul)
    __fpl_dnaninf                            0x080057b1   Thumb Code   156  dnaninf.o(x$fpl$dnaninf)
    __fpl_dretinf                            0x0800584d   Thumb Code    12  dretinf.o(x$fpl$dretinf)
    __aeabi_cdrcmple                         0x08005859   Thumb Code     0  drleqf.o(x$fpl$drleqf)
    _drcmple                                 0x08005859   Thumb Code   108  drleqf.o(x$fpl$drleqf)
    __aeabi_drsub                            0x080058c5   Thumb Code     0  daddsub_clz.o(x$fpl$drsb)
    _drsb                                    0x080058c5   Thumb Code    22  daddsub_clz.o(x$fpl$drsb)
    _dsqrt                                   0x080058dd   Thumb Code   456  dsqrt_noumaal.o(x$fpl$dsqrt)
    __aeabi_dsub                             0x08005aa9   Thumb Code     0  daddsub_clz.o(x$fpl$dsub)
    _dsub                                    0x08005aa9   Thumb Code   464  daddsub_clz.o(x$fpl$dsub)
    __aeabi_f2d                              0x08005c7d   Thumb Code     0  f2d.o(x$fpl$f2d)
    _f2d                                     0x08005c7d   Thumb Code    86  f2d.o(x$fpl$f2d)
    __aeabi_fadd                             0x08005cd5   Thumb Code     0  faddsub_clz.o(x$fpl$fadd)
    _fadd                                    0x08005cd5   Thumb Code   196  faddsub_clz.o(x$fpl$fadd)
    __fpl_fcmp_Inf                           0x08005d99   Thumb Code    24  fcmpi.o(x$fpl$fcmpinf)
    __aeabi_fdiv                             0x08005db1   Thumb Code     0  fdiv.o(x$fpl$fdiv)
    _fdiv                                    0x08005db1   Thumb Code   384  fdiv.o(x$fpl$fdiv)
    __aeabi_f2iz                             0x08005f35   Thumb Code     0  ffix.o(x$fpl$ffix)
    _ffix                                    0x08005f35   Thumb Code    54  ffix.o(x$fpl$ffix)
    __aeabi_f2uiz                            0x08005f6d   Thumb Code     0  ffixu.o(x$fpl$ffixu)
    _ffixu                                   0x08005f6d   Thumb Code    62  ffixu.o(x$fpl$ffixu)
    __aeabi_i2f                              0x08005fad   Thumb Code     0  fflt_clz.o(x$fpl$fflt)
    _fflt                                    0x08005fad   Thumb Code    48  fflt_clz.o(x$fpl$fflt)
    __aeabi_ui2f                             0x08005fdd   Thumb Code     0  fflt_clz.o(x$fpl$ffltu)
    _ffltu                                   0x08005fdd   Thumb Code    38  fflt_clz.o(x$fpl$ffltu)
    __aeabi_cfcmple                          0x08006005   Thumb Code     0  fleqf.o(x$fpl$fleqf)
    _fcmple                                  0x08006005   Thumb Code   104  fleqf.o(x$fpl$fleqf)
    __fpl_fcmple_InfNaN                      0x08006057   Thumb Code     0  fleqf.o(x$fpl$fleqf)
    __aeabi_fmul                             0x0800606d   Thumb Code     0  fmul.o(x$fpl$fmul)
    _fmul                                    0x0800606d   Thumb Code   258  fmul.o(x$fpl$fmul)
    __fpl_fnaninf                            0x0800616f   Thumb Code   140  fnaninf.o(x$fpl$fnaninf)
    __fpl_fretinf                            0x080061fb   Thumb Code    10  fretinf.o(x$fpl$fretinf)
    __aeabi_cfrcmple                         0x08006205   Thumb Code     0  frleqf.o(x$fpl$frleqf)
    _frcmple                                 0x08006205   Thumb Code    98  frleqf.o(x$fpl$frleqf)
    __aeabi_frsub                            0x08006267   Thumb Code     0  faddsub_clz.o(x$fpl$frsb)
    _frsb                                    0x08006267   Thumb Code    20  faddsub_clz.o(x$fpl$frsb)
    __aeabi_fsub                             0x0800627d   Thumb Code     0  faddsub_clz.o(x$fpl$fsub)
    _fsub                                    0x0800627d   Thumb Code   234  faddsub_clz.o(x$fpl$fsub)
    __fpl_return_NaN                         0x08006367   Thumb Code   100  retnan.o(x$fpl$retnan)
    __ARM_scalbn                             0x080063cb   Thumb Code    92  scalbn.o(x$fpl$scalbn)
    __fpl_cmpreturn                          0x08006427   Thumb Code    48  trapv.o(x$fpl$trapveneer)
    __I$use$fp                               0x08006456   Number         0  usenofp.o(x$fpl$usenofp)
    __mathlib_zero                           0x08006540   Data           8  qnan.o(.constdata)
    Region$$Table$$Base                      0x08006548   Number         0  anon$$obj.o(Region$$Table)
    Region$$Table$$Limit                     0x08006568   Number         0  anon$$obj.o(Region$$Table)
    Count_1ms                                0x20000000   Data           1  stm32f10x_it.o(.data)
    Count_2ms                                0x20000001   Data           1  stm32f10x_it.o(.data)
    Count_4ms                                0x20000002   Data           1  stm32f10x_it.o(.data)
    q0                                       0x20000004   Data           4  imu.o(.data)
    q1                                       0x20000008   Data           4  imu.o(.data)
    q2                                       0x2000000c   Data           4  imu.o(.data)
    q3                                       0x20000010   Data           4  imu.o(.data)
    exInt                                    0x20000014   Data           4  imu.o(.data)
    eyInt                                    0x20000018   Data           4  imu.o(.data)
    ezInt                                    0x2000001c   Data           4  imu.o(.data)
    Bsp_Int_Ok                               0x20000040   Data           1  tasks.o(.data)
    Rc_Lock                                  0x20000048   Data           1  control.o(.data)
    TxCount                                  0x2000004c   Data           1  uart.o(.data)
    Count                                    0x2000004d   Data           1  uart.o(.data)
    Timer3_Count                             0x20000050   Data           4  timer3.o(.data)
    Timer3_Frequency                         0x20000054   Data           2  timer3.o(.data)
    DataVar                                  0x20000058   Data           2  eeprom.o(.data)
    CurWrAddress                             0x2000005c   Data           4  eeprom.o(.data)
    acc                                      0x20000060   Data           6  struct_all.o(.data)
    gyro                                     0x20000066   Data           6  struct_all.o(.data)
    filter_acc                               0x2000006c   Data           6  struct_all.o(.data)
    filter_gyro                              0x20000072   Data           6  struct_all.o(.data)
    offset_acc                               0x20000078   Data           6  struct_all.o(.data)
    offset_gyro                              0x2000007e   Data           6  struct_all.o(.data)
    data_x                                   0x20000084   Data           2  struct_all.o(.data)
    data_y                                   0x20000086   Data           2  struct_all.o(.data)
    data_z                                   0x20000088   Data           2  struct_all.o(.data)
    VirtAddVarTab                            0x2000008a   Data          32  struct_all.o(.data)
    ADC_Value                                0x200000ac   Data           4  dma_adc.o(.data)
    Battery_Fly                              0x200000b0   Data           2  dma_adc.o(.data)
    GYRO_Offset                              0x200000b4   Data           1  i2c_mpu6050.o(.data)
    ACC_Offset                               0x200000b5   Data           1  i2c_mpu6050.o(.data)
    I2C_Erro                                 0x200000b8   Data           4  i2c_mpu6050.o(.data)
    RF_ok_Flag                               0x200000da   Data           1  spi_nrf24l01.o(.data)
    RxBuffer                                 0x20000230   Data          50  uart.o(.bss)
    SI_acc                                   0x20000264   Data          12  struct_all.o(.bss)
    SI_gyro                                  0x20000270   Data          12  struct_all.o(.bss)
    Rc                                       0x2000027c   Data          16  struct_all.o(.bss)
    out_angle                                0x2000028c   Data          12  struct_all.o(.bss)
    pitch                                    0x20000298   Data          20  struct_all.o(.bss)
    roll                                     0x200002ac   Data          20  struct_all.o(.bss)
    gyro_pitch                               0x200002c0   Data          20  struct_all.o(.bss)
    gyro_roll                                0x200002d4   Data          20  struct_all.o(.bss)
    gyro_yaw                                 0x200002e8   Data          20  struct_all.o(.bss)
    NRF24L01_RXDATA                          0x2000030a   Data          32  spi_nrf24l01.o(.bss)
    NRF24L01_TXDATA                          0x2000032a   Data          32  spi_nrf24l01.o(.bss)
    __libspace_start                         0x2000034c   Data          96  libspace.o(.bss)
    __temporary_stack_top$libspace           0x200003ac   Data           0  libspace.o(.bss)



==============================================================================

Memory Map of the image

  Image Entry point : 0x080000ed

  Load Region LR_IROM1 (Base: 0x08000000, Size: 0x00006668, Max: 0x00010000, ABSOLUTE)

    Execution Region ER_IROM1 (Base: 0x08000000, Size: 0x00006568, Max: 0x00010000, ABSOLUTE)

    Base Addr    Size         Type   Attr      Idx    E Section Name        Object

    0x08000000   0x000000ec   Data   RO            3    RESET               startup_stm32f10x_md.o
    0x080000ec   0x00000008   Code   RO         3988  * !!!main             c_w.l(__main.o)
    0x080000f4   0x00000034   Code   RO         4279    !!!scatter          c_w.l(__scatter.o)
    0x08000128   0x0000001a   Code   RO         4281    !!handler_copy      c_w.l(__scatter_copy.o)
    0x08000142   0x00000002   PAD
    0x08000144   0x0000001c   Code   RO         4283    !!handler_zi        c_w.l(__scatter_zi.o)
    0x08000160   0x00000002   Code   RO         4149    .ARM.Collect$$libinit$$00000000  c_w.l(libinit.o)
    0x08000162   0x00000000   Code   RO         4155    .ARM.Collect$$libinit$$00000002  c_w.l(libinit2.o)
    0x08000162   0x00000000   Code   RO         4157    .ARM.Collect$$libinit$$00000004  c_w.l(libinit2.o)
    0x08000162   0x00000000   Code   RO         4160    .ARM.Collect$$libinit$$0000000A  c_w.l(libinit2.o)
    0x08000162   0x00000000   Code   RO         4162    .ARM.Collect$$libinit$$0000000C  c_w.l(libinit2.o)
    0x08000162   0x00000000   Code   RO         4164    .ARM.Collect$$libinit$$0000000E  c_w.l(libinit2.o)
    0x08000162   0x00000000   Code   RO         4167    .ARM.Collect$$libinit$$00000011  c_w.l(libinit2.o)
    0x08000162   0x00000000   Code   RO         4169    .ARM.Collect$$libinit$$00000013  c_w.l(libinit2.o)
    0x08000162   0x00000000   Code   RO         4171    .ARM.Collect$$libinit$$00000015  c_w.l(libinit2.o)
    0x08000162   0x00000000   Code   RO         4173    .ARM.Collect$$libinit$$00000017  c_w.l(libinit2.o)
    0x08000162   0x00000000   Code   RO         4175    .ARM.Collect$$libinit$$00000019  c_w.l(libinit2.o)
    0x08000162   0x00000000   Code   RO         4177    .ARM.Collect$$libinit$$0000001B  c_w.l(libinit2.o)
    0x08000162   0x00000000   Code   RO         4179    .ARM.Collect$$libinit$$0000001D  c_w.l(libinit2.o)
    0x08000162   0x00000000   Code   RO         4181    .ARM.Collect$$libinit$$0000001F  c_w.l(libinit2.o)
    0x08000162   0x00000000   Code   RO         4183    .ARM.Collect$$libinit$$00000021  c_w.l(libinit2.o)
    0x08000162   0x00000000   Code   RO         4185    .ARM.Collect$$libinit$$00000023  c_w.l(libinit2.o)
    0x08000162   0x00000000   Code   RO         4187    .ARM.Collect$$libinit$$00000025  c_w.l(libinit2.o)
    0x08000162   0x00000000   Code   RO         4191    .ARM.Collect$$libinit$$0000002C  c_w.l(libinit2.o)
    0x08000162   0x00000000   Code   RO         4193    .ARM.Collect$$libinit$$0000002E  c_w.l(libinit2.o)
    0x08000162   0x00000000   Code   RO         4195    .ARM.Collect$$libinit$$00000030  c_w.l(libinit2.o)
    0x08000162   0x00000000   Code   RO         4197    .ARM.Collect$$libinit$$00000032  c_w.l(libinit2.o)
    0x08000162   0x00000002   Code   RO         4198    .ARM.Collect$$libinit$$00000033  c_w.l(libinit2.o)
    0x08000164   0x00000002   Code   RO         4220    .ARM.Collect$$libshutdown$$00000000  c_w.l(libshutdown.o)
    0x08000166   0x00000000   Code   RO         4234    .ARM.Collect$$libshutdown$$00000003  c_w.l(libshutdown2.o)
    0x08000166   0x00000000   Code   RO         4237    .ARM.Collect$$libshutdown$$00000006  c_w.l(libshutdown2.o)
    0x08000166   0x00000000   Code   RO         4240    .ARM.Collect$$libshutdown$$00000009  c_w.l(libshutdown2.o)
    0x08000166   0x00000000   Code   RO         4242    .ARM.Collect$$libshutdown$$0000000B  c_w.l(libshutdown2.o)
    0x08000166   0x00000000   Code   RO         4245    .ARM.Collect$$libshutdown$$0000000E  c_w.l(libshutdown2.o)
    0x08000166   0x00000002   Code   RO         4246    .ARM.Collect$$libshutdown$$0000000F  c_w.l(libshutdown2.o)
    0x08000168   0x00000000   Code   RO         4046    .ARM.Collect$$rtentry$$00000000  c_w.l(__rtentry.o)
    0x08000168   0x00000000   Code   RO         4112    .ARM.Collect$$rtentry$$00000002  c_w.l(__rtentry2.o)
    0x08000168   0x00000006   Code   RO         4124    .ARM.Collect$$rtentry$$00000004  c_w.l(__rtentry4.o)
    0x0800016e   0x00000000   Code   RO         4114    .ARM.Collect$$rtentry$$00000009  c_w.l(__rtentry2.o)
    0x0800016e   0x00000004   Code   RO         4115    .ARM.Collect$$rtentry$$0000000A  c_w.l(__rtentry2.o)
    0x08000172   0x00000000   Code   RO         4117    .ARM.Collect$$rtentry$$0000000C  c_w.l(__rtentry2.o)
    0x08000172   0x00000008   Code   RO         4118    .ARM.Collect$$rtentry$$0000000D  c_w.l(__rtentry2.o)
    0x0800017a   0x00000002   Code   RO         4152    .ARM.Collect$$rtexit$$00000000  c_w.l(rtexit.o)
    0x0800017c   0x00000000   Code   RO         4202    .ARM.Collect$$rtexit$$00000002  c_w.l(rtexit2.o)
    0x0800017c   0x00000004   Code   RO         4203    .ARM.Collect$$rtexit$$00000003  c_w.l(rtexit2.o)
    0x08000180   0x00000006   Code   RO         4204    .ARM.Collect$$rtexit$$00000004  c_w.l(rtexit2.o)
    0x08000186   0x00000002   PAD
    0x08000188   0x00000040   Code   RO            4    .text               startup_stm32f10x_md.o
    0x080001c8   0x00000006   Code   RO         3986    .text               c_w.l(heapauxi.o)
    0x080001ce   0x00000016   Code   RO         4047    .text               c_w.l(_rserrno.o)
    0x080001e4   0x00000008   Code   RO         4129    .text               c_w.l(rt_errno_addr_intlibspace.o)
    0x080001ec   0x00000008   Code   RO         4137    .text               c_w.l(libspace.o)
    0x080001f4   0x0000004a   Code   RO         4140    .text               c_w.l(sys_stackheap_outer.o)
    0x0800023e   0x0000000c   Code   RO         4142    .text               c_w.l(exit.o)
    0x0800024a   0x00000002   PAD
    0x0800024c   0x0000000c   Code   RO         4212    .text               c_w.l(sys_exit.o)
    0x08000258   0x00000002   Code   RO         4223    .text               c_w.l(use_no_semi.o)
    0x0800025a   0x00000000   Code   RO         4225    .text               c_w.l(indicate_semi.o)
    0x0800025a   0x00000002   PAD
    0x0800025c   0x000000b4   Code   RO          301    i.ACC_IIR_Filter    filter.o
    0x08000310   0x00000038   Code   RO          712    i.ADC1_GPIO_Config  dma_adc.o
    0x08000348   0x0000000c   Code   RO          713    i.ADC1_Init         dma_adc.o
    0x08000354   0x000000f4   Code   RO          714    i.ADC1_Mode_Config  dma_adc.o
    0x08000448   0x00000016   Code   RO         1059    i.ADC_Cmd           stm32f10x_adc.o
    0x0800045e   0x00000016   Code   RO         1060    i.ADC_DMACmd        stm32f10x_adc.o
    0x08000474   0x0000005c   Code   RO         1061    i.ADC_DeInit        stm32f10x_adc.o
    0x080004d0   0x00000014   Code   RO         1067    i.ADC_GetCalibrationStatus  stm32f10x_adc.o
    0x080004e4   0x00000014   Code   RO         1073    i.ADC_GetResetCalibrationStatus  stm32f10x_adc.o
    0x080004f8   0x00000050   Code   RO         1077    i.ADC_Init          stm32f10x_adc.o
    0x08000548   0x000000b8   Code   RO         1081    i.ADC_RegularChannelConfig  stm32f10x_adc.o
    0x08000600   0x0000000a   Code   RO         1082    i.ADC_ResetCalibration  stm32f10x_adc.o
    0x0800060a   0x00000016   Code   RO         1084    i.ADC_SoftwareStartConvCmd  stm32f10x_adc.o
    0x08000620   0x0000000a   Code   RO         1086    i.ADC_StartCalibration  stm32f10x_adc.o
    0x0800062a   0x00000002   PAD
    0x0800062c   0x00000024   Code   RO         1088    i.ADC_TempSensorVrefintCmd  stm32f10x_adc.o
    0x08000650   0x00000084   Code   RO          327    i.BSP_Int           tasks.o
    0x080006d4   0x00000004   Code   RO          163    i.BusFault_Handler  stm32f10x_it.o
    0x080006d8   0x00000040   Code   RO          302    i.Calculate_FilteringCoefficient  filter.o
    0x08000718   0x00000288   Code   RO          401    i.Control_Angle     control.o
    0x080009a0   0x00000518   Code   RO          402    i.Control_Gyro      control.o
    0x08000eb8   0x00000018   Code   RO         1744    i.DMA_Cmd           stm32f10x_dma.o
    0x08000ed0   0x0000014c   Code   RO         1745    i.DMA_DeInit        stm32f10x_dma.o
    0x0800101c   0x0000003c   Code   RO         1750    i.DMA_Init          stm32f10x_dma.o
    0x08001058   0x00000002   Code   RO          164    i.DebugMon_Handler  stm32f10x_it.o
    0x0800105a   0x00000002   PAD
    0x0800105c   0x0000000c   Code   RO          746    i.Do_ACC_Offset     i2c_mpu6050.o
    0x08001068   0x0000000c   Code   RO          747    i.Do_GYRO_Offset    i2c_mpu6050.o
    0x08001074   0x00000048   Code   RO          639    i.EEPROM_INIT       struct_all.o
    0x080010bc   0x00000050   Code   RO          640    i.EEPROM_READ_ACC_OFFSET  struct_all.o
    0x0800110c   0x00000050   Code   RO          641    i.EEPROM_READ_GYRO_OFFSET  struct_all.o
    0x0800115c   0x00000150   Code   RO          642    i.EEPROM_READ_PID   struct_all.o
    0x080012ac   0x00000044   Code   RO          643    i.EEPROM_SAVE_ACC_OFFSET  struct_all.o
    0x080012f0   0x00000044   Code   RO          644    i.EEPROM_SAVE_GYRO_OFFSET  struct_all.o
    0x08001334   0x0000013c   Code   RO          645    i.EEPROM_SAVE_PID   struct_all.o
    0x08001470   0x00000058   Code   RO          576    i.EE_FindValidPage  eeprom.o
    0x080014c8   0x0000003c   Code   RO          577    i.EE_Format         eeprom.o
    0x08001504   0x00000010   Code   RO          578    i.EE_Init           eeprom.o
    0x08001514   0x000000f4   Code   RO          579    i.EE_PageTransfer   eeprom.o
    0x08001608   0x00000060   Code   RO          580    i.EE_ReadVariable   eeprom.o
    0x08001668   0x00000088   Code   RO          581    i.EE_VerifyPageFullWriteVariable  eeprom.o
    0x080016f0   0x00000024   Code   RO          582    i.EE_WriteVariable  eeprom.o
    0x08001714   0x00000016   Code   RO          165    i.EXTI0_IRQHandler  stm32f10x_it.o
    0x0800172a   0x00000002   PAD
    0x0800172c   0x0000000c   Code   RO         1815    i.EXTI_ClearITPendingBit  stm32f10x_exti.o
    0x08001738   0x00000028   Code   RO         1819    i.EXTI_GetITStatus  stm32f10x_exti.o
    0x08001760   0x00000094   Code   RO         1820    i.EXTI_Init         stm32f10x_exti.o
    0x080017f4   0x0000004c   Code   RO         1873    i.FLASH_ErasePage   stm32f10x_flash.o
    0x08001840   0x00000034   Code   RO         1874    i.FLASH_GetBank1Status  stm32f10x_flash.o
    0x08001874   0x00000040   Code   RO         1886    i.FLASH_ProgramHalfWord  stm32f10x_flash.o
    0x080018b4   0x00000018   Code   RO         1891    i.FLASH_Unlock      stm32f10x_flash.o
    0x080018cc   0x00000026   Code   RO         1895    i.FLASH_WaitForLastOperation  stm32f10x_flash.o
    0x080018f2   0x00000002   PAD
    0x080018f4   0x00000040   Code   RO         2165    i.GPIO_EXTILineConfig  stm32f10x_gpio.o
    0x08001934   0x00000116   Code   RO         2168    i.GPIO_Init         stm32f10x_gpio.o
    0x08001a4a   0x00000002   PAD
    0x08001a4c   0x00000090   Code   RO         2170    i.GPIO_PinRemapConfig  stm32f10x_gpio.o
    0x08001adc   0x0000001e   Code   RO          377    i.Get_Checksum      maths.o
    0x08001afa   0x00000002   PAD
    0x08001afc   0x00000118   Code   RO          276    i.Get_Eulerian_Angle  imu.o
    0x08001c14   0x00000044   Code   RO          378    i.Get_Radian        maths.o
    0x08001c58   0x000000b4   Code   RO          303    i.Gyro_Filter       filter.o
    0x08001d0c   0x00000004   Code   RO          166    i.HardFault_Handler  stm32f10x_it.o
    0x08001d10   0x00000088   Code   RO          748    i.I2C2_Int          i2c_mpu6050.o
    0x08001d98   0x00000048   Code   RO          749    i.I2C_ACK           i2c_mpu6050.o
    0x08001de0   0x00000044   Code   RO          750    i.I2C_NACK          i2c_mpu6050.o
    0x08001e24   0x0000006c   Code   RO          751    i.I2C_ReadByte      i2c_mpu6050.o
    0x08001e90   0x0000007c   Code   RO          752    i.I2C_Start         i2c_mpu6050.o
    0x08001f0c   0x00000044   Code   RO          753    i.I2C_Stop          i2c_mpu6050.o
    0x08001f50   0x00000064   Code   RO          754    i.I2C_WaitAck       i2c_mpu6050.o
    0x08001fb4   0x00000070   Code   RO          755    i.I2C_WriteByte     i2c_mpu6050.o
    0x08002024   0x0000000a   Code   RO          756    i.I2C_delay         i2c_mpu6050.o
    0x0800202e   0x00000002   PAD
    0x08002030   0x000003cc   Code   RO          277    i.IMUupdate         imu.o
    0x080023fc   0x00000064   Code   RO          583    i.InitCurrWrAddress  eeprom.o
    0x08002460   0x00000144   Code   RO          757    i.InitMPU6050       i2c_mpu6050.o
    0x080025a4   0x00000064   Code   RO          464    i.LED_Init          led.o
    0x08002608   0x000000ac   Code   RO          758    i.MPU6050_Compose   i2c_mpu6050.o
    0x080026b4   0x000001b8   Code   RO          759    i.MPU6050_Offset    i2c_mpu6050.o
    0x0800286c   0x0000006c   Code   RO          761    i.MPU6050_SequenceRead  i2c_mpu6050.o
    0x080028d8   0x00000080   Code   RO          762    i.MPU6050_SingleRead  i2c_mpu6050.o
    0x08002958   0x00000004   Code   RO          167    i.MemManage_Handler  stm32f10x_it.o
    0x0800295c   0x00000050   Code   RO          984    i.Motor_Init        motor.o
    0x080029ac   0x00000058   Code   RO          985    i.Motor_Out         motor.o
    0x08002a04   0x00000002   Code   RO          168    i.NMI_Handler       stm32f10x_it.o
    0x08002a06   0x00000002   PAD
    0x08002a08   0x00000204   Code   RO          863    i.NRF24L01_Analyse  spi_nrf24l01.o
    0x08002c0c   0x00000084   Code   RO          864    i.NRF24L01_Check    spi_nrf24l01.o
    0x08002c90   0x00000064   Code   RO          865    i.NRF24L01_IRQ      spi_nrf24l01.o
    0x08002cf4   0x00000090   Code   RO          866    i.NRF24L01_Init     spi_nrf24l01.o
    0x08002d84   0x00000020   Code   RO          867    i.NRF24L01_Set_RX   spi_nrf24l01.o
    0x08002da4   0x00000020   Code   RO          868    i.NRF24L01_Set_TX   spi_nrf24l01.o
    0x08002dc4   0x00000040   Code   RO          869    i.NRF_Read_Buff     spi_nrf24l01.o
    0x08002e04   0x00000028   Code   RO          870    i.NRF_Read_Reg      spi_nrf24l01.o
    0x08002e2c   0x00000028   Code   RO          871    i.NRF_Send_TX       spi_nrf24l01.o
    0x08002e54   0x0000003c   Code   RO          872    i.NRF_Write_Buf     spi_nrf24l01.o
    0x08002e90   0x0000002c   Code   RO          873    i.NRF_Write_Reg     spi_nrf24l01.o
    0x08002ebc   0x00000070   Code   RO         1017    i.NVIC_Init         misc.o
    0x08002f2c   0x00000014   Code   RO         1018    i.NVIC_PriorityGroupConfig  misc.o
    0x08002f40   0x000000ac   Code   RO          874    i.Nrf_Connect       spi_nrf24l01.o
    0x08002fec   0x00000064   Code   RO          328    i.Nvic_Init         tasks.o
    0x08003050   0x0000007c   Code   RO          646    i.PID_Reset         struct_all.o
    0x080030cc   0x00000002   Code   RO          169    i.PendSV_Handler    stm32f10x_it.o
    0x080030ce   0x00000002   PAD
    0x080030d0   0x0000003c   Code   RO          494    i.PrintHexU8        uart.o
    0x0800310c   0x00000018   Code   RO          497    i.PrintString       uart.o
    0x08003124   0x00000098   Code   RO          438    i.Print_MSP_ATTITUDE  protocol.o
    0x080031bc   0x000001c0   Code   RO          439    i.Print_MSP_FLY_DATA  protocol.o
    0x0800337c   0x00000144   Code   RO          440    i.Print_MSP_RAW_IMU  protocol.o
    0x080034c0   0x00000018   Code   RO         2582    i.RCC_ADCCLKConfig  stm32f10x_rcc.o
    0x080034d8   0x00000020   Code   RO         2583    i.RCC_AHBPeriphClockCmd  stm32f10x_rcc.o
    0x080034f8   0x00000020   Code   RO         2584    i.RCC_APB1PeriphClockCmd  stm32f10x_rcc.o
    0x08003518   0x00000020   Code   RO         2585    i.RCC_APB1PeriphResetCmd  stm32f10x_rcc.o
    0x08003538   0x00000020   Code   RO         2586    i.RCC_APB2PeriphClockCmd  stm32f10x_rcc.o
    0x08003558   0x00000020   Code   RO         2587    i.RCC_APB2PeriphResetCmd  stm32f10x_rcc.o
    0x08003578   0x000000d8   Code   RO         2594    i.RCC_GetClocksFreq  stm32f10x_rcc.o
    0x08003650   0x000000e0   Code   RO          403    i.RC_LOCK           control.o
    0x08003730   0x000000fe   Code   RO          404    i.RC_Limit          control.o
    0x0800382e   0x00000002   PAD
    0x08003830   0x00000120   Code   RO          875    i.SPI1_Init         spi_nrf24l01.o
    0x08003950   0x00000018   Code   RO         3063    i.SPI_Cmd           stm32f10x_spi.o
    0x08003968   0x00000012   Code   RO         3071    i.SPI_I2S_GetFlagStatus  stm32f10x_spi.o
    0x0800397a   0x00000006   Code   RO         3074    i.SPI_I2S_ReceiveData  stm32f10x_spi.o
    0x08003980   0x00000004   Code   RO         3075    i.SPI_I2S_SendData  stm32f10x_spi.o
    0x08003984   0x0000003c   Code   RO         3076    i.SPI_Init          stm32f10x_spi.o
    0x080039c0   0x00000038   Code   RO          876    i.SPI_RW            spi_nrf24l01.o
    0x080039f8   0x00000002   Code   RO          170    i.SVC_Handler       stm32f10x_it.o
    0x080039fa   0x00000002   PAD
    0x080039fc   0x00000048   Code   RO          877    i.Send_Data_Back    spi_nrf24l01.o
    0x08003a44   0x00000008   Code   RO          242    i.SetSysClock       system_stm32f10x.o
    0x08003a4c   0x000000e0   Code   RO          243    i.SetSysClockTo72   system_stm32f10x.o
    0x08003b2c   0x0000004c   Code   RO          763    i.Single_ReadI2C    i2c_mpu6050.o
    0x08003b78   0x00000040   Code   RO          764    i.Single_WriteI2C   i2c_mpu6050.o
    0x08003bb8   0x00000060   Code   RO          245    i.SystemInit        system_stm32f10x.o
    0x08003c18   0x00000060   Code   RO          171    i.TIM3_IRQHandler   stm32f10x_it.o
    0x08003c78   0x00000018   Code   RO         3206    i.TIM_ARRPreloadConfig  stm32f10x_tim.o
    0x08003c90   0x00000006   Code   RO         3212    i.TIM_ClearFlag     stm32f10x_tim.o
    0x08003c96   0x00000018   Code   RO         3218    i.TIM_Cmd           stm32f10x_tim.o
    0x08003cae   0x00000002   PAD
    0x08003cb0   0x000001e8   Code   RO         3223    i.TIM_DeInit        stm32f10x_tim.o
    0x08003e98   0x00000012   Code   RO         3243    i.TIM_ITConfig      stm32f10x_tim.o
    0x08003eaa   0x00000002   PAD
    0x08003eac   0x00000098   Code   RO         3247    i.TIM_OC1Init       stm32f10x_tim.o
    0x08003f44   0x00000012   Code   RO         3250    i.TIM_OC1PreloadConfig  stm32f10x_tim.o
    0x08003f56   0x00000002   PAD
    0x08003f58   0x000000a4   Code   RO         3252    i.TIM_OC2Init       stm32f10x_tim.o
    0x08003ffc   0x0000001a   Code   RO         3255    i.TIM_OC2PreloadConfig  stm32f10x_tim.o
    0x08004016   0x00000002   PAD
    0x08004018   0x000000a0   Code   RO         3257    i.TIM_OC3Init       stm32f10x_tim.o
    0x080040b8   0x00000012   Code   RO         3260    i.TIM_OC3PreloadConfig  stm32f10x_tim.o
    0x080040ca   0x00000002   PAD
    0x080040cc   0x0000007c   Code   RO         3262    i.TIM_OC4Init       stm32f10x_tim.o
    0x08004148   0x0000001a   Code   RO         3264    i.TIM_OC4PreloadConfig  stm32f10x_tim.o
    0x08004162   0x00000002   PAD
    0x08004164   0x000000a4   Code   RO         3289    i.TIM_TimeBaseInit  stm32f10x_tim.o
    0x08004208   0x000000ec   Code   RO          329    i.Task_1000HZ       tasks.o
    0x080042f4   0x000000ac   Code   RO          330    i.Task_250HZ        tasks.o
    0x080043a0   0x00000034   Code   RO          331    i.Task_500HZ        tasks.o
    0x080043d4   0x000000a0   Code   RO          986    i.Tim2_init         motor.o
    0x08004474   0x00000064   Code   RO          557    i.Timer3_Init       timer3.o
    0x080044d8   0x00000078   Code   RO          500    i.USART1_IRQHandler  uart.o
    0x08004550   0x00000012   Code   RO         3750    i.USART_ClearFlag   stm32f10x_usart.o
    0x08004562   0x00000018   Code   RO         3754    i.USART_Cmd         stm32f10x_usart.o
    0x0800457a   0x0000001a   Code   RO         3757    i.USART_GetFlagStatus  stm32f10x_usart.o
    0x08004594   0x0000004a   Code   RO         3760    i.USART_ITConfig    stm32f10x_usart.o
    0x080045de   0x00000002   PAD
    0x080045e0   0x000000d8   Code   RO         3761    i.USART_Init        stm32f10x_usart.o
    0x080046b8   0x0000000a   Code   RO         3768    i.USART_ReceiveData  stm32f10x_usart.o
    0x080046c2   0x00000002   PAD
    0x080046c4   0x00000098   Code   RO          501    i.Uart1_Init        uart.o
    0x0800475c   0x00000004   Code   RO          172    i.UsageFault_Handler  stm32f10x_it.o
    0x08004760   0x00000028   Code   RO         4098    i.__ARM_fpclassify  m_ws.l(fpclassify.o)
    0x08004788   0x000001f8   Code   RO          584    i.__EE_Init         eeprom.o
    0x08004980   0x000000aa   Code   RO         4100    i.__kernel_poly     m_ws.l(poly.o)
    0x08004a2a   0x00000006   Code   RO         4085    i.__mathlib_dbl_infnan  m_ws.l(dunder.o)
    0x08004a30   0x00000004   Code   RO         4086    i.__mathlib_dbl_infnan2  m_ws.l(dunder.o)
    0x08004a34   0x0000000c   Code   RO         4087    i.__mathlib_dbl_invalid  m_ws.l(dunder.o)
    0x08004a40   0x00000010   Code   RO         4090    i.__mathlib_dbl_underflow  m_ws.l(dunder.o)
    0x08004a50   0x00000006   Code   RO          647    i.__set_PRIMASK     struct_all.o
    0x08004a56   0x00000002   PAD
    0x08004a58   0x00000270   Code   RO         4029    i.asin              m_ws.l(asin.o)
    0x08004cc8   0x00000220   Code   RO         4075    i.atan              m_ws.l(atan.o)
    0x08004ee8   0x00000180   Code   RO         4039    i.atan2             m_ws.l(atan2.o)
    0x08005068   0x0000004c   Code   RO          379    i.invSqrt           maths.o
    0x080050b4   0x00000058   Code   RO           12    i.main              main.o
    0x0800510c   0x0000004c   Code   RO         4104    i.sqrt              m_ws.l(sqrt.o)
    0x08005158   0x00000062   Code   RO         3990    x$fpl$d2f           fz_ws.l(d2f.o)
    0x080051ba   0x00000002   PAD
    0x080051bc   0x00000150   Code   RO         4049    x$fpl$dadd          fz_ws.l(daddsub_clz.o)
    0x0800530c   0x00000010   Code   RO         4131    x$fpl$dcheck1       fz_ws.l(dcheck1.o)
    0x0800531c   0x00000018   Code   RO         4133    x$fpl$dcmpinf       fz_ws.l(dcmpi.o)
    0x08005334   0x000002b0   Code   RO         4056    x$fpl$ddiv          fz_ws.l(ddiv.o)
    0x080055e4   0x00000078   Code   RO         4059    x$fpl$dleqf         fz_ws.l(dleqf.o)
    0x0800565c   0x00000154   Code   RO         3992    x$fpl$dmul          fz_ws.l(dmul.o)
    0x080057b0   0x0000009c   Code   RO         4061    x$fpl$dnaninf       fz_ws.l(dnaninf.o)
    0x0800584c   0x0000000c   Code   RO         4063    x$fpl$dretinf       fz_ws.l(dretinf.o)
    0x08005858   0x0000006c   Code   RO         3994    x$fpl$drleqf        fz_ws.l(drleqf.o)
    0x080058c4   0x00000016   Code   RO         4050    x$fpl$drsb          fz_ws.l(daddsub_clz.o)
    0x080058da   0x00000002   PAD
    0x080058dc   0x000001cc   Code   RO         4135    x$fpl$dsqrt         fz_ws.l(dsqrt_noumaal.o)
    0x08005aa8   0x000001d4   Code   RO         4051    x$fpl$dsub          fz_ws.l(daddsub_clz.o)
    0x08005c7c   0x00000056   Code   RO         3996    x$fpl$f2d           fz_ws.l(f2d.o)
    0x08005cd2   0x00000002   PAD
    0x08005cd4   0x000000c4   Code   RO         3998    x$fpl$fadd          fz_ws.l(faddsub_clz.o)
    0x08005d98   0x00000018   Code   RO         4065    x$fpl$fcmpinf       fz_ws.l(fcmpi.o)
    0x08005db0   0x00000184   Code   RO         4005    x$fpl$fdiv          fz_ws.l(fdiv.o)
    0x08005f34   0x00000036   Code   RO         4008    x$fpl$ffix          fz_ws.l(ffix.o)
    0x08005f6a   0x00000002   PAD
    0x08005f6c   0x0000003e   Code   RO         4012    x$fpl$ffixu         fz_ws.l(ffixu.o)
    0x08005faa   0x00000002   PAD
    0x08005fac   0x00000030   Code   RO         4017    x$fpl$fflt          fz_ws.l(fflt_clz.o)
    0x08005fdc   0x00000026   Code   RO         4016    x$fpl$ffltu         fz_ws.l(fflt_clz.o)
    0x08006002   0x00000002   PAD
    0x08006004   0x00000068   Code   RO         4022    x$fpl$fleqf         fz_ws.l(fleqf.o)
    0x0800606c   0x00000102   Code   RO         4024    x$fpl$fmul          fz_ws.l(fmul.o)
    0x0800616e   0x0000008c   Code   RO         4067    x$fpl$fnaninf       fz_ws.l(fnaninf.o)
    0x080061fa   0x0000000a   Code   RO         4069    x$fpl$fretinf       fz_ws.l(fretinf.o)
    0x08006204   0x00000062   Code   RO         4026    x$fpl$frleqf        fz_ws.l(frleqf.o)
    0x08006266   0x00000014   Code   RO         3999    x$fpl$frsb          fz_ws.l(faddsub_clz.o)
    0x0800627a   0x00000002   PAD
    0x0800627c   0x000000ea   Code   RO         4000    x$fpl$fsub          fz_ws.l(faddsub_clz.o)
    0x08006366   0x00000064   Code   RO         4150    x$fpl$retnan        fz_ws.l(retnan.o)
    0x080063ca   0x0000005c   Code   RO         4071    x$fpl$scalbn        fz_ws.l(scalbn.o)
    0x08006426   0x00000030   Code   RO         4199    x$fpl$trapveneer    fz_ws.l(trapv.o)
    0x08006456   0x00000000   Code   RO         4073    x$fpl$usenofp       fz_ws.l(usenofp.o)
    0x08006456   0x00000002   PAD
    0x08006458   0x00000050   Data   RO         4030    .constdata          m_ws.l(asin.o)
    0x080064a8   0x00000098   Data   RO         4076    .constdata          m_ws.l(atan.o)
    0x08006540   0x00000008   Data   RO         4102    .constdata          m_ws.l(qnan.o)
    0x08006548   0x00000020   Data   RO         4277    Region$$Table       anon$$obj.o


    Execution Region RW_IRAM1 (Base: 0x20000000, Size: 0x000009b0, Max: 0x00005000, ABSOLUTE)

    Base Addr    Size         Type   Attr      Idx    E Section Name        Object

    0x20000000   0x00000003   Data   RW          173    .data               stm32f10x_it.o
    0x20000003   0x00000001   PAD
    0x20000004   0x0000001c   Data   RW          278    .data               imu.o
    0x20000020   0x0000001d   Data   RW          304    .data               filter.o
    0x2000003d   0x00000003   PAD
    0x20000040   0x00000008   Data   RW          332    .data               tasks.o
    0x20000048   0x00000004   Data   RW          406    .data               control.o
    0x2000004c   0x00000002   Data   RW          503    .data               uart.o
    0x2000004e   0x00000002   PAD
    0x20000050   0x00000006   Data   RW          558    .data               timer3.o
    0x20000056   0x00000002   PAD
    0x20000058   0x00000008   Data   RW          585    .data               eeprom.o
    0x20000060   0x0000004a   Data   RW          649    .data               struct_all.o
    0x200000aa   0x00000008   Data   RW          716    .data               dma_adc.o
    0x200000b2   0x00000002   PAD
    0x200000b4   0x00000025   Data   RW          766    .data               i2c_mpu6050.o
    0x200000d9   0x00000001   PAD
    0x200000da   0x0000000f   Data   RW          879    .data               spi_nrf24l01.o
    0x200000e9   0x00000014   Data   RW         2614    .data               stm32f10x_rcc.o
    0x200000fd   0x00000003   PAD
    0x20000100   0x00000030   Zero   RW          405    .bss                control.o
    0x20000130   0x00000132   Zero   RW          502    .bss                uart.o
    0x20000262   0x00000002   PAD
    0x20000264   0x00000098   Zero   RW          648    .bss                struct_all.o
    0x200002fc   0x0000000e   Zero   RW          765    .bss                i2c_mpu6050.o
    0x2000030a   0x00000040   Zero   RW          878    .bss                spi_nrf24l01.o
    0x2000034a   0x00000002   PAD
    0x2000034c   0x00000060   Zero   RW         4138    .bss                c_w.l(libspace.o)
    0x200003ac   0x00000004   PAD
    0x200003b0   0x00000200   Zero   RW            2    HEAP                startup_stm32f10x_md.o
    0x200005b0   0x00000400   Zero   RW            1    STACK               startup_stm32f10x_md.o


==============================================================================

Image component sizes


      Code (inc. data)   RO Data    RW Data    ZI Data      Debug   Object Name

      2430        130          0          4         48       3806   control.o
       312         20          0          8          0       2096   dma_adc.o
      1280         80          0          8          0       7486   eeprom.o
       424         34          0         29          0       2580   filter.o
      2134        264          0         37         14      10431   i2c_mpu6050.o
      1252         62          0         28          0       2217   imu.o
       100         18          0          0          0        487   led.o
        88         18          0          0          0     288349   main.o
       174         10          0          0          0       1982   maths.o
       132         22          0          0          0       1643   misc.o
       328         38          0          0          0       1713   motor.o
       924         56          0          0          0       1902   protocol.o
      1792        244          0         15         64       9730   spi_nrf24l01.o
        64         26        236          0       1536        920   startup_stm32f10x_md.o
       518         30          0          0          0       8801   stm32f10x_adc.o
       416          8          0          0          0       3562   stm32f10x_dma.o
       200         18          0          0          0       2236   stm32f10x_exti.o
       254         24          0          0          0       3073   stm32f10x_flash.o
       486         10          0          0          0       3524   stm32f10x_gpio.o
       142         26          0          3          0       4665   stm32f10x_it.o
       400         60          0         20          0       6947   stm32f10x_rcc.o
       112          0          0          0          0       4002   stm32f10x_spi.o
      1412        156          0          0          0       9816   stm32f10x_tim.o
       368          6          0          0          0       5590   stm32f10x_usart.o
      1150        188          0         74        152      21960   struct_all.o
       328         28          0          0          0       1905   system_stm32f10x.o
       692        126          0          8          0       2731   tasks.o
       100         14          0          6          0        838   timer3.o
       356         40          0          2        306       2725   uart.o

    ----------------------------------------------------------------------
     18408       1756        268        256       2124     417717   Object Totals
         0          0         32          0          0          0   (incl. Generated)
        40          0          0         14          4          0   (incl. Padding)

    ----------------------------------------------------------------------

      Code (inc. data)   RO Data    RW Data    ZI Data      Debug   Library Member Name

         8          0          0          0          0         68   __main.o
         0          0          0          0          0          0   __rtentry.o
        12          0          0          0          0          0   __rtentry2.o
         6          0          0          0          0          0   __rtentry4.o
        52          8          0          0          0          0   __scatter.o
        26          0          0          0          0          0   __scatter_copy.o
        28          0          0          0          0          0   __scatter_zi.o
        22          0          0          0          0        100   _rserrno.o
        12          0          0          0          0         72   exit.o
         6          0          0          0          0        152   heapauxi.o
         0          0          0          0          0          0   indicate_semi.o
         2          0          0          0          0          0   libinit.o
         2          0          0          0          0          0   libinit2.o
         2          0          0          0          0          0   libshutdown.o
         2          0          0          0          0          0   libshutdown2.o
         8          4          0          0         96         68   libspace.o
         8          4          0          0          0         68   rt_errno_addr_intlibspace.o
         2          0          0          0          0          0   rtexit.o
        10          0          0          0          0          0   rtexit2.o
        12          4          0          0          0         68   sys_exit.o
        74          0          0          0          0         80   sys_stackheap_outer.o
         2          0          0          0          0         68   use_no_semi.o
        98          4          0          0          0         92   d2f.o
       826         16          0          0          0        348   daddsub_clz.o
        16          4          0          0          0         68   dcheck1.o
        24          0          0          0          0         68   dcmpi.o
       688        140          0          0          0        208   ddiv.o
       120          4          0          0          0         92   dleqf.o
       340         12          0          0          0        104   dmul.o
       156          4          0          0          0         92   dnaninf.o
        12          0          0          0          0         68   dretinf.o
       108          0          0          0          0         80   drleqf.o
       460         56          0          0          0        120   dsqrt_noumaal.o
        86          4          0          0          0         84   f2d.o
       450          8          0          0          0        236   faddsub_clz.o
        24          0          0          0          0         68   fcmpi.o
       388         76          0          0          0         96   fdiv.o
        54          4          0          0          0         84   ffix.o
        62          4          0          0          0         84   ffixu.o
        86          0          0          0          0        136   fflt_clz.o
       104          4          0          0          0         84   fleqf.o
       258          4          0          0          0         84   fmul.o
       140          4          0          0          0         84   fnaninf.o
        10          0          0          0          0         68   fretinf.o
        98          0          0          0          0         68   frleqf.o
       100          0          0          0          0         68   retnan.o
        92          0          0          0          0         68   scalbn.o
        48          0          0          0          0         68   trapv.o
         0          0          0          0          0          0   usenofp.o
       624         52         80          0          0        168   asin.o
       544         70        152          0          0        124   atan.o
       384         38          0          0          0        144   atan2.o
        38          6          0          0          0        272   dunder.o
        40          0          0          0          0         68   fpclassify.o
       170          0          0          0          0         96   poly.o
         0          0          8          0          0          0   qnan.o
        76          0          0          0          0         84   sqrt.o

    ----------------------------------------------------------------------
      7044        534        240          0        100       4420   Library Totals
        24          0          0          0          4          0   (incl. Padding)

    ----------------------------------------------------------------------

      Code (inc. data)   RO Data    RW Data    ZI Data      Debug   Library Name

       296         20          0          0         96        744   c_w.l
      4848        348          0          0          0       2720   fz_ws.l
      1876        166        240          0          0        956   m_ws.l

    ----------------------------------------------------------------------
      7044        534        240          0        100       4420   Library Totals

    ----------------------------------------------------------------------

==============================================================================


      Code (inc. data)   RO Data    RW Data    ZI Data      Debug   

     25452       2290        508        256       2224     411837   Grand Totals
     25452       2290        508        256       2224     411837   ELF Image Totals
     25452       2290        508        256          0          0   ROM Totals

==============================================================================

    Total RO  Size (Code + RO Data)                25960 (  25.35kB)
    Total RW  Size (RW Data + ZI Data)              2480 (   2.42kB)
    Total ROM Size (Code + RO Data + RW Data)      26216 (  25.60kB)

==============================================================================

