<html>
<body>
<pre>
<h1>µVision Build Log</h1>
<h2>Tool Versions:</h2>
IDE-Version: ¦ÌVision V5.15
Copyright (C) 2015 ARM Ltd and ARM Germany GmbH. All rights reserved.
License Information: hzc HJL, eerwefwef, LIC=21EQD-8GM9L-AD0KK-ZDC4T-T35TI-MTM5L
 
Tool Versions:
Toolchain:       MDK-ARM Standard  Version: 5.15.0
Toolchain Path:  D:\newkill5\ARM\ARMCC\Bin
C Compiler:      Armcc.exe V5.05 update 2 (build 169)
Assembler:       Armasm.exe V5.05 update 2 (build 169)
Linker/Locator:  ArmLink.exe V5.05 update 2 (build 169)
Library Manager: ArmAr.exe V5.05 update 2 (build 169)
Hex Converter:   FromElf.exe V5.05 update 2 (build 169)
CPU DLL:         SARMCM3.DLL V5.15.0
Dialog DLL:      DCM.DLL V1.13.2.0
Target DLL:      UL2CM3.DLL V1.155.8.0
Dialog DLL:      TCM.DLL V1.14.5.0
 
<h2>Project:</h2>
D:\kialprogect\Ò£¿Ø·É»ú\¿ØÖÆÆ÷\¼à¿ØµçÁ¿\Project\RVMDK£¨uv4£©\iSO-STM32.uvprojx
Project File Date:  07/07/2023

<h2>Output:</h2>
*** Using Compiler 'V5.05 update 2 (build 169)', folder: 'D:\newkill5\ARM\ARMCC\Bin'
Rebuild target '´úÂëÄ£°å'
assembling startup_stm32f10x_hd.s...
compiling core_cm3.c...
compiling system_stm32f10x.c...
compiling misc.c...
compiling stm32f10x_gpio.c...
compiling stm32f10x_rcc.c...
compiling stm32f10x_adc.c...
compiling stm32f10x_dma.c...
compiling stm32f10x_dbgmcu.c...
compiling stm32f10x_dac.c...
compiling stm32f10x_exti.c...
compiling stm32f10x_flash.c...
compiling stm32f10x_usart.c...
compiling stm32f10x_bkp.c...
compiling stm32f10x_can.c...
compiling stm32f10x_cec.c...
compiling stm32f10x_crc.c...
compiling stm32f10x_fsmc.c...
compiling stm32f10x_i2c.c...
compiling stm32f10x_iwdg.c...
compiling stm32f10x_pwr.c...
compiling stm32f10x_rtc.c...
compiling stm32f10x_sdio.c...
compiling stm32f10x_spi.c...
compiling stm32f10x_tim.c...
compiling stm32f10x_wwdg.c...
compiling main.c...
compiling bsp.c...
..\..\User\bsp.c(38): warning:  #223-D: function "sprintf" declared implicitly
       sprintf(UTX_Buf,"The Volatage is: %0.2f V \r\n",BAT_Val);
..\..\User\bsp.c(39): warning:  #167-D: argument of type "char *" is incompatible with parameter of type "uint8_t *"
       PrintString(UTX_Buf); //´®?Ú·????ý¾?
..\..\User\bsp.c: 2 warnings, 0 errors
compiling DMA_ADC.c...
..\..\User\user_app\Filter.h(9): warning:  #231-D: declaration is not visible outside of function
  void Rc_Filter( struct _Rc *Rc_in,struct _Rc *Rc_out);
..\..\User\user_app\DMA_ADC.c: 1 warning, 0 errors
compiling EEPROM.c...
compiling Struct_All.c...
..\..\User\user_app\Filter.h(9): warning:  #231-D: declaration is not visible outside of function
  void Rc_Filter( struct _Rc *Rc_in,struct _Rc *Rc_out);
..\..\User\user_app\Struct_All.c(31): warning:  #223-D: function "EE_Init" declared implicitly
        EE_Init();
..\..\User\user_app\Struct_All.c(39): warning:  #223-D: function "EE_WriteVariable" declared implicitly
        EE_WriteVariable(VirtAddVarTab[EEPROM_offset0], offset0);
..\..\User\user_app\Struct_All.c(52): warning:  #223-D: function "EE_ReadVariable" declared implicitly
        EE_ReadVariable(VirtAddVarTab[EEPROM_offset0], &data_0);
..\..\User\user_app\Struct_All.c: 4 warnings, 0 errors
compiling Uart.c...
..\..\User\user_app\Filter.h(9): warning:  #231-D: declaration is not visible outside of function
  void Rc_Filter( struct _Rc *Rc_in,struct _Rc *Rc_out);
..\..\User\user_app\Uart.c: 1 warning, 0 errors
compiling Filter.c...
compiling Key.c...
..\..\User\user_app\Filter.h(9): warning:  #231-D: declaration is not visible outside of function
  void Rc_Filter( struct _Rc *Rc_in,struct _Rc *Rc_out);
..\..\User\user_app\Key.c: 1 warning, 0 errors
compiling Maths.c...
..\..\User\user_app\Filter.h(9): warning:  #231-D: declaration is not visible outside of function
  void Rc_Filter( struct _Rc *Rc_in,struct _Rc *Rc_out);
..\..\User\user_app\Maths.c: 1 warning, 0 errors
linking...
Program Size: Code=7576 RO-data=336 RW-data=32 ZI-data=1448  
FromELF: creating hex file...
"..\..\Output\Hex_ZH.axf" - 0 Error(s), 10 Warning(s).

<h2>Collection of Component include folders:</h2>
  D:\kialprogect\Ò£¿Ø·É»ú\¿ØÖÆÆ÷\¼à¿ØµçÁ¿\Project\RVMDK£¨uv4£©\RTE
  D:\newkill5\Packs\Keil\STM32F1xx_DFP\2.3.0\Device\Include

<h2>Collection of Component Files used:</h2>
</pre>
</body>
</html>
