<html>
<body>
<pre>
<h1>µVision Build Log</h1>
<h2>Tool Versions:</h2>
IDE-Version: ¦ÌVision V5.15
Copyright (C) 2015 ARM Ltd and ARM Germany GmbH. All rights reserved.
License Information: hzc HJL, eerwefwef, LIC=21EQD-8GM9L-AD0KK-ZDC4T-T35TI-MTM5L
 
Tool Versions:
Toolchain:       MDK-ARM Standard  Version: 5.15.0
Toolchain Path:  D:\newkill5\ARM\ARMCC\Bin
C Compiler:      Armcc.exe V5.05 update 2 (build 169)
Assembler:       Armasm.exe V5.05 update 2 (build 169)
Linker/Locator:  ArmLink.exe V5.05 update 2 (build 169)
Library Manager: ArmAr.exe V5.05 update 2 (build 169)
Hex Converter:   FromElf.exe V5.05 update 2 (build 169)
CPU DLL:         SARMCM3.DLL V5.15.0
Dialog DLL:      DARMSTM.DLL V1.65.0.0
Target DLL:      Segger\JL2CM3.dll V2.99.15.0
Dialog DLL:      TARMSTM.DLL V1.64.0.0
 
<h2>Project:</h2>
D:\kialprogect\Ò£¿Ø·É»ú\·ÉÐÐÆ÷\ledÉÁË¸\Project\RVMDK£¨uv4£©\iSO-STM32.uvprojx
Project File Date:  07/05/2023

<h2>Output:</h2>
*** Using Compiler 'V5.05 update 2 (build 169)', folder: 'D:\newkill5\ARM\ARMCC\Bin'
Rebuild target '´úÂëÄ£°å'
assembling startup_stm32f10x_hd.s...
compiling core_cm3.c...
compiling system_stm32f10x.c...
compiling misc.c...
compiling stm32f10x_gpio.c...
compiling stm32f10x_rcc.c...
compiling main.c...
..\..\User\bsp.h(12): warning:  #1295-D: Deprecated declaration LED_Config - give arg types
  void LED_Config();
..\..\User\main.c: 1 warning, 0 errors
compiling bsp.c...
..\..\User\bsp.h(12): warning:  #1295-D: Deprecated declaration LED_Config - give arg types
  void LED_Config();
..\..\User\bsp.c: 1 warning, 0 errors
linking...
Program Size: Code=1048 RO-data=320 RW-data=0 ZI-data=1024  
FromELF: creating hex file...
"..\..\Output\Hex_ZH.axf" - 0 Error(s), 2 Warning(s).

<h2>Collection of Component include folders:</h2>
  D:\kialprogect\Ò£¿Ø·É»ú\·ÉÐÐÆ÷\ledÉÁË¸\Project\RVMDK£¨uv4£©\RTE
  D:\newkill5\Packs\Keil\STM32F1xx_DFP\2.3.0\Device\Include

<h2>Collection of Component Files used:</h2>
</pre>
</body>
</html>
