<html>
<body>
<pre>
<h1>µVision Build Log</h1>
<h2>Tool Versions:</h2>
IDE-Version: ¦ÌVision V5.15
Copyright (C) 2015 ARM Ltd and ARM Germany GmbH. All rights reserved.
License Information: hzc HJL, eerwefwef, LIC=21EQD-8GM9L-AD0KK-ZDC4T-T35TI-MTM5L
 
Tool Versions:
Toolchain:       MDK-ARM Standard  Version: 5.15.0
Toolchain Path:  D:\newkill5\ARM\ARMCC\Bin
C Compiler:      Armcc.exe V5.05 update 2 (build 169)
Assembler:       Armasm.exe V5.05 update 2 (build 169)
Linker/Locator:  ArmLink.exe V5.05 update 2 (build 169)
Library Manager: ArmAr.exe V5.05 update 2 (build 169)
Hex Converter:   FromElf.exe V5.05 update 2 (build 169)
CPU DLL:         SARMCM3.DLL V5.15.0
Dialog DLL:      DARMSTM.DLL V1.65.0.0
Target DLL:      Segger\JL2CM3.dll V2.99.15.0
Dialog DLL:      TARMSTM.DLL V1.64.0.0
 
<h2>Project:</h2>
D:\kialprogect\Ò£¿Ø·É»ú\·ÉÐÐÆ÷\Ò£¿ØÆ÷¿ØÖÆ·ÉÐÐÆ÷LED\RVMDK\RagingFire_Fly.uvprojx
Project File Date:  07/10/2023

<h2>Output:</h2>
*** Using Compiler 'V5.05 update 2 (build 169)', folder: 'D:\newkill5\ARM\ARMCC\Bin'
Rebuild target 'RagingFire_Fly'
assembling startup_stm32f10x_md.s...
compiling main.c...
compiling stm32f10x_it.c...
compiling system_stm32f10x.c...
compiling IMU.c...
compiling Filter.c...
compiling Tasks.c...
compiling Maths.c...
compiling Control.c...
..\User\APP\Control.c(159): warning:  #550-D: variable "throttle1" was set but never used
        int16_t throttle1,throttle2,throttle3,throttle4;
..\User\APP\Control.c(159): warning:  #550-D: variable "throttle2" was set but never used
        int16_t throttle1,throttle2,throttle3,throttle4;
..\User\APP\Control.c(159): warning:  #550-D: variable "throttle3" was set but never used
        int16_t throttle1,throttle2,throttle3,throttle4;
..\User\APP\Control.c(159): warning:  #550-D: variable "throttle4" was set but never used
        int16_t throttle1,throttle2,throttle3,throttle4;
..\User\APP\Control.c: 4 warnings, 0 errors
compiling Protocol.c...
compiling Led.c...
compiling Uart.c...
compiling Timer3.c...
compiling EEPROM.c...
compiling Struct_All.c...
compiling DMA_ADC.c...
compiling I2C_MPU6050.c...
compiling SPI_NRF24L01.c...
compiling bsp.c...
compiling core_cm3.c...
compiling misc.c...
compiling stm32f10x_adc.c...
compiling stm32f10x_bkp.c...
compiling stm32f10x_can.c...
compiling stm32f10x_cec.c...
compiling stm32f10x_crc.c...
compiling stm32f10x_dac.c...
compiling stm32f10x_dbgmcu.c...
compiling stm32f10x_dma.c...
compiling stm32f10x_exti.c...
compiling stm32f10x_flash.c...
compiling stm32f10x_fsmc.c...
compiling stm32f10x_gpio.c...
compiling stm32f10x_i2c.c...
compiling stm32f10x_iwdg.c...
compiling stm32f10x_pwr.c...
compiling stm32f10x_rcc.c...
compiling stm32f10x_rtc.c...
compiling stm32f10x_sdio.c...
compiling stm32f10x_spi.c...
compiling stm32f10x_tim.c...
compiling stm32f10x_usart.c...
compiling stm32f10x_wwdg.c...
linking...
Program Size: Code=11428 RO-data=268 RW-data=184 ZI-data=2160  
FromELF: creating hex file...
".\Output\RagingFire_Fly.axf" - 0 Error(s), 4 Warning(s).

<h2>Software Packages used:</h2>

Package Vendor: ARM
                http://www.keil.com/pack/ARM.CMSIS.5.8.0.pack
                ARM::CMSIS:CORE:5.5.0
                CMSIS (Common Microcontroller Software Interface Standard)
   * Component: CORE Version: 5.5.0

<h2>Collection of Component include folders:</h2>
  D:\kialprogect\Ò£¿Ø·É»ú\·ÉÐÐÆ÷\Ò£¿ØÆ÷¿ØÖÆ·ÉÐÐÆ÷LED\RVMDK\RTE
  D:\newkill5\Packs\ARM\CMSIS\5.8.0\CMSIS\Core\Include
  D:\newkill5\Packs\Keil\STM32F1xx_DFP\2.3.0\Device\Include

<h2>Collection of Component Files used:</h2>

   * Component: ARM::CMSIS:CORE:5.5.0
      Source file:   CMSIS\Core\Template\ARMv8-M\main_s.c
      Source file:   CMSIS\Core\Template\ARMv8-M\tz_context.c
      Include file:  CMSIS\Core\Include\tz_context.h
</pre>
</body>
</html>
