<html>
<body>
<pre>
<h1>礦ision Build Log</h1>
<h2>Tool Versions:</h2>
IDE-Version: μVision V5.15
Copyright (C) 2015 ARM Ltd and ARM Germany GmbH. All rights reserved.
License Information: hzc HJL, eerwefwef, LIC=21EQD-8GM9L-AD0KK-ZDC4T-T35TI-MTM5L
 
Tool Versions:
Toolchain:       MDK-ARM Standard  Version: 5.15.0
Toolchain Path:  D:\newkill5\ARM\ARMCC\Bin
C Compiler:      Armcc.exe V5.05 update 2 (build 169)
Assembler:       Armasm.exe V5.05 update 2 (build 169)
Linker/Locator:  ArmLink.exe V5.05 update 2 (build 169)
Library Manager: ArmAr.exe V5.05 update 2 (build 169)
Hex Converter:   FromElf.exe V5.05 update 2 (build 169)
CPU DLL:         SARMCM3.DLL V5.15.0
Dialog DLL:      DARMSTM.DLL V1.65.0.0
Target DLL:      Segger\JL2CM3.dll V2.99.15.0
Dialog DLL:      TARMSTM.DLL V1.64.0.0
 
<h2>Project:</h2>
D:\kialprogect\遥控飞机\飞行器\电机控制\RVMDK\RagingFire_Fly.uvprojx
Project File Date:  07/11/2023

<h2>Output:</h2>
*** Using Compiler 'V5.05 update 2 (build 169)', folder: 'D:\newkill5\ARM\ARMCC\Bin'
Build target 'RagingFire_Fly'
compiling Tasks.c...
compiling Motor.c...
linking...
Program Size: Code=25452 RO-data=508 RW-data=256 ZI-data=2224  
FromELF: creating hex file...
".\Output\RagingFire_Fly.axf" - 0 Error(s), 0 Warning(s).

<h2>Software Packages used:</h2>

Package Vendor: ARM
                http://www.keil.com/pack/ARM.CMSIS.5.8.0.pack
                ARM::CMSIS:CORE:5.5.0
                CMSIS (Common Microcontroller Software Interface Standard)
   * Component: CORE Version: 5.5.0

<h2>Collection of Component include folders:</h2>
  D:\kialprogect\遥控飞机\飞行器\电机控制\RVMDK\RTE
  D:\newkill5\Packs\ARM\CMSIS\5.8.0\CMSIS\Core\Include
  D:\newkill5\Packs\Keil\STM32F1xx_DFP\2.3.0\Device\Include

<h2>Collection of Component Files used:</h2>

   * Component: ARM::CMSIS:CORE:5.5.0
      Source file:   CMSIS\Core\Template\ARMv8-M\main_s.c
      Include file:  CMSIS\Core\Include\tz_context.h
      Source file:   CMSIS\Core\Template\ARMv8-M\tz_context.c
</pre>
</body>
</html>
