Component: ARM Compiler 5.05 update 2 (build 169) Tool: armlink [4d0f33]

==============================================================================

Section Cross References

    startup_stm32f10x_md.o(STACK) refers (Special) to heapauxi.o(.text) for __use_two_region_memory
    startup_stm32f10x_md.o(HEAP) refers (Special) to heapauxi.o(.text) for __use_two_region_memory
    startup_stm32f10x_md.o(RESET) refers (Special) to heapauxi.o(.text) for __use_two_region_memory
    startup_stm32f10x_md.o(RESET) refers to startup_stm32f10x_md.o(STACK) for __initial_sp
    startup_stm32f10x_md.o(RESET) refers to startup_stm32f10x_md.o(.text) for Reset_Handler
    startup_stm32f10x_md.o(RESET) refers to stm32f10x_it.o(i.NMI_Handler) for NMI_Handler
    startup_stm32f10x_md.o(RESET) refers to stm32f10x_it.o(i.HardFault_Handler) for HardFault_Handler
    startup_stm32f10x_md.o(RESET) refers to stm32f10x_it.o(i.MemManage_Handler) for MemManage_Handler
    startup_stm32f10x_md.o(RESET) refers to stm32f10x_it.o(i.BusFault_Handler) for BusFault_Handler
    startup_stm32f10x_md.o(RESET) refers to stm32f10x_it.o(i.UsageFault_Handler) for UsageFault_Handler
    startup_stm32f10x_md.o(RESET) refers to stm32f10x_it.o(i.SVC_Handler) for SVC_Handler
    startup_stm32f10x_md.o(RESET) refers to stm32f10x_it.o(i.DebugMon_Handler) for DebugMon_Handler
    startup_stm32f10x_md.o(RESET) refers to stm32f10x_it.o(i.PendSV_Handler) for PendSV_Handler
    startup_stm32f10x_md.o(RESET) refers to stm32f10x_it.o(i.SysTick_Handler) for SysTick_Handler
    startup_stm32f10x_md.o(RESET) refers to stm32f10x_it.o(i.EXTI1_IRQHandler) for EXTI1_IRQHandler
    startup_stm32f10x_md.o(RESET) refers to stm32f10x_it.o(i.EXTI9_5_IRQHandler) for EXTI9_5_IRQHandler
    startup_stm32f10x_md.o(RESET) refers to stm32f10x_it.o(i.TIM3_IRQHandler) for TIM3_IRQHandler
    startup_stm32f10x_md.o(RESET) refers to uart.o(i.USART1_IRQHandler) for USART1_IRQHandler
    startup_stm32f10x_md.o(RESET) refers to stm32f10x_it.o(i.EXTI15_10_IRQHandler) for EXTI15_10_IRQHandler
    startup_stm32f10x_md.o(.text) refers (Special) to heapauxi.o(.text) for __use_two_region_memory
    startup_stm32f10x_md.o(.text) refers to system_stm32f10x.o(i.SystemInit) for SystemInit
    startup_stm32f10x_md.o(.text) refers to __main.o(!!!main) for __main
    startup_stm32f10x_md.o(.text) refers to startup_stm32f10x_md.o(HEAP) for Heap_Mem
    startup_stm32f10x_md.o(.text) refers to startup_stm32f10x_md.o(STACK) for Stack_Mem
    main.o(i.RC_Send_CMD) refers to filter.o(i.Rc_Filter) for Rc_Filter
    main.o(i.RC_Send_CMD) refers to spi_nrf24l01.o(i.NRF_Send_TX) for NRF_Send_TX
    main.o(i.RC_Send_CMD) refers to struct_all.o(.bss) for Filter_Rc
    main.o(i.RC_transfer) refers to filter.o(i.Rc_Filter) for Rc_Filter
    main.o(i.RC_transfer) refers to spi_nrf24l01.o(i.NRF_Send_TX) for NRF_Send_TX
    main.o(i.RC_transfer) refers to struct_all.o(.bss) for Filter_Rc
    main.o(i.Uartx_Send) refers to spi_nrf24l01.o(i.NRF24L01_IRQ) for NRF24L01_IRQ
    main.o(i.Uartx_Send) refers to uart.o(i.PrintString) for PrintString
    main.o(i.Uartx_Send) refers to spi_nrf24l01.o(.bss) for NRF24L01_RXDATA
    main.o(i.main) refers to tasks.o(i.BSP_Int) for BSP_Int
    main.o(i.main) refers to protocol.o(i.Uart_Check) for Uart_Check
    main.o(i.main) refers to tasks.o(i.Task_500HZ) for Task_500HZ
    main.o(i.main) refers to tasks.o(i.Task_100HZ) for Task_100HZ
    main.o(i.main) refers to tasks.o(i.Task_25HZ) for Task_25HZ
    main.o(i.main) refers to tasks.o(i.Task_4HZ) for Task_4HZ
    main.o(i.main) refers to stm32f10x_it.o(.data) for Count_2ms
    stm32f10x_it.o(i.EXTI15_10_IRQHandler) refers to stm32f10x_exti.o(i.EXTI_GetITStatus) for EXTI_GetITStatus
    stm32f10x_it.o(i.EXTI15_10_IRQHandler) refers to stm32f10x_exti.o(i.EXTI_ClearITPendingBit) for EXTI_ClearITPendingBit
    stm32f10x_it.o(i.EXTI15_10_IRQHandler) refers to spi_nrf24l01.o(i.NRF24L01_IRQ) for NRF24L01_IRQ
    stm32f10x_it.o(i.EXTI1_IRQHandler) refers to stm32f10x_exti.o(i.EXTI_GetITStatus) for EXTI_GetITStatus
    stm32f10x_it.o(i.EXTI1_IRQHandler) refers to stm32f10x_exti.o(i.EXTI_ClearITPendingBit) for EXTI_ClearITPendingBit
    stm32f10x_it.o(i.EXTI1_IRQHandler) refers to timer3.o(.data) for Timer3_Count
    stm32f10x_it.o(i.EXTI1_IRQHandler) refers to stm32f10x_it.o(.data) for Key_Delay
    stm32f10x_it.o(i.EXTI1_IRQHandler) refers to key.o(.data) for Mode
    stm32f10x_it.o(i.EXTI9_5_IRQHandler) refers to stm32f10x_exti.o(i.EXTI_GetITStatus) for EXTI_GetITStatus
    stm32f10x_it.o(i.EXTI9_5_IRQHandler) refers to stm32f10x_exti.o(i.EXTI_ClearITPendingBit) for EXTI_ClearITPendingBit
    stm32f10x_it.o(i.EXTI9_5_IRQHandler) refers to timer3.o(.data) for Timer3_Count
    stm32f10x_it.o(i.EXTI9_5_IRQHandler) refers to stm32f10x_it.o(.data) for Key_Delay
    stm32f10x_it.o(i.EXTI9_5_IRQHandler) refers to key.o(.data) for Fun
    stm32f10x_it.o(i.TIM3_IRQHandler) refers to struct_all.o(.data) for Bsp_Int_Ok
[...]
    Removing stm32f10x_tim.o(i.TIM_GetFlagStatus), (18 bytes).
    Removing stm32f10x_tim.o(i.TIM_GetITStatus), (34 bytes).
    Removing stm32f10x_tim.o(i.TIM_GetPrescaler), (6 bytes).
    Removing stm32f10x_tim.o(i.TIM_ICInit), (172 bytes).
    Removing stm32f10x_tim.o(i.TIM_ICStructInit), (18 bytes).
    Removing stm32f10x_tim.o(i.TIM_ITRxExternalClockConfig), (24 bytes).
    Removing stm32f10x_tim.o(i.TIM_InternalClockConfig), (12 bytes).
    Removing stm32f10x_tim.o(i.TIM_OC1FastConfig), (18 bytes).
    Removing stm32f10x_tim.o(i.TIM_OC1Init), (152 bytes).
    Removing stm32f10x_tim.o(i.TIM_OC1NPolarityConfig), (18 bytes).
    Removing stm32f10x_tim.o(i.TIM_OC1PolarityConfig), (18 bytes).
    Removing stm32f10x_tim.o(i.TIM_OC1PreloadConfig), (18 bytes).
    Removing stm32f10x_tim.o(i.TIM_OC2FastConfig), (26 bytes).
    Removing stm32f10x_tim.o(i.TIM_OC2Init), (164 bytes).
    Removing stm32f10x_tim.o(i.TIM_OC2NPolarityConfig), (26 bytes).
    Removing stm32f10x_tim.o(i.TIM_OC2PolarityConfig), (26 bytes).
    Removing stm32f10x_tim.o(i.TIM_OC2PreloadConfig), (26 bytes).
    Removing stm32f10x_tim.o(i.TIM_OC3FastConfig), (18 bytes).
    Removing stm32f10x_tim.o(i.TIM_OC3Init), (160 bytes).
    Removing stm32f10x_tim.o(i.TIM_OC3NPolarityConfig), (26 bytes).
    Removing stm32f10x_tim.o(i.TIM_OC3PolarityConfig), (26 bytes).
    Removing stm32f10x_tim.o(i.TIM_OC3PreloadConfig), (18 bytes).
    Removing stm32f10x_tim.o(i.TIM_OC4FastConfig), (26 bytes).
    Removing stm32f10x_tim.o(i.TIM_OC4Init), (124 bytes).
    Removing stm32f10x_tim.o(i.TIM_OC4PolarityConfig), (26 bytes).
    Removing stm32f10x_tim.o(i.TIM_OC4PreloadConfig), (26 bytes).
    Removing stm32f10x_tim.o(i.TIM_OCStructInit), (20 bytes).
    Removing stm32f10x_tim.o(i.TIM_PWMIConfig), (124 bytes).
    Removing stm32f10x_tim.o(i.TIM_PrescalerConfig), (6 bytes).
    Removing stm32f10x_tim.o(i.TIM_SelectCCDMA), (24 bytes).
    Removing stm32f10x_tim.o(i.TIM_SelectCOM), (24 bytes).
    Removing stm32f10x_tim.o(i.TIM_SelectHallSensor), (24 bytes).
    Removing stm32f10x_tim.o(i.TIM_SelectInputTrigger), (18 bytes).
    Removing stm32f10x_tim.o(i.TIM_SelectMasterSlaveMode), (18 bytes).
    Removing stm32f10x_tim.o(i.TIM_SelectOCxM), (82 bytes).
    Removing stm32f10x_tim.o(i.TIM_SelectOnePulseMode), (18 bytes).
    Removing stm32f10x_tim.o(i.TIM_SelectOutputTrigger), (18 bytes).
    Removing stm32f10x_tim.o(i.TIM_SelectSlaveMode), (18 bytes).
    Removing stm32f10x_tim.o(i.TIM_SetAutoreload), (4 bytes).
    Removing stm32f10x_tim.o(i.TIM_SetClockDivision), (18 bytes).
    Removing stm32f10x_tim.o(i.TIM_SetCompare1), (4 bytes).
    Removing stm32f10x_tim.o(i.TIM_SetCompare2), (4 bytes).
    Removing stm32f10x_tim.o(i.TIM_SetCompare3), (4 bytes).
    Removing stm32f10x_tim.o(i.TIM_SetCompare4), (6 bytes).
    Removing stm32f10x_tim.o(i.TIM_SetCounter), (4 bytes).
    Removing stm32f10x_tim.o(i.TIM_SetIC1Prescaler), (18 bytes).
    Removing stm32f10x_tim.o(i.TIM_SetIC2Prescaler), (26 bytes).
    Removing stm32f10x_tim.o(i.TIM_SetIC3Prescaler), (18 bytes).
    Removing stm32f10x_tim.o(i.TIM_SetIC4Prescaler), (26 bytes).
    Removing stm32f10x_tim.o(i.TIM_TIxExternalClockConfig), (62 bytes).
    Removing stm32f10x_tim.o(i.TIM_TimeBaseStructInit), (18 bytes).
    Removing stm32f10x_tim.o(i.TIM_UpdateDisableConfig), (24 bytes).
    Removing stm32f10x_tim.o(i.TIM_UpdateRequestConfig), (24 bytes).
    Removing stm32f10x_usart.o(i.USART_ClearITPendingBit), (30 bytes).
    Removing stm32f10x_usart.o(i.USART_ClockInit), (34 bytes).
    Removing stm32f10x_usart.o(i.USART_ClockStructInit), (12 bytes).
    Removing stm32f10x_usart.o(i.USART_DMACmd), (18 bytes).
    Removing stm32f10x_usart.o(i.USART_DeInit), (156 bytes).
    Removing stm32f10x_usart.o(i.USART_GetITStatus), (84 bytes).
    Removing stm32f10x_usart.o(i.USART_HalfDuplexCmd), (24 bytes).
    Removing stm32f10x_usart.o(i.USART_IrDACmd), (24 bytes).
    Removing stm32f10x_usart.o(i.USART_IrDAConfig), (18 bytes).
    Removing stm32f10x_usart.o(i.USART_LINBreakDetectLengthConfig), (18 bytes).
    Removing stm32f10x_usart.o(i.USART_LINCmd), (24 bytes).
    Removing stm32f10x_usart.o(i.USART_OneBitMethodCmd), (24 bytes).
    Removing stm32f10x_usart.o(i.USART_OverSampling8Cmd), (22 bytes).
    Removing stm32f10x_usart.o(i.USART_ReceiverWakeUpCmd), (24 bytes).
    Removing stm32f10x_usart.o(i.USART_SendBreak), (10 bytes).
    Removing stm32f10x_usart.o(i.USART_SendData), (8 bytes).
    Removing stm32f10x_usart.o(i.USART_SetAddress), (18 bytes).
    Removing stm32f10x_usart.o(i.USART_SetGuardTime), (16 bytes).
    Removing stm32f10x_usart.o(i.USART_SetPrescaler), (16 bytes).
    Removing stm32f10x_usart.o(i.USART_SmartCardCmd), (24 bytes).
    Removing stm32f10x_usart.o(i.USART_SmartCardNACKCmd), (24 bytes).
    Removing stm32f10x_usart.o(i.USART_StructInit), (24 bytes).
    Removing stm32f10x_usart.o(i.USART_WakeUpConfig), (18 bytes).
    Removing stm32f10x_wwdg.o(i.WWDG_ClearFlag), (12 bytes).
    Removing stm32f10x_wwdg.o(i.WWDG_DeInit), (22 bytes).
    Removing stm32f10x_wwdg.o(i.WWDG_Enable), (16 bytes).
    Removing stm32f10x_wwdg.o(i.WWDG_EnableIT), (12 bytes).
    Removing stm32f10x_wwdg.o(i.WWDG_GetFlagStatus), (12 bytes).
    Removing stm32f10x_wwdg.o(i.WWDG_SetCounter), (16 bytes).
    Removing stm32f10x_wwdg.o(i.WWDG_SetPrescaler), (24 bytes).
    Removing stm32f10x_wwdg.o(i.WWDG_SetWindowValue), (40 bytes).

455 unused section(s) (total 18730 bytes) removed from the image.

==============================================================================

Image Symbol Table

    Local Symbols

    Symbol Name                              Value     Ov Type        Size  Object(Section)

    ../clib/angel/boardlib.s                 0x00000000   Number         0  boardinit2.o ABSOLUTE
    ../clib/angel/boardlib.s                 0x00000000   Number         0  boardinit1.o ABSOLUTE
    ../clib/angel/boardlib.s                 0x00000000   Number         0  boardinit3.o ABSOLUTE
    ../clib/angel/boardlib.s                 0x00000000   Number         0  boardshut.o ABSOLUTE
    ../clib/angel/handlers.s                 0x00000000   Number         0  __scatter_copy.o ABSOLUTE
    ../clib/angel/handlers.s                 0x00000000   Number         0  __scatter_zi.o ABSOLUTE
    ../clib/angel/kernel.s                   0x00000000   Number         0  rtexit.o ABSOLUTE
    ../clib/angel/kernel.s                   0x00000000   Number         0  rtexit2.o ABSOLUTE
    ../clib/angel/kernel.s                   0x00000000   Number         0  __rtentry4.o ABSOLUTE
    ../clib/angel/kernel.s                   0x00000000   Number         0  __rtentry.o ABSOLUTE
    ../clib/angel/kernel.s                   0x00000000   Number         0  __rtentry2.o ABSOLUTE
    ../clib/angel/rt.s                       0x00000000   Number         0  rt_raise.o ABSOLUTE
    ../clib/angel/scatter.s                  0x00000000   Number         0  __scatter.o ABSOLUTE
    ../clib/angel/startup.s                  0x00000000   Number         0  __main.o ABSOLUTE
    ../clib/angel/sys.s                      0x00000000   Number         0  indicate_semi.o ABSOLUTE
    ../clib/angel/sys.s                      0x00000000   Number         0  use_no_semi.o ABSOLUTE
    ../clib/angel/sys.s                      0x00000000   Number         0  libspace.o ABSOLUTE
    ../clib/angel/sys.s                      0x00000000   Number         0  sys_stackheap_outer.o ABSOLUTE
    ../clib/angel/sysapp.c                   0x00000000   Number         0  sys_wrch.o ABSOLUTE
    ../clib/angel/sysapp.c                   0x00000000   Number         0  sys_command.o ABSOLUTE
    ../clib/angel/sysapp.c                   0x00000000   Number         0  sys_exit.o ABSOLUTE
    ../clib/armsys.c                         0x00000000   Number         0  argv_veneer.o ABSOLUTE
    ../clib/armsys.c                         0x00000000   Number         0  argv_veneer.o ABSOLUTE
    ../clib/armsys.c                         0x00000000   Number         0  no_argv.o ABSOLUTE
    ../clib/armsys.c                         0x00000000   Number         0  _get_argv_nomalloc.o ABSOLUTE
    ../clib/heapalloc.c                      0x00000000   Number         0  hrguard.o ABSOLUTE
    ../clib/heapaux.c                        0x00000000   Number         0  heapauxi.o ABSOLUTE
    ../clib/libinit.s                        0x00000000   Number         0  libshutdown.o ABSOLUTE
    ../clib/libinit.s                        0x00000000   Number         0  libshutdown2.o ABSOLUTE
    ../clib/libinit.s                        0x00000000   Number         0  libinit.o ABSOLUTE
    ../clib/libinit.s                        0x00000000   Number         0  libinit2.o ABSOLUTE
    ../clib/signal.c                         0x00000000   Number         0  defsig_rtmem_outer.o ABSOLUTE
    ../clib/signal.c                         0x00000000   Number         0  defsig_other.o ABSOLUTE
    ../clib/signal.c                         0x00000000   Number         0  defsig_cppl_inner.o ABSOLUTE
    ../clib/signal.c                         0x00000000   Number         0  defsig_pvfn_inner.o ABSOLUTE
    ../clib/signal.c                         0x00000000   Number         0  defsig_stak_inner.o ABSOLUTE
    ../clib/signal.c                         0x00000000   Number         0  __raise.o ABSOLUTE
    ../clib/signal.c                         0x00000000   Number         0  defsig_rtmem_inner.o ABSOLUTE
    ../clib/signal.c                         0x00000000   Number         0  defsig_general.o ABSOLUTE
    ../clib/signal.c                         0x00000000   Number         0  defsig_exit.o ABSOLUTE
    ../clib/signal.c                         0x00000000   Number         0  defsig_abrt_inner.o ABSOLUTE
    ../clib/signal.c                         0x00000000   Number         0  defsig_fpe_inner.o ABSOLUTE
    ../clib/signal.c                         0x00000000   Number         0  defsig_rtmem_formal.o ABSOLUTE
    ../clib/signal.c                         0x00000000   Number         0  defsig_segv_inner.o ABSOLUTE
    ../clib/signal.c                         0x00000000   Number         0  defsig_rtred_inner.o ABSOLUTE
    ../clib/signal.s                         0x00000000   Number         0  defsig.o ABSOLUTE
    ../clib/stdlib.c                         0x00000000   Number         0  exit.o ABSOLUTE
    ../fplib/fdiv.s                          0x00000000   Number         0  fdiv.o ABSOLUTE
    ../fplib/ffixu.s                         0x00000000   Number         0  ffixu.o ABSOLUTE
    ../fplib/fflt.s                          0x00000000   Number         0  fflt_clz.o ABSOLUTE
    ../fplib/fmul.s                          0x00000000   Number         0  fmul.o ABSOLUTE
    ../fplib/fnaninf.s                       0x00000000   Number         0  fnaninf.o ABSOLUTE
    ../fplib/fpinit.s                        0x00000000   Number         0  fpinit.o ABSOLUTE
    ../fplib/fretinf.s                       0x00000000   Number         0  fretinf.o ABSOLUTE
    ../fplib/usenofp.s                       0x00000000   Number         0  usenofp.o ABSOLUTE
    ..\Library\CMSIS\CM3\CoreSupport\core_cm3.c 0x00000000   Number         0  core_cm3.o ABSOLUTE
    ..\Library\CMSIS\CM3\DeviceSupport\ST\STM32F10x\startup\arm\startup_stm32f10x_md.s 0x00000000   Number         0  startup_stm32f10x_md.o ABSOLUTE
    ..\Library\STM32F10x_StdPeriph_Driver\src\misc.c 0x00000000   Number         0  misc.o ABSOLUTE
    ..\Library\STM32F10x_StdPeriph_Driver\src\stm32f10x_adc.c 0x00000000   Number         0  stm32f10x_adc.o ABSOLUTE
    ..\Library\STM32F10x_StdPeriph_Driver\src\stm32f10x_bkp.c 0x00000000   Number         0  stm32f10x_bkp.o ABSOLUTE
    ..\Library\STM32F10x_StdPeriph_Driver\src\stm32f10x_can.c 0x00000000   Number         0  stm32f10x_can.o ABSOLUTE
    ..\Library\STM32F10x_StdPeriph_Driver\src\stm32f10x_cec.c 0x00000000   Number         0  stm32f10x_cec.o ABSOLUTE
    ..\Library\STM32F10x_StdPeriph_Driver\src\stm32f10x_crc.c 0x00000000   Number         0  stm32f10x_crc.o ABSOLUTE
    ..\Library\STM32F10x_StdPeriph_Driver\src\stm32f10x_dac.c 0x00000000   Number         0  stm32f10x_dac.o ABSOLUTE
    ..\Library\STM32F10x_StdPeriph_Driver\src\stm32f10x_dbgmcu.c 0x00000000   Number         0  stm32f10x_dbgmcu.o ABSOLUTE
    ..\Library\STM32F10x_StdPeriph_Driver\src\stm32f10x_dma.c 0x00000000   Number         0  stm32f10x_dma.o ABSOLUTE
    ..\Library\STM32F10x_StdPeriph_Driver\src\stm32f10x_exti.c 0x00000000   Number         0  stm32f10x_exti.o ABSOLUTE
    ..\Library\STM32F10x_StdPeriph_Driver\src\stm32f10x_flash.c 0x00000000   Number         0  stm32f10x_flash.o ABSOLUTE
    ..\Library\STM32F10x_StdPeriph_Driver\src\stm32f10x_fsmc.c 0x00000000   Number         0  stm32f10x_fsmc.o ABSOLUTE
    ..\Library\STM32F10x_StdPeriph_Driver\src\stm32f10x_gpio.c 0x00000000   Number         0  stm32f10x_gpio.o ABSOLUTE
    ..\Library\STM32F10x_StdPeriph_Driver\src\stm32f10x_i2c.c 0x00000000   Number         0  stm32f10x_i2c.o ABSOLUTE
    ..\Library\STM32F10x_StdPeriph_Driver\src\stm32f10x_iwdg.c 0x00000000   Number         0  stm32f10x_iwdg.o ABSOLUTE
    ..\Library\STM32F10x_StdPeriph_Driver\src\stm32f10x_pwr.c 0x00000000   Number         0  stm32f10x_pwr.o ABSOLUTE
    ..\Library\STM32F10x_StdPeriph_Driver\src\stm32f10x_rcc.c 0x00000000   Number         0  stm32f10x_rcc.o ABSOLUTE
    ..\Library\STM32F10x_StdPeriph_Driver\src\stm32f10x_rtc.c 0x00000000   Number         0  stm32f10x_rtc.o ABSOLUTE
    ..\Library\STM32F10x_StdPeriph_Driver\src\stm32f10x_sdio.c 0x00000000   Number         0  stm32f10x_sdio.o ABSOLUTE
    ..\Library\STM32F10x_StdPeriph_Driver\src\stm32f10x_spi.c 0x00000000   Number         0  stm32f10x_spi.o ABSOLUTE
    ..\Library\STM32F10x_StdPeriph_Driver\src\stm32f10x_tim.c 0x00000000   Number         0  stm32f10x_tim.o ABSOLUTE
    ..\Library\STM32F10x_StdPeriph_Driver\src\stm32f10x_usart.c 0x00000000   Number         0  stm32f10x_usart.o ABSOLUTE
    ..\Library\STM32F10x_StdPeriph_Driver\src\stm32f10x_wwdg.c 0x00000000   Number         0  stm32f10x_wwdg.o ABSOLUTE
    ..\User\APP\Filter.c                     0x00000000   Number         0  filter.o ABSOLUTE
    ..\User\APP\Key.c                        0x00000000   Number         0  key.o ABSOLUTE
    ..\User\APP\Maths.c                      0x00000000   Number         0  maths.o ABSOLUTE
    ..\User\APP\Protocol.c                   0x00000000   Number         0  protocol.o ABSOLUTE
    ..\User\APP\Tasks.c                      0x00000000   Number         0  tasks.o ABSOLUTE
    ..\User\APP\main.c                       0x00000000   Number         0  main.o ABSOLUTE
    ..\User\APP\stm32f10x_it.c               0x00000000   Number         0  stm32f10x_it.o ABSOLUTE
    ..\User\APP\system_stm32f10x.c           0x00000000   Number         0  system_stm32f10x.o ABSOLUTE
    ..\User\BSP\DMA_ADC.c                    0x00000000   Number         0  dma_adc.o ABSOLUTE
    ..\User\BSP\EEPROM.c                     0x00000000   Number         0  eeprom.o ABSOLUTE
    ..\User\BSP\Led.c                        0x00000000   Number         0  led.o ABSOLUTE
    ..\User\BSP\SPI_NRF24L01.c               0x00000000   Number         0  spi_nrf24l01.o ABSOLUTE
    ..\User\BSP\Struct_All.c                 0x00000000   Number         0  struct_all.o ABSOLUTE
    ..\User\BSP\Timer3.c                     0x00000000   Number         0  timer3.o ABSOLUTE
    ..\User\BSP\Uart.c                       0x00000000   Number         0  uart.o ABSOLUTE
    ..\User\BSP\bsp.c                        0x00000000   Number         0  bsp.o ABSOLUTE
    ..\\Library\\CMSIS\\CM3\\CoreSupport\\core_cm3.c 0x00000000   Number         0  core_cm3.o ABSOLUTE
    dc.s                                     0x00000000   Number         0  dc.o ABSOLUTE
    RESET                                    0x08000000   Section      236  startup_stm32f10x_md.o(RESET)
    !!!main                                  0x080000ec   Section        8  __main.o(!!!main)
    !!!scatter                               0x080000f4   Section       52  __scatter.o(!!!scatter)
    !!handler_copy                           0x08000128   Section       26  __scatter_copy.o(!!handler_copy)
    !!handler_zi                             0x08000144   Section       28  __scatter_zi.o(!!handler_zi)
    .ARM.Collect$$libinit$$00000000          0x08000160   Section        2  libinit.o(.ARM.Collect$$libinit$$00000000)
    .ARM.Collect$$libinit$$00000002          0x08000162   Section        0  libinit2.o(.ARM.Collect$$libinit$$00000002)
    .ARM.Collect$$libinit$$00000004          0x08000162   Section        0  libinit2.o(.ARM.Collect$$libinit$$00000004)
    .ARM.Collect$$libinit$$0000000A          0x08000162   Section        0  libinit2.o(.ARM.Collect$$libinit$$0000000A)
    .ARM.Collect$$libinit$$0000000C          0x08000162   Section        0  libinit2.o(.ARM.Collect$$libinit$$0000000C)
    .ARM.Collect$$libinit$$0000000E          0x08000162   Section        0  libinit2.o(.ARM.Collect$$libinit$$0000000E)
    .ARM.Collect$$libinit$$00000011          0x08000162   Section        0  libinit2.o(.ARM.Collect$$libinit$$00000011)
    .ARM.Collect$$libinit$$00000013          0x08000162   Section        0  libinit2.o(.ARM.Collect$$libinit$$00000013)
    .ARM.Collect$$libinit$$00000015          0x08000162   Section        0  libinit2.o(.ARM.Collect$$libinit$$00000015)
    .ARM.Collect$$libinit$$00000017          0x08000162   Section        0  libinit2.o(.ARM.Collect$$libinit$$00000017)
    .ARM.Collect$$libinit$$00000019          0x08000162   Section        0  libinit2.o(.ARM.Collect$$libinit$$00000019)
    .ARM.Collect$$libinit$$0000001B          0x08000162   Section        0  libinit2.o(.ARM.Collect$$libinit$$0000001B)
    .ARM.Collect$$libinit$$0000001D          0x08000162   Section        0  libinit2.o(.ARM.Collect$$libinit$$0000001D)
    .ARM.Collect$$libinit$$0000001F          0x08000162   Section        0  libinit2.o(.ARM.Collect$$libinit$$0000001F)
    .ARM.Collect$$libinit$$00000021          0x08000162   Section        0  libinit2.o(.ARM.Collect$$libinit$$00000021)
    .ARM.Collect$$libinit$$00000023          0x08000162   Section        0  libinit2.o(.ARM.Collect$$libinit$$00000023)
    .ARM.Collect$$libinit$$00000025          0x08000162   Section        0  libinit2.o(.ARM.Collect$$libinit$$00000025)
    .ARM.Collect$$libinit$$0000002C          0x08000162   Section        0  libinit2.o(.ARM.Collect$$libinit$$0000002C)
    .ARM.Collect$$libinit$$0000002E          0x08000162   Section        0  libinit2.o(.ARM.Collect$$libinit$$0000002E)
    .ARM.Collect$$libinit$$00000030          0x08000162   Section        0  libinit2.o(.ARM.Collect$$libinit$$00000030)
    .ARM.Collect$$libinit$$00000032          0x08000162   Section        0  libinit2.o(.ARM.Collect$$libinit$$00000032)
    .ARM.Collect$$libinit$$00000033          0x08000162   Section        2  libinit2.o(.ARM.Collect$$libinit$$00000033)
    .ARM.Collect$$libshutdown$$00000000      0x08000164   Section        2  libshutdown.o(.ARM.Collect$$libshutdown$$00000000)
    .ARM.Collect$$libshutdown$$00000003      0x08000166   Section        0  libshutdown2.o(.ARM.Collect$$libshutdown$$00000003)
    .ARM.Collect$$libshutdown$$00000006      0x08000166   Section        0  libshutdown2.o(.ARM.Collect$$libshutdown$$00000006)
    .ARM.Collect$$libshutdown$$00000009      0x08000166   Section        0  libshutdown2.o(.ARM.Collect$$libshutdown$$00000009)
    .ARM.Collect$$libshutdown$$0000000B      0x08000166   Section        0  libshutdown2.o(.ARM.Collect$$libshutdown$$0000000B)
    .ARM.Collect$$libshutdown$$0000000E      0x08000166   Section        0  libshutdown2.o(.ARM.Collect$$libshutdown$$0000000E)
    .ARM.Collect$$libshutdown$$0000000F      0x08000166   Section        2  libshutdown2.o(.ARM.Collect$$libshutdown$$0000000F)
    .ARM.Collect$$rtentry$$00000000          0x08000168   Section        0  __rtentry.o(.ARM.Collect$$rtentry$$00000000)
    .ARM.Collect$$rtentry$$00000002          0x08000168   Section        0  __rtentry2.o(.ARM.Collect$$rtentry$$00000002)
    .ARM.Collect$$rtentry$$00000004          0x08000168   Section        6  __rtentry4.o(.ARM.Collect$$rtentry$$00000004)
    .ARM.Collect$$rtentry$$00000009          0x0800016e   Section        0  __rtentry2.o(.ARM.Collect$$rtentry$$00000009)
    .ARM.Collect$$rtentry$$0000000A          0x0800016e   Section        4  __rtentry2.o(.ARM.Collect$$rtentry$$0000000A)
    .ARM.Collect$$rtentry$$0000000C          0x08000172   Section        0  __rtentry2.o(.ARM.Collect$$rtentry$$0000000C)
    .ARM.Collect$$rtentry$$0000000D          0x08000172   Section        8  __rtentry2.o(.ARM.Collect$$rtentry$$0000000D)
    .ARM.Collect$$rtexit$$00000000           0x0800017a   Section        2  rtexit.o(.ARM.Collect$$rtexit$$00000000)
    .ARM.Collect$$rtexit$$00000002           0x0800017c   Section        0  rtexit2.o(.ARM.Collect$$rtexit$$00000002)
    .ARM.Collect$$rtexit$$00000003           0x0800017c   Section        4  rtexit2.o(.ARM.Collect$$rtexit$$00000003)
    .ARM.Collect$$rtexit$$00000004           0x08000180   Section        6  rtexit2.o(.ARM.Collect$$rtexit$$00000004)
    .text                                    0x08000188   Section       64  startup_stm32f10x_md.o(.text)
    .text                                    0x080001c8   Section        0  heapauxi.o(.text)
    .text                                    0x080001ce   Section       74  sys_stackheap_outer.o(.text)
    .text                                    0x08000218   Section        0  exit.o(.text)
    .text                                    0x08000224   Section        8  libspace.o(.text)
    .text                                    0x0800022c   Section        0  sys_exit.o(.text)
    .text                                    0x08000238   Section        2  use_no_semi.o(.text)
    .text                                    0x0800023a   Section        0  indicate_semi.o(.text)
    i.ADC1_GPIO_Config                       0x0800023c   Section        0  dma_adc.o(i.ADC1_GPIO_Config)
    ADC1_GPIO_Config                         0x0800023d   Thumb Code    56  dma_adc.o(i.ADC1_GPIO_Config)
    i.ADC1_Init                              0x08000278   Section        0  dma_adc.o(i.ADC1_Init)
    i.ADC1_Mode_Config                       0x08000284   Section        0  dma_adc.o(i.ADC1_Mode_Config)
    ADC1_Mode_Config                         0x08000285   Thumb Code   328  dma_adc.o(i.ADC1_Mode_Config)
    i.ADC_Cmd                                0x080003d8   Section        0  stm32f10x_adc.o(i.ADC_Cmd)
    i.ADC_DMACmd                             0x080003ee   Section        0  stm32f10x_adc.o(i.ADC_DMACmd)
    i.ADC_DeInit                             0x08000404   Section        0  stm32f10x_adc.o(i.ADC_DeInit)
    i.ADC_GetCalibrationStatus               0x08000460   Section        0  stm32f10x_adc.o(i.ADC_GetCalibrationStatus)
    i.ADC_GetResetCalibrationStatus          0x08000474   Section        0  stm32f10x_adc.o(i.ADC_GetResetCalibrationStatus)
    i.ADC_Init                               0x08000488   Section        0  stm32f10x_adc.o(i.ADC_Init)
    i.ADC_RegularChannelConfig               0x080004d8   Section        0  stm32f10x_adc.o(i.ADC_RegularChannelConfig)
    i.ADC_ResetCalibration                   0x08000590   Section        0  stm32f10x_adc.o(i.ADC_ResetCalibration)
    i.ADC_SoftwareStartConvCmd               0x0800059a   Section        0  stm32f10x_adc.o(i.ADC_SoftwareStartConvCmd)
    i.ADC_StartCalibration                   0x080005b0   Section        0  stm32f10x_adc.o(i.ADC_StartCalibration)
    i.ADC_TempSensorVrefintCmd               0x080005bc   Section        0  stm32f10x_adc.o(i.ADC_TempSensorVrefintCmd)
    i.BSP_Int                                0x080005e0   Section        0  tasks.o(i.BSP_Int)
    i.BusFault_Handler                       0x08000644   Section        0  stm32f10x_it.o(i.BusFault_Handler)
    i.DMA_Cmd                                0x08000648   Section        0  stm32f10x_dma.o(i.DMA_Cmd)
    i.DMA_DeInit                             0x08000660   Section        0  stm32f10x_dma.o(i.DMA_DeInit)
    i.DMA_Init                               0x080007ac   Section        0  stm32f10x_dma.o(i.DMA_Init)
    i.DebugMon_Handler                       0x080007e8   Section        0  stm32f10x_it.o(i.DebugMon_Handler)
    i.Delay_led                              0x080007ea   Section        0  led.o(i.Delay_led)
    Delay_led                                0x080007eb   Thumb Code    30  led.o(i.Delay_led)
    i.Do_Offset                              0x08000808   Section        0  key.o(i.Do_Offset)
    i.EXTI15_10_IRQHandler                   0x080009c4   Section        0  stm32f10x_it.o(i.EXTI15_10_IRQHandler)
    i.EXTI1_IRQHandler                       0x080009e0   Section        0  stm32f10x_it.o(i.EXTI1_IRQHandler)
    i.EXTI9_5_IRQHandler                     0x08000a28   Section        0  stm32f10x_it.o(i.EXTI9_5_IRQHandler)
    i.EXTI_ClearITPendingBit                 0x08000a74   Section        0  stm32f10x_exti.o(i.EXTI_ClearITPendingBit)
    i.EXTI_GetITStatus                       0x08000a80   Section        0  stm32f10x_exti.o(i.EXTI_GetITStatus)
    i.EXTI_Init                              0x08000aa8   Section        0  stm32f10x_exti.o(i.EXTI_Init)
    i.GPIO_EXTILineConfig                    0x08000b3c   Section        0  stm32f10x_gpio.o(i.GPIO_EXTILineConfig)
    i.GPIO_Init                              0x08000b7c   Section        0  stm32f10x_gpio.o(i.GPIO_Init)
    i.Get_Checksum                           0x08000c92   Section        0  maths.o(i.Get_Checksum)
    i.HardFault_Handler                      0x08000cb0   Section        0  stm32f10x_it.o(i.HardFault_Handler)
    i.KEY_Init                               0x08000cb4   Section        0  key.o(i.KEY_Init)
    i.LED3_ON_Frequency                      0x08000d1c   Section        0  led.o(i.LED3_ON_Frequency)
    i.LED_Init                               0x08000db4   Section        0  led.o(i.LED_Init)
    i.LED_ON_OFF                             0x08000e08   Section        0  led.o(i.LED_ON_OFF)
    i.LED_Show                               0x08000e58   Section        0  led.o(i.LED_Show)
    i.MemManage_Handler                      0x08000ea8   Section        0  stm32f10x_it.o(i.MemManage_Handler)
    i.NMI_Handler                            0x08000eac   Section        0  stm32f10x_it.o(i.NMI_Handler)
    i.NRF24L01_Analyse                       0x08000eb0   Section        0  spi_nrf24l01.o(i.NRF24L01_Analyse)
    NRF24L01_Analyse                         0x08000eb1   Thumb Code   302  spi_nrf24l01.o(i.NRF24L01_Analyse)
    i.NRF24L01_Check                         0x08001000   Section        0  spi_nrf24l01.o(i.NRF24L01_Check)
    i.NRF24L01_IRQ                           0x08001084   Section        0  spi_nrf24l01.o(i.NRF24L01_IRQ)
    i.NRF24L01_Init                          0x080010e8   Section        0  spi_nrf24l01.o(i.NRF24L01_Init)
    i.NRF24L01_Set_RX                        0x0800117c   Section        0  spi_nrf24l01.o(i.NRF24L01_Set_RX)
    NRF24L01_Set_RX                          0x0800117d   Thumb Code    28  spi_nrf24l01.o(i.NRF24L01_Set_RX)
    i.NRF24L01_Set_TX                        0x0800119c   Section        0  spi_nrf24l01.o(i.NRF24L01_Set_TX)
    NRF24L01_Set_TX                          0x0800119d   Thumb Code    28  spi_nrf24l01.o(i.NRF24L01_Set_TX)
    i.NRF_Read_Buff                          0x080011bc   Section        0  spi_nrf24l01.o(i.NRF_Read_Buff)
    i.NRF_Read_Reg                           0x080011fc   Section        0  spi_nrf24l01.o(i.NRF_Read_Reg)
    i.NRF_Send_TX                            0x08001228   Section        0  spi_nrf24l01.o(i.NRF_Send_TX)
    i.NRF_Write_Buf                          0x08001254   Section        0  spi_nrf24l01.o(i.NRF_Write_Buf)
    i.NRF_Write_Reg                          0x08001294   Section        0  spi_nrf24l01.o(i.NRF_Write_Reg)
    i.NVIC_Init                              0x080012c0   Section        0  misc.o(i.NVIC_Init)
    i.NVIC_PriorityGroupConfig               0x08001330   Section        0  misc.o(i.NVIC_PriorityGroupConfig)
    i.Nrf_Connect                            0x08001344   Section        0  spi_nrf24l01.o(i.Nrf_Connect)
    i.Nvic_Init                              0x0800139c   Section        0  tasks.o(i.Nvic_Init)
    Nvic_Init                                0x0800139d   Thumb Code   160  tasks.o(i.Nvic_Init)
    i.PendSV_Handler                         0x0800143c   Section        0  stm32f10x_it.o(i.PendSV_Handler)
    i.PrintHexU8                             0x08001440   Section        0  uart.o(i.PrintHexU8)
    i.PrintString                            0x0800147c   Section        0  uart.o(i.PrintString)
    i.Print_MSP_ANALOG                       0x08001494   Section        0  protocol.o(i.Print_MSP_ANALOG)
    i.Print_MSP_IDENT                        0x08001514   Section        0  protocol.o(i.Print_MSP_IDENT)
    i.Print_MSP_MOTOR                        0x08001578   Section        0  protocol.o(i.Print_MSP_MOTOR)
    i.Print_MSP_MOTOR_PINS                   0x08001638   Section        0  protocol.o(i.Print_MSP_MOTOR_PINS)
    i.Print_MSP_PID                          0x080016a0   Section        0  protocol.o(i.Print_MSP_PID)
    i.Print_MSP_RC                           0x080017c0   Section        0  protocol.o(i.Print_MSP_RC)
    i.Print_MSP_SET_PID                      0x0800190c   Section        0  protocol.o(i.Print_MSP_SET_PID)
    i.RCC_ADCCLKConfig                       0x08001990   Section        0  stm32f10x_rcc.o(i.RCC_ADCCLKConfig)
    i.RCC_AHBPeriphClockCmd                  0x080019a8   Section        0  stm32f10x_rcc.o(i.RCC_AHBPeriphClockCmd)
    i.RCC_APB1PeriphClockCmd                 0x080019c8   Section        0  stm32f10x_rcc.o(i.RCC_APB1PeriphClockCmd)
    i.RCC_APB1PeriphResetCmd                 0x080019e8   Section        0  stm32f10x_rcc.o(i.RCC_APB1PeriphResetCmd)
    i.RCC_APB2PeriphClockCmd                 0x08001a08   Section        0  stm32f10x_rcc.o(i.RCC_APB2PeriphClockCmd)
    i.RCC_APB2PeriphResetCmd                 0x08001a28   Section        0  stm32f10x_rcc.o(i.RCC_APB2PeriphResetCmd)
    i.RCC_GetClocksFreq                      0x08001a48   Section        0  stm32f10x_rcc.o(i.RCC_GetClocksFreq)
    i.RC_Limit                               0x08001b1c   Section        0  filter.o(i.RC_Limit)
    i.Rc_Filter                              0x08001c1c   Section        0  filter.o(i.Rc_Filter)
    i.SPI2_Init                              0x08001e4c   Section        0  spi_nrf24l01.o(i.SPI2_Init)
    i.SPI_Cmd                                0x08001f74   Section        0  stm32f10x_spi.o(i.SPI_Cmd)
    i.SPI_I2S_GetFlagStatus                  0x08001f8c   Section        0  stm32f10x_spi.o(i.SPI_I2S_GetFlagStatus)
    i.SPI_I2S_ReceiveData                    0x08001f9e   Section        0  stm32f10x_spi.o(i.SPI_I2S_ReceiveData)
    i.SPI_I2S_SendData                       0x08001fa4   Section        0  stm32f10x_spi.o(i.SPI_I2S_SendData)
    i.SPI_Init                               0x08001fa8   Section        0  stm32f10x_spi.o(i.SPI_Init)
    i.SPI_RW                                 0x08001fe4   Section        0  spi_nrf24l01.o(i.SPI_RW)
    i.SVC_Handler                            0x0800201c   Section        0  stm32f10x_it.o(i.SVC_Handler)
    i.SetSysClock                            0x0800201e   Section        0  system_stm32f10x.o(i.SetSysClock)
    SetSysClock                              0x0800201f   Thumb Code     8  system_stm32f10x.o(i.SetSysClock)
    i.SetSysClockTo72                        0x08002028   Section        0  system_stm32f10x.o(i.SetSysClockTo72)
    SetSysClockTo72                          0x08002029   Thumb Code   214  system_stm32f10x.o(i.SetSysClockTo72)
    i.SysTick_Handler                        0x08002108   Section        0  stm32f10x_it.o(i.SysTick_Handler)
    i.SystemInit                             0x0800210c   Section        0  system_stm32f10x.o(i.SystemInit)
    i.TIM3_IRQHandler                        0x0800216c   Section        0  stm32f10x_it.o(i.TIM3_IRQHandler)
    i.TIM_ClearFlag                          0x080021d8   Section        0  stm32f10x_tim.o(i.TIM_ClearFlag)
    i.TIM_Cmd                                0x080021de   Section        0  stm32f10x_tim.o(i.TIM_Cmd)
    i.TIM_DeInit                             0x080021f8   Section        0  stm32f10x_tim.o(i.TIM_DeInit)
    i.TIM_ITConfig                           0x080023e0   Section        0  stm32f10x_tim.o(i.TIM_ITConfig)
    i.TIM_TimeBaseInit                       0x080023f4   Section        0  stm32f10x_tim.o(i.TIM_TimeBaseInit)
    i.Task_100HZ                             0x08002498   Section        0  tasks.o(i.Task_100HZ)
    i.Task_25HZ                              0x080024a2   Section        0  tasks.o(i.Task_25HZ)
    i.Task_4HZ                               0x080024b4   Section        0  tasks.o(i.Task_4HZ)
    i.Task_500HZ                             0x080024fc   Section        0  tasks.o(i.Task_500HZ)
    i.Timer3_Init                            0x08002514   Section        0  timer3.o(i.Timer3_Init)
    i.USART1_IRQHandler                      0x08002578   Section        0  uart.o(i.USART1_IRQHandler)
    i.USART_ClearFlag                        0x080026f8   Section        0  stm32f10x_usart.o(i.USART_ClearFlag)
    i.USART_Cmd                              0x0800270a   Section        0  stm32f10x_usart.o(i.USART_Cmd)
    i.USART_GetFlagStatus                    0x08002722   Section        0  stm32f10x_usart.o(i.USART_GetFlagStatus)
    i.USART_ITConfig                         0x0800273c   Section        0  stm32f10x_usart.o(i.USART_ITConfig)
    i.USART_Init                             0x08002788   Section        0  stm32f10x_usart.o(i.USART_Init)
    i.USART_ReceiveData                      0x08002860   Section        0  stm32f10x_usart.o(i.USART_ReceiveData)
    i.Uart1_Init                             0x0800286c   Section        0  uart.o(i.Uart1_Init)
    i.Uart_Check                             0x08002904   Section        0  protocol.o(i.Uart_Check)
    i.Uart_Send                              0x08002a78   Section        0  uart.o(i.Uart_Send)
    i.UsageFault_Handler                     0x08002a92   Section        0  stm32f10x_it.o(i.UsageFault_Handler)
    i.main                                   0x08002a98   Section        0  main.o(i.main)
    x$fpl$fdiv                               0x08002afc   Section      388  fdiv.o(x$fpl$fdiv)
    _fdiv1                                   0x08002afd   Thumb Code     0  fdiv.o(x$fpl$fdiv)
    x$fpl$ffixu                              0x08002c80   Section       62  ffixu.o(x$fpl$ffixu)
    x$fpl$ffltu                              0x08002cc0   Section       38  fflt_clz.o(x$fpl$ffltu)
    x$fpl$fmul                               0x08002ce8   Section      258  fmul.o(x$fpl$fmul)
    x$fpl$fnaninf                            0x08002dea   Section      140  fnaninf.o(x$fpl$fnaninf)
    x$fpl$fretinf                            0x08002e76   Section       10  fretinf.o(x$fpl$fretinf)
    x$fpl$usenofp                            0x08002e80   Section        0  usenofp.o(x$fpl$usenofp)
    .data                                    0x20000000   Section       12  stm32f10x_it.o(.data)
    Key_Delay                                0x20000004   Data           4  stm32f10x_it.o(.data)
    Key_Delay                                0x20000008   Data           4  stm32f10x_it.o(.data)
    .data                                    0x2000000c   Section       48  key.o(.data)
    count                                    0x2000001e   Data           1  key.o(.data)
    count0                                   0x20000020   Data           4  key.o(.data)
    count1                                   0x20000024   Data           4  key.o(.data)
    count2                                   0x20000028   Data           4  key.o(.data)
    count3                                   0x2000002c   Data           4  key.o(.data)
    count4                                   0x20000030   Data           4  key.o(.data)
    count5                                   0x20000034   Data           4  key.o(.data)
    count6                                   0x20000038   Data           4  key.o(.data)
    .data                                    0x2000003c   Section        1  filter.o(.data)
    Filter_count                             0x2000003c   Data           1  filter.o(.data)
    .data                                    0x2000003d   Section        1  tasks.o(.data)
    turn_count                               0x2000003d   Data           1  tasks.o(.data)
    .data                                    0x2000003e   Section        8  protocol.o(.data)
    .data                                    0x20000048   Section       12  led.o(.data)
    Light_On                                 0x20000048   Data           1  led.o(.data)
    Last_time                                0x2000004c   Data           4  led.o(.data)
    Now_time                                 0x20000050   Data           4  led.o(.data)
    .data                                    0x20000054   Section        6  uart.o(.data)
    TxCount                                  0x20000054   Data           1  uart.o(.data)
    Count                                    0x20000055   Data           1  uart.o(.data)
    Head                                     0x20000058   Data           1  uart.o(.data)
    Line                                     0x20000059   Data           1  uart.o(.data)
    .data                                    0x2000005c   Section        6  timer3.o(.data)
    .data                                    0x20000062   Section       24  struct_all.o(.data)
    .data                                    0x2000007a   Section        4  dma_adc.o(.data)
    .data                                    0x2000007e   Section       12  spi_nrf24l01.o(.data)
    TX_ADDRESS                               0x2000007e   Data           5  spi_nrf24l01.o(.data)
    RX_ADDRESS                               0x20000083   Data           5  spi_nrf24l01.o(.data)
    Nrf_Erro                                 0x20000088   Data           2  spi_nrf24l01.o(.data)
    .data                                    0x2000008a   Section       20  stm32f10x_rcc.o(.data)
    APBAHBPrescTable                         0x2000008a   Data          16  stm32f10x_rcc.o(.data)
    ADCPrescTable                            0x2000009a   Data           4  stm32f10x_rcc.o(.data)
    .bss                                     0x200000a0   Section       40  filter.o(.bss)
    Filter_A                                 0x200000a0   Data          10  filter.o(.bss)
    Filter_B                                 0x200000aa   Data          10  filter.o(.bss)
    Filter_C                                 0x200000b4   Data          10  filter.o(.bss)
    Filter_D                                 0x200000be   Data          10  filter.o(.bss)
    .bss                                     0x200000c8   Section      356  uart.o(.bss)
    TxBuff                                   0x200000c8   Data         256  uart.o(.bss)
    .bss                                     0x2000022c   Section       60  struct_all.o(.bss)
    .bss                                     0x20000268   Section       18  dma_adc.o(.bss)
    .bss                                     0x2000027a   Section       64  spi_nrf24l01.o(.bss)
    .bss                                     0x200002bc   Section       96  libspace.o(.bss)
    HEAP                                     0x20000320   Section      512  startup_stm32f10x_md.o(HEAP)
    Heap_Mem                                 0x20000320   Data         512  startup_stm32f10x_md.o(HEAP)
    STACK                                    0x20000520   Section     1024  startup_stm32f10x_md.o(STACK)
    Stack_Mem                                0x20000520   Data        1024  startup_stm32f10x_md.o(STACK)
    __initial_sp                             0x20000920   Data           0  startup_stm32f10x_md.o(STACK)

    Global Symbols

    Symbol Name                              Value     Ov Type        Size  Object(Section)

    BuildAttributes$$THM_ISAv4$P$D$K$B$S$PE$A:L22UL41UL21$X:L11$S22US41US21$IEEE1$IW$USESV6$~STKCKD$USESV7$~SHL$OSPACE$ROPI$EBA8$UX$STANDARDLIB$REQ8$PRES8$EABIv2 0x00000000   Number         0  anon$$obj.o ABSOLUTE
    __ARM_use_no_argv                        0x00000000   Number         0  main.o ABSOLUTE
    __ARM_exceptions_init                     - Undefined Weak Reference
    __alloca_initialize                       - Undefined Weak Reference
    __arm_preinit_                            - Undefined Weak Reference
    __cpp_initialize__aeabi_                  - Undefined Weak Reference
    __cxa_finalize                            - Undefined Weak Reference
    __rt_locale                               - Undefined Weak Reference
    __sigvec_lookup                           - Undefined Weak Reference
    _atexit_init                              - Undefined Weak Reference
    _call_atexit_fns                          - Undefined Weak Reference
    _clock_init                               - Undefined Weak Reference
    _fp_trap_init                             - Undefined Weak Reference
    _fp_trap_shutdown                         - Undefined Weak Reference
    _get_lc_collate                           - Undefined Weak Reference
    _get_lc_ctype                             - Undefined Weak Reference
    _get_lc_monetary                          - Undefined Weak Reference
    _get_lc_numeric                           - Undefined Weak Reference
    _get_lc_time                              - Undefined Weak Reference
    _getenv_init                              - Undefined Weak Reference
    _handle_redirection                       - Undefined Weak Reference
    _init_alloc                               - Undefined Weak Reference
    _init_user_alloc                          - Undefined Weak Reference
    _initio                                   - Undefined Weak Reference
    _rand_init                                - Undefined Weak Reference
    _signal_finish                            - Undefined Weak Reference
    _signal_init                              - Undefined Weak Reference
    _terminate_alloc                          - Undefined Weak Reference
    _terminate_user_alloc                     - Undefined Weak Reference
    _terminateio                              - Undefined Weak Reference
    __Vectors_Size                           0x000000ec   Number         0  startup_stm32f10x_md.o ABSOLUTE
    __Vectors                                0x08000000   Data           4  startup_stm32f10x_md.o(RESET)
    __Vectors_End                            0x080000ec   Data           0  startup_stm32f10x_md.o(RESET)
    __main                                   0x080000ed   Thumb Code     8  __main.o(!!!main)
    __scatterload                            0x080000f5   Thumb Code     0  __scatter.o(!!!scatter)
    __scatterload_rt2                        0x080000f5   Thumb Code    44  __scatter.o(!!!scatter)
    __scatterload_rt2_thumb_only             0x080000f5   Thumb Code     0  __scatter.o(!!!scatter)
    __scatterload_null                       0x08000103   Thumb Code     0  __scatter.o(!!!scatter)
    __scatterload_copy                       0x08000129   Thumb Code    26  __scatter_copy.o(!!handler_copy)
    __scatterload_zeroinit                   0x08000145   Thumb Code    28  __scatter_zi.o(!!handler_zi)
    __rt_lib_init                            0x08000161   Thumb Code     0  libinit.o(.ARM.Collect$$libinit$$00000000)
    __rt_lib_init_alloca_1                   0x08000163   Thumb Code     0  libinit2.o(.ARM.Collect$$libinit$$0000002E)
    __rt_lib_init_argv_1                     0x08000163   Thumb Code     0  libinit2.o(.ARM.Collect$$libinit$$0000002C)
    __rt_lib_init_atexit_1                   0x08000163   Thumb Code     0  libinit2.o(.ARM.Collect$$libinit$$0000001B)
    __rt_lib_init_clock_1                    0x08000163   Thumb Code     0  libinit2.o(.ARM.Collect$$libinit$$00000021)
    __rt_lib_init_cpp_1                      0x08000163   Thumb Code     0  libinit2.o(.ARM.Collect$$libinit$$00000032)
    __rt_lib_init_exceptions_1               0x08000163   Thumb Code     0  libinit2.o(.ARM.Collect$$libinit$$00000030)
    __rt_lib_init_fp_1                       0x08000163   Thumb Code     0  libinit2.o(.ARM.Collect$$libinit$$00000002)
    __rt_lib_init_fp_trap_1                  0x08000163   Thumb Code     0  libinit2.o(.ARM.Collect$$libinit$$0000001F)
    __rt_lib_init_getenv_1                   0x08000163   Thumb Code     0  libinit2.o(.ARM.Collect$$libinit$$00000023)
    __rt_lib_init_heap_1                     0x08000163   Thumb Code     0  libinit2.o(.ARM.Collect$$libinit$$0000000A)
    __rt_lib_init_lc_collate_1               0x08000163   Thumb Code     0  libinit2.o(.ARM.Collect$$libinit$$00000011)
    __rt_lib_init_lc_ctype_1                 0x08000163   Thumb Code     0  libinit2.o(.ARM.Collect$$libinit$$00000013)
    __rt_lib_init_lc_monetary_1              0x08000163   Thumb Code     0  libinit2.o(.ARM.Collect$$libinit$$00000015)
    __rt_lib_init_lc_numeric_1               0x08000163   Thumb Code     0  libinit2.o(.ARM.Collect$$libinit$$00000017)
    __rt_lib_init_lc_time_1                  0x08000163   Thumb Code     0  libinit2.o(.ARM.Collect$$libinit$$00000019)
    __rt_lib_init_preinit_1                  0x08000163   Thumb Code     0  libinit2.o(.ARM.Collect$$libinit$$00000004)
    __rt_lib_init_rand_1                     0x08000163   Thumb Code     0  libinit2.o(.ARM.Collect$$libinit$$0000000E)
    __rt_lib_init_return                     0x08000163   Thumb Code     0  libinit2.o(.ARM.Collect$$libinit$$00000033)
    __rt_lib_init_signal_1                   0x08000163   Thumb Code     0  libinit2.o(.ARM.Collect$$libinit$$0000001D)
    __rt_lib_init_stdio_1                    0x08000163   Thumb Code     0  libinit2.o(.ARM.Collect$$libinit$$00000025)
    __rt_lib_init_user_alloc_1               0x08000163   Thumb Code     0  libinit2.o(.ARM.Collect$$libinit$$0000000C)
    __rt_lib_shutdown                        0x08000165   Thumb Code     0  libshutdown.o(.ARM.Collect$$libshutdown$$00000000)
    __rt_lib_shutdown_fp_trap_1              0x08000167   Thumb Code     0  libshutdown2.o(.ARM.Collect$$libshutdown$$00000006)
    __rt_lib_shutdown_heap_1                 0x08000167   Thumb Code     0  libshutdown2.o(.ARM.Collect$$libshutdown$$0000000E)
    __rt_lib_shutdown_return                 0x08000167   Thumb Code     0  libshutdown2.o(.ARM.Collect$$libshutdown$$0000000F)
    __rt_lib_shutdown_signal_1               0x08000167   Thumb Code     0  libshutdown2.o(.ARM.Collect$$libshutdown$$00000009)
    __rt_lib_shutdown_stdio_1                0x08000167   Thumb Code     0  libshutdown2.o(.ARM.Collect$$libshutdown$$00000003)
    __rt_lib_shutdown_user_alloc_1           0x08000167   Thumb Code     0  libshutdown2.o(.ARM.Collect$$libshutdown$$0000000B)
    __rt_entry                               0x08000169   Thumb Code     0  __rtentry.o(.ARM.Collect$$rtentry$$00000000)
    __rt_entry_presh_1                       0x08000169   Thumb Code     0  __rtentry2.o(.ARM.Collect$$rtentry$$00000002)
    __rt_entry_sh                            0x08000169   Thumb Code     0  __rtentry4.o(.ARM.Collect$$rtentry$$00000004)
    __rt_entry_li                            0x0800016f   Thumb Code     0  __rtentry2.o(.ARM.Collect$$rtentry$$0000000A)
    __rt_entry_postsh_1                      0x0800016f   Thumb Code     0  __rtentry2.o(.ARM.Collect$$rtentry$$00000009)
    __rt_entry_main                          0x08000173   Thumb Code     0  __rtentry2.o(.ARM.Collect$$rtentry$$0000000D)
    __rt_entry_postli_1                      0x08000173   Thumb Code     0  __rtentry2.o(.ARM.Collect$$rtentry$$0000000C)
    __rt_exit                                0x0800017b   Thumb Code     0  rtexit.o(.ARM.Collect$$rtexit$$00000000)
    __rt_exit_ls                             0x0800017d   Thumb Code     0  rtexit2.o(.ARM.Collect$$rtexit$$00000003)
    __rt_exit_prels_1                        0x0800017d   Thumb Code     0  rtexit2.o(.ARM.Collect$$rtexit$$00000002)
    __rt_exit_exit                           0x08000181   Thumb Code     0  rtexit2.o(.ARM.Collect$$rtexit$$00000004)
    Reset_Handler                            0x08000189   Thumb Code     8  startup_stm32f10x_md.o(.text)
    ADC1_2_IRQHandler                        0x080001a3   Thumb Code     0  startup_stm32f10x_md.o(.text)
    CAN1_RX1_IRQHandler                      0x080001a3   Thumb Code     0  startup_stm32f10x_md.o(.text)
    CAN1_SCE_IRQHandler                      0x080001a3   Thumb Code     0  startup_stm32f10x_md.o(.text)
    DMA1_Channel1_IRQHandler                 0x080001a3   Thumb Code     0  startup_stm32f10x_md.o(.text)
    DMA1_Channel2_IRQHandler                 0x080001a3   Thumb Code     0  startup_stm32f10x_md.o(.text)
    DMA1_Channel3_IRQHandler                 0x080001a3   Thumb Code     0  startup_stm32f10x_md.o(.text)
    DMA1_Channel4_IRQHandler                 0x080001a3   Thumb Code     0  startup_stm32f10x_md.o(.text)
    DMA1_Channel5_IRQHandler                 0x080001a3   Thumb Code     0  startup_stm32f10x_md.o(.text)
    DMA1_Channel6_IRQHandler                 0x080001a3   Thumb Code     0  startup_stm32f10x_md.o(.text)
    DMA1_Channel7_IRQHandler                 0x080001a3   Thumb Code     0  startup_stm32f10x_md.o(.text)
    EXTI0_IRQHandler                         0x080001a3   Thumb Code     0  startup_stm32f10x_md.o(.text)
    EXTI2_IRQHandler                         0x080001a3   Thumb Code     0  startup_stm32f10x_md.o(.text)
    EXTI3_IRQHandler                         0x080001a3   Thumb Code     0  startup_stm32f10x_md.o(.text)
    EXTI4_IRQHandler                         0x080001a3   Thumb Code     0  startup_stm32f10x_md.o(.text)
    FLASH_IRQHandler                         0x080001a3   Thumb Code     0  startup_stm32f10x_md.o(.text)
    I2C1_ER_IRQHandler                       0x080001a3   Thumb Code     0  startup_stm32f10x_md.o(.text)
    I2C1_EV_IRQHandler                       0x080001a3   Thumb Code     0  startup_stm32f10x_md.o(.text)
    I2C2_ER_IRQHandler                       0x080001a3   Thumb Code     0  startup_stm32f10x_md.o(.text)
    I2C2_EV_IRQHandler                       0x080001a3   Thumb Code     0  startup_stm32f10x_md.o(.text)
    PVD_IRQHandler                           0x080001a3   Thumb Code     0  startup_stm32f10x_md.o(.text)
    RCC_IRQHandler                           0x080001a3   Thumb Code     0  startup_stm32f10x_md.o(.text)
    RTCAlarm_IRQHandler                      0x080001a3   Thumb Code     0  startup_stm32f10x_md.o(.text)
    RTC_IRQHandler                           0x080001a3   Thumb Code     0  startup_stm32f10x_md.o(.text)
    SPI1_IRQHandler                          0x080001a3   Thumb Code     0  startup_stm32f10x_md.o(.text)
    SPI2_IRQHandler                          0x080001a3   Thumb Code     0  startup_stm32f10x_md.o(.text)
    TAMPER_IRQHandler                        0x080001a3   Thumb Code     0  startup_stm32f10x_md.o(.text)
    TIM1_BRK_IRQHandler                      0x080001a3   Thumb Code     0  startup_stm32f10x_md.o(.text)
    TIM1_CC_IRQHandler                       0x080001a3   Thumb Code     0  startup_stm32f10x_md.o(.text)
    TIM1_TRG_COM_IRQHandler                  0x080001a3   Thumb Code     0  startup_stm32f10x_md.o(.text)
    TIM1_UP_IRQHandler                       0x080001a3   Thumb Code     0  startup_stm32f10x_md.o(.text)
    TIM2_IRQHandler                          0x080001a3   Thumb Code     0  startup_stm32f10x_md.o(.text)
    TIM4_IRQHandler                          0x080001a3   Thumb Code     0  startup_stm32f10x_md.o(.text)
    USART2_IRQHandler                        0x080001a3   Thumb Code     0  startup_stm32f10x_md.o(.text)
    USART3_IRQHandler                        0x080001a3   Thumb Code     0  startup_stm32f10x_md.o(.text)
    USBWakeUp_IRQHandler                     0x080001a3   Thumb Code     0  startup_stm32f10x_md.o(.text)
    USB_HP_CAN1_TX_IRQHandler                0x080001a3   Thumb Code     0  startup_stm32f10x_md.o(.text)
    USB_LP_CAN1_RX0_IRQHandler               0x080001a3   Thumb Code     0  startup_stm32f10x_md.o(.text)
    WWDG_IRQHandler                          0x080001a3   Thumb Code     0  startup_stm32f10x_md.o(.text)
    __user_initial_stackheap                 0x080001a5   Thumb Code     0  startup_stm32f10x_md.o(.text)
    __use_two_region_memory                  0x080001c9   Thumb Code     2  heapauxi.o(.text)
    __rt_heap_escrow$2region                 0x080001cb   Thumb Code     2  heapauxi.o(.text)
    __rt_heap_expand$2region                 0x080001cd   Thumb Code     2  heapauxi.o(.text)
    __user_setup_stackheap                   0x080001cf   Thumb Code    74  sys_stackheap_outer.o(.text)
    exit                                     0x08000219   Thumb Code    12  exit.o(.text)
    __user_libspace                          0x08000225   Thumb Code     8  libspace.o(.text)
    __user_perproc_libspace                  0x08000225   Thumb Code     0  libspace.o(.text)
    __user_perthread_libspace                0x08000225   Thumb Code     0  libspace.o(.text)
    _sys_exit                                0x0800022d   Thumb Code     8  sys_exit.o(.text)
    __I$use$semihosting                      0x08000239   Thumb Code     0  use_no_semi.o(.text)
    __use_no_semihosting_swi                 0x08000239   Thumb Code     2  use_no_semi.o(.text)
    __semihosting_library_function           0x0800023b   Thumb Code     0  indicate_semi.o(.text)
    ADC1_Init                                0x08000279   Thumb Code    12  dma_adc.o(i.ADC1_Init)
    ADC_Cmd                                  0x080003d9   Thumb Code    22  stm32f10x_adc.o(i.ADC_Cmd)
    ADC_DMACmd                               0x080003ef   Thumb Code    22  stm32f10x_adc.o(i.ADC_DMACmd)
    ADC_DeInit                               0x08000405   Thumb Code    78  stm32f10x_adc.o(i.ADC_DeInit)
    ADC_GetCalibrationStatus                 0x08000461   Thumb Code    20  stm32f10x_adc.o(i.ADC_GetCalibrationStatus)
    ADC_GetResetCalibrationStatus            0x08000475   Thumb Code    20  stm32f10x_adc.o(i.ADC_GetResetCalibrationStatus)
    ADC_Init                                 0x08000489   Thumb Code    70  stm32f10x_adc.o(i.ADC_Init)
    ADC_RegularChannelConfig                 0x080004d9   Thumb Code   184  stm32f10x_adc.o(i.ADC_RegularChannelConfig)
    ADC_ResetCalibration                     0x08000591   Thumb Code    10  stm32f10x_adc.o(i.ADC_ResetCalibration)
    ADC_SoftwareStartConvCmd                 0x0800059b   Thumb Code    22  stm32f10x_adc.o(i.ADC_SoftwareStartConvCmd)
    ADC_StartCalibration                     0x080005b1   Thumb Code    10  stm32f10x_adc.o(i.ADC_StartCalibration)
    ADC_TempSensorVrefintCmd                 0x080005bd   Thumb Code    30  stm32f10x_adc.o(i.ADC_TempSensorVrefintCmd)
    BSP_Int                                  0x080005e1   Thumb Code    68  tasks.o(i.BSP_Int)
    BusFault_Handler                         0x08000645   Thumb Code     4  stm32f10x_it.o(i.BusFault_Handler)
    DMA_Cmd                                  0x08000649   Thumb Code    24  stm32f10x_dma.o(i.DMA_Cmd)
    DMA_DeInit                               0x08000661   Thumb Code   324  stm32f10x_dma.o(i.DMA_DeInit)
    DMA_Init                                 0x080007ad   Thumb Code    60  stm32f10x_dma.o(i.DMA_Init)
    DebugMon_Handler                         0x080007e9   Thumb Code     2  stm32f10x_it.o(i.DebugMon_Handler)
    Do_Offset                                0x08000809   Thumb Code   376  key.o(i.Do_Offset)
    EXTI15_10_IRQHandler                     0x080009c5   Thumb Code    26  stm32f10x_it.o(i.EXTI15_10_IRQHandler)
    EXTI1_IRQHandler                         0x080009e1   Thumb Code    60  stm32f10x_it.o(i.EXTI1_IRQHandler)
    EXTI9_5_IRQHandler                       0x08000a29   Thumb Code    64  stm32f10x_it.o(i.EXTI9_5_IRQHandler)
    EXTI_ClearITPendingBit                   0x08000a75   Thumb Code     6  stm32f10x_exti.o(i.EXTI_ClearITPendingBit)
    EXTI_GetITStatus                         0x08000a81   Thumb Code    34  stm32f10x_exti.o(i.EXTI_GetITStatus)
    EXTI_Init                                0x08000aa9   Thumb Code   142  stm32f10x_exti.o(i.EXTI_Init)
    GPIO_EXTILineConfig                      0x08000b3d   Thumb Code    60  stm32f10x_gpio.o(i.GPIO_EXTILineConfig)
    GPIO_Init                                0x08000b7d   Thumb Code   278  stm32f10x_gpio.o(i.GPIO_Init)
    Get_Checksum                             0x08000c93   Thumb Code    30  maths.o(i.Get_Checksum)
    HardFault_Handler                        0x08000cb1   Thumb Code     4  stm32f10x_it.o(i.HardFault_Handler)
    KEY_Init                                 0x08000cb5   Thumb Code   100  key.o(i.KEY_Init)
    LED3_ON_Frequency                        0x08000d1d   Thumb Code   126  led.o(i.LED3_ON_Frequency)
    LED_Init                                 0x08000db5   Thumb Code    78  led.o(i.LED_Init)
    LED_ON_OFF                               0x08000e09   Thumb Code    76  led.o(i.LED_ON_OFF)
    LED_Show                                 0x08000e59   Thumb Code    68  led.o(i.LED_Show)
    MemManage_Handler                        0x08000ea9   Thumb Code     4  stm32f10x_it.o(i.MemManage_Handler)
    NMI_Handler                              0x08000ead   Thumb Code     2  stm32f10x_it.o(i.NMI_Handler)
    NRF24L01_Check                           0x08001001   Thumb Code    70  spi_nrf24l01.o(i.NRF24L01_Check)
    NRF24L01_IRQ                             0x08001085   Thumb Code    90  spi_nrf24l01.o(i.NRF24L01_IRQ)
    NRF24L01_Init                            0x080010e9   Thumb Code   134  spi_nrf24l01.o(i.NRF24L01_Init)
    NRF_Read_Buff                            0x080011bd   Thumb Code    60  spi_nrf24l01.o(i.NRF_Read_Buff)
    NRF_Read_Reg                             0x080011fd   Thumb Code    38  spi_nrf24l01.o(i.NRF_Read_Reg)
    NRF_Send_TX                              0x08001229   Thumb Code    38  spi_nrf24l01.o(i.NRF_Send_TX)
    NRF_Write_Buf                            0x08001255   Thumb Code    58  spi_nrf24l01.o(i.NRF_Write_Buf)
    NRF_Write_Reg                            0x08001295   Thumb Code    40  spi_nrf24l01.o(i.NRF_Write_Reg)
    NVIC_Init                                0x080012c1   Thumb Code   100  misc.o(i.NVIC_Init)
    NVIC_PriorityGroupConfig                 0x08001331   Thumb Code    10  misc.o(i.NVIC_PriorityGroupConfig)
    Nrf_Connect                              0x08001345   Thumb Code    76  spi_nrf24l01.o(i.Nrf_Connect)
    PendSV_Handler                           0x0800143d   Thumb Code     2  stm32f10x_it.o(i.PendSV_Handler)
    PrintHexU8                               0x08001441   Thumb Code    46  uart.o(i.PrintHexU8)
    PrintString                              0x0800147d   Thumb Code    24  uart.o(i.PrintString)
    Print_MSP_ANALOG                         0x08001495   Thumb Code   118  protocol.o(i.Print_MSP_ANALOG)
    Print_MSP_IDENT                          0x08001515   Thumb Code   100  protocol.o(i.Print_MSP_IDENT)
    Print_MSP_MOTOR                          0x08001579   Thumb Code   174  protocol.o(i.Print_MSP_MOTOR)
    Print_MSP_MOTOR_PINS                     0x08001639   Thumb Code   104  protocol.o(i.Print_MSP_MOTOR_PINS)
    Print_MSP_PID                            0x080016a1   Thumb Code   284  protocol.o(i.Print_MSP_PID)
    Print_MSP_RC                             0x080017c1   Thumb Code   310  protocol.o(i.Print_MSP_RC)
    Print_MSP_SET_PID                        0x0800190d   Thumb Code   128  protocol.o(i.Print_MSP_SET_PID)
    RCC_ADCCLKConfig                         0x08001991   Thumb Code    18  stm32f10x_rcc.o(i.RCC_ADCCLKConfig)
    RCC_AHBPeriphClockCmd                    0x080019a9   Thumb Code    26  stm32f10x_rcc.o(i.RCC_AHBPeriphClockCmd)
    RCC_APB1PeriphClockCmd                   0x080019c9   Thumb Code    26  stm32f10x_rcc.o(i.RCC_APB1PeriphClockCmd)
    RCC_APB1PeriphResetCmd                   0x080019e9   Thumb Code    26  stm32f10x_rcc.o(i.RCC_APB1PeriphResetCmd)
    RCC_APB2PeriphClockCmd                   0x08001a09   Thumb Code    26  stm32f10x_rcc.o(i.RCC_APB2PeriphClockCmd)
    RCC_APB2PeriphResetCmd                   0x08001a29   Thumb Code    26  stm32f10x_rcc.o(i.RCC_APB2PeriphResetCmd)
    RCC_GetClocksFreq                        0x08001a49   Thumb Code   192  stm32f10x_rcc.o(i.RCC_GetClocksFreq)
    RC_Limit                                 0x08001b1d   Thumb Code   254  filter.o(i.RC_Limit)
    Rc_Filter                                0x08001c1d   Thumb Code   496  filter.o(i.Rc_Filter)
    SPI2_Init                                0x08001e4d   Thumb Code   256  spi_nrf24l01.o(i.SPI2_Init)
    SPI_Cmd                                  0x08001f75   Thumb Code    24  stm32f10x_spi.o(i.SPI_Cmd)
    SPI_I2S_GetFlagStatus                    0x08001f8d   Thumb Code    18  stm32f10x_spi.o(i.SPI_I2S_GetFlagStatus)
    SPI_I2S_ReceiveData                      0x08001f9f   Thumb Code     6  stm32f10x_spi.o(i.SPI_I2S_ReceiveData)
    SPI_I2S_SendData                         0x08001fa5   Thumb Code     4  stm32f10x_spi.o(i.SPI_I2S_SendData)
    SPI_Init                                 0x08001fa9   Thumb Code    60  stm32f10x_spi.o(i.SPI_Init)
    SPI_RW                                   0x08001fe5   Thumb Code    50  spi_nrf24l01.o(i.SPI_RW)
    SVC_Handler                              0x0800201d   Thumb Code     2  stm32f10x_it.o(i.SVC_Handler)
    SysTick_Handler                          0x08002109   Thumb Code     2  stm32f10x_it.o(i.SysTick_Handler)
    SystemInit                               0x0800210d   Thumb Code    78  system_stm32f10x.o(i.SystemInit)
    TIM3_IRQHandler                          0x0800216d   Thumb Code    80  stm32f10x_it.o(i.TIM3_IRQHandler)
    TIM_ClearFlag                            0x080021d9   Thumb Code     6  stm32f10x_tim.o(i.TIM_ClearFlag)
    TIM_Cmd                                  0x080021df   Thumb Code    24  stm32f10x_tim.o(i.TIM_Cmd)
    TIM_DeInit                               0x080021f9   Thumb Code   424  stm32f10x_tim.o(i.TIM_DeInit)
    TIM_ITConfig                             0x080023e1   Thumb Code    18  stm32f10x_tim.o(i.TIM_ITConfig)
    TIM_TimeBaseInit                         0x080023f5   Thumb Code   122  stm32f10x_tim.o(i.TIM_TimeBaseInit)
    Task_100HZ                               0x08002499   Thumb Code    10  tasks.o(i.Task_100HZ)
    Task_25HZ                                0x080024a3   Thumb Code    18  tasks.o(i.Task_25HZ)
    Task_4HZ                                 0x080024b5   Thumb Code    68  tasks.o(i.Task_4HZ)
    Task_500HZ                               0x080024fd   Thumb Code    16  tasks.o(i.Task_500HZ)
    Timer3_Init                              0x08002515   Thumb Code    86  timer3.o(i.Timer3_Init)
    USART1_IRQHandler                        0x08002579   Thumb Code   348  uart.o(i.USART1_IRQHandler)
    USART_ClearFlag                          0x080026f9   Thumb Code    18  stm32f10x_usart.o(i.USART_ClearFlag)
    USART_Cmd                                0x0800270b   Thumb Code    24  stm32f10x_usart.o(i.USART_Cmd)
    USART_GetFlagStatus                      0x08002723   Thumb Code    26  stm32f10x_usart.o(i.USART_GetFlagStatus)
    USART_ITConfig                           0x0800273d   Thumb Code    74  stm32f10x_usart.o(i.USART_ITConfig)
    USART_Init                               0x08002789   Thumb Code   210  stm32f10x_usart.o(i.USART_Init)
    USART_ReceiveData                        0x08002861   Thumb Code    10  stm32f10x_usart.o(i.USART_ReceiveData)
    Uart1_Init                               0x0800286d   Thumb Code   144  uart.o(i.Uart1_Init)
    Uart_Check                               0x08002905   Thumb Code   354  protocol.o(i.Uart_Check)
    Uart_Send                                0x08002a79   Thumb Code    26  uart.o(i.Uart_Send)
    UsageFault_Handler                       0x08002a93   Thumb Code     4  stm32f10x_it.o(i.UsageFault_Handler)
    main                                     0x08002a99   Thumb Code    84  main.o(i.main)
    __aeabi_fdiv                             0x08002afd   Thumb Code     0  fdiv.o(x$fpl$fdiv)
    _fdiv                                    0x08002afd   Thumb Code   384  fdiv.o(x$fpl$fdiv)
    __aeabi_f2uiz                            0x08002c81   Thumb Code     0  ffixu.o(x$fpl$ffixu)
    _ffixu                                   0x08002c81   Thumb Code    62  ffixu.o(x$fpl$ffixu)
    __aeabi_ui2f                             0x08002cc1   Thumb Code     0  fflt_clz.o(x$fpl$ffltu)
    _ffltu                                   0x08002cc1   Thumb Code    38  fflt_clz.o(x$fpl$ffltu)
    __aeabi_fmul                             0x08002ce9   Thumb Code     0  fmul.o(x$fpl$fmul)
    _fmul                                    0x08002ce9   Thumb Code   258  fmul.o(x$fpl$fmul)
    __fpl_fnaninf                            0x08002deb   Thumb Code   140  fnaninf.o(x$fpl$fnaninf)
    __fpl_fretinf                            0x08002e77   Thumb Code    10  fretinf.o(x$fpl$fretinf)
    Region$$Table$$Base                      0x08002e80   Number         0  anon$$obj.o(Region$$Table)
    __I$use$fp                               0x08002e80   Number         0  usenofp.o(x$fpl$usenofp)
    Region$$Table$$Limit                     0x08002ea0   Number         0  anon$$obj.o(Region$$Table)
    Count_2ms                                0x20000000   Data           1  stm32f10x_it.o(.data)
    Count_10ms                               0x20000001   Data           1  stm32f10x_it.o(.data)
    Count_40ms                               0x20000002   Data           1  stm32f10x_it.o(.data)
    Count_250ms                              0x20000003   Data           1  stm32f10x_it.o(.data)
    offset                                   0x2000000c   Data           1  key.o(.data)
    offset0                                  0x2000000e   Data           2  key.o(.data)
    offset1                                  0x20000010   Data           2  key.o(.data)
    offset2                                  0x20000012   Data           2  key.o(.data)
    offset3                                  0x20000014   Data           2  key.o(.data)
    offset4                                  0x20000016   Data           2  key.o(.data)
    offset5                                  0x20000018   Data           2  key.o(.data)
    offset6                                  0x2000001a   Data           2  key.o(.data)
    Mode                                     0x2000001c   Data           1  key.o(.data)
    Fun                                      0x2000001d   Data           1  key.o(.data)
    THROTTLE1                                0x2000003e   Data           2  protocol.o(.data)
    THROTTLE2                                0x20000040   Data           2  protocol.o(.data)
    THROTTLE3                                0x20000042   Data           2  protocol.o(.data)
    THROTTLE4                                0x20000044   Data           2  protocol.o(.data)
    Line0                                    0x20000056   Data           1  uart.o(.data)
    Line1                                    0x20000057   Data           1  uart.o(.data)
    Timer3_Count                             0x2000005c   Data           4  timer3.o(.data)
    Timer3_Frequency                         0x20000060   Data           2  timer3.o(.data)
    Bsp_Int_Ok                               0x20000062   Data           1  struct_all.o(.data)
    data_0                                   0x20000064   Data           2  struct_all.o(.data)
    data_1                                   0x20000066   Data           2  struct_all.o(.data)
    data_2                                   0x20000068   Data           2  struct_all.o(.data)
    data_3                                   0x2000006a   Data           2  struct_all.o(.data)
    VirtAddVarTab                            0x2000006c   Data          14  struct_all.o(.data)
    Battery_Fly                              0x2000007a   Data           2  dma_adc.o(.data)
    Battery_Rc                               0x2000007c   Data           2  dma_adc.o(.data)
    RxBuff                                   0x200001c8   Data         100  uart.o(.bss)
    pid                                      0x2000022c   Data          27  struct_all.o(.bss)
    Rc                                       0x20000248   Data          16  struct_all.o(.bss)
    Filter_Rc                                0x20000258   Data          16  struct_all.o(.bss)
    ADC_Value                                0x20000268   Data          18  dma_adc.o(.bss)
    NRF24L01_RXDATA                          0x2000027a   Data          32  spi_nrf24l01.o(.bss)
    NRF24L01_TXDATA                          0x2000029a   Data          32  spi_nrf24l01.o(.bss)
    __libspace_start                         0x200002bc   Data          96  libspace.o(.bss)
    __temporary_stack_top$libspace           0x2000031c   Data           0  libspace.o(.bss)



==============================================================================

Memory Map of the image

  Image Entry point : 0x080000ed

  Load Region LR_IROM1 (Base: 0x08000000, Size: 0x00002f40, Max: 0x00010000, ABSOLUTE)

    Execution Region ER_IROM1 (Base: 0x08000000, Size: 0x00002ea0, Max: 0x00010000, ABSOLUTE)

    Base Addr    Size         Type   Attr      Idx    E Section Name        Object

    0x08000000   0x000000ec   Data   RO            3    RESET               startup_stm32f10x_md.o
    0x080000ec   0x00000008   Code   RO         3813  * !!!main             c_w.l(__main.o)
    0x080000f4   0x00000034   Code   RO         3990    !!!scatter          c_w.l(__scatter.o)
    0x08000128   0x0000001a   Code   RO         3992    !!handler_copy      c_w.l(__scatter_copy.o)
    0x08000142   0x00000002   PAD
    0x08000144   0x0000001c   Code   RO         3994    !!handler_zi        c_w.l(__scatter_zi.o)
    0x08000160   0x00000002   Code   RO         3861    .ARM.Collect$$libinit$$00000000  c_w.l(libinit.o)
    0x08000162   0x00000000   Code   RO         3868    .ARM.Collect$$libinit$$00000002  c_w.l(libinit2.o)
    0x08000162   0x00000000   Code   RO         3870    .ARM.Collect$$libinit$$00000004  c_w.l(libinit2.o)
    0x08000162   0x00000000   Code   RO         3873    .ARM.Collect$$libinit$$0000000A  c_w.l(libinit2.o)
    0x08000162   0x00000000   Code   RO         3875    .ARM.Collect$$libinit$$0000000C  c_w.l(libinit2.o)
    0x08000162   0x00000000   Code   RO         3877    .ARM.Collect$$libinit$$0000000E  c_w.l(libinit2.o)
    0x08000162   0x00000000   Code   RO         3880    .ARM.Collect$$libinit$$00000011  c_w.l(libinit2.o)
    0x08000162   0x00000000   Code   RO         3882    .ARM.Collect$$libinit$$00000013  c_w.l(libinit2.o)
    0x08000162   0x00000000   Code   RO         3884    .ARM.Collect$$libinit$$00000015  c_w.l(libinit2.o)
    0x08000162   0x00000000   Code   RO         3886    .ARM.Collect$$libinit$$00000017  c_w.l(libinit2.o)
    0x08000162   0x00000000   Code   RO         3888    .ARM.Collect$$libinit$$00000019  c_w.l(libinit2.o)
    0x08000162   0x00000000   Code   RO         3890    .ARM.Collect$$libinit$$0000001B  c_w.l(libinit2.o)
    0x08000162   0x00000000   Code   RO         3892    .ARM.Collect$$libinit$$0000001D  c_w.l(libinit2.o)
    0x08000162   0x00000000   Code   RO         3894    .ARM.Collect$$libinit$$0000001F  c_w.l(libinit2.o)
    0x08000162   0x00000000   Code   RO         3896    .ARM.Collect$$libinit$$00000021  c_w.l(libinit2.o)
    0x08000162   0x00000000   Code   RO         3898    .ARM.Collect$$libinit$$00000023  c_w.l(libinit2.o)
    0x08000162   0x00000000   Code   RO         3900    .ARM.Collect$$libinit$$00000025  c_w.l(libinit2.o)
    0x08000162   0x00000000   Code   RO         3904    .ARM.Collect$$libinit$$0000002C  c_w.l(libinit2.o)
    0x08000162   0x00000000   Code   RO         3906    .ARM.Collect$$libinit$$0000002E  c_w.l(libinit2.o)
    0x08000162   0x00000000   Code   RO         3908    .ARM.Collect$$libinit$$00000030  c_w.l(libinit2.o)
    0x08000162   0x00000000   Code   RO         3910    .ARM.Collect$$libinit$$00000032  c_w.l(libinit2.o)
    0x08000162   0x00000002   Code   RO         3911    .ARM.Collect$$libinit$$00000033  c_w.l(libinit2.o)
    0x08000164   0x00000002   Code   RO         3931    .ARM.Collect$$libshutdown$$00000000  c_w.l(libshutdown.o)
    0x08000166   0x00000000   Code   RO         3945    .ARM.Collect$$libshutdown$$00000003  c_w.l(libshutdown2.o)
    0x08000166   0x00000000   Code   RO         3948    .ARM.Collect$$libshutdown$$00000006  c_w.l(libshutdown2.o)
    0x08000166   0x00000000   Code   RO         3951    .ARM.Collect$$libshutdown$$00000009  c_w.l(libshutdown2.o)
    0x08000166   0x00000000   Code   RO         3953    .ARM.Collect$$libshutdown$$0000000B  c_w.l(libshutdown2.o)
    0x08000166   0x00000000   Code   RO         3956    .ARM.Collect$$libshutdown$$0000000E  c_w.l(libshutdown2.o)
    0x08000166   0x00000002   Code   RO         3957    .ARM.Collect$$libshutdown$$0000000F  c_w.l(libshutdown2.o)
    0x08000168   0x00000000   Code   RO         3831    .ARM.Collect$$rtentry$$00000000  c_w.l(__rtentry.o)
    0x08000168   0x00000000   Code   RO         3838    .ARM.Collect$$rtentry$$00000002  c_w.l(__rtentry2.o)
    0x08000168   0x00000006   Code   RO         3850    .ARM.Collect$$rtentry$$00000004  c_w.l(__rtentry4.o)
    0x0800016e   0x00000000   Code   RO         3840    .ARM.Collect$$rtentry$$00000009  c_w.l(__rtentry2.o)
    0x0800016e   0x00000004   Code   RO         3841    .ARM.Collect$$rtentry$$0000000A  c_w.l(__rtentry2.o)
    0x08000172   0x00000000   Code   RO         3843    .ARM.Collect$$rtentry$$0000000C  c_w.l(__rtentry2.o)
    0x08000172   0x00000008   Code   RO         3844    .ARM.Collect$$rtentry$$0000000D  c_w.l(__rtentry2.o)
    0x0800017a   0x00000002   Code   RO         3865    .ARM.Collect$$rtexit$$00000000  c_w.l(rtexit.o)
    0x0800017c   0x00000000   Code   RO         3913    .ARM.Collect$$rtexit$$00000002  c_w.l(rtexit2.o)
    0x0800017c   0x00000004   Code   RO         3914    .ARM.Collect$$rtexit$$00000003  c_w.l(rtexit2.o)
    0x08000180   0x00000006   Code   RO         3915    .ARM.Collect$$rtexit$$00000004  c_w.l(rtexit2.o)
    0x08000186   0x00000002   PAD
    0x08000188   0x00000040   Code   RO            4    .text               startup_stm32f10x_md.o
    0x080001c8   0x00000006   Code   RO         3811    .text               c_w.l(heapauxi.o)
    0x080001ce   0x0000004a   Code   RO         3852    .text               c_w.l(sys_stackheap_outer.o)
    0x08000218   0x0000000c   Code   RO         3854    .text               c_w.l(exit.o)
    0x08000224   0x00000008   Code   RO         3862    .text               c_w.l(libspace.o)
    0x0800022c   0x0000000c   Code   RO         3923    .text               c_w.l(sys_exit.o)
    0x08000238   0x00000002   Code   RO         3934    .text               c_w.l(use_no_semi.o)
    0x0800023a   0x00000000   Code   RO         3936    .text               c_w.l(indicate_semi.o)
    0x0800023a   0x00000002   PAD
    0x0800023c   0x0000003c   Code   RO          697    i.ADC1_GPIO_Config  dma_adc.o
    0x08000278   0x0000000c   Code   RO          698    i.ADC1_Init         dma_adc.o
    0x08000284   0x00000154   Code   RO          699    i.ADC1_Mode_Config  dma_adc.o
    0x080003d8   0x00000016   Code   RO          884    i.ADC_Cmd           stm32f10x_adc.o
    0x080003ee   0x00000016   Code   RO          885    i.ADC_DMACmd        stm32f10x_adc.o
    0x08000404   0x0000005c   Code   RO          886    i.ADC_DeInit        stm32f10x_adc.o
    0x08000460   0x00000014   Code   RO          892    i.ADC_GetCalibrationStatus  stm32f10x_adc.o
    0x08000474   0x00000014   Code   RO          898    i.ADC_GetResetCalibrationStatus  stm32f10x_adc.o
    0x08000488   0x00000050   Code   RO          902    i.ADC_Init          stm32f10x_adc.o
    0x080004d8   0x000000b8   Code   RO          906    i.ADC_RegularChannelConfig  stm32f10x_adc.o
    0x08000590   0x0000000a   Code   RO          907    i.ADC_ResetCalibration  stm32f10x_adc.o
    0x0800059a   0x00000016   Code   RO          909    i.ADC_SoftwareStartConvCmd  stm32f10x_adc.o
    0x080005b0   0x0000000a   Code   RO          911    i.ADC_StartCalibration  stm32f10x_adc.o
    0x080005ba   0x00000002   PAD
    0x080005bc   0x00000024   Code   RO          913    i.ADC_TempSensorVrefintCmd  stm32f10x_adc.o
    0x080005e0   0x00000064   Code   RO          349    i.BSP_Int           tasks.o
    0x08000644   0x00000004   Code   RO          177    i.BusFault_Handler  stm32f10x_it.o
    0x08000648   0x00000018   Code   RO         1569    i.DMA_Cmd           stm32f10x_dma.o
    0x08000660   0x0000014c   Code   RO         1570    i.DMA_DeInit        stm32f10x_dma.o
    0x080007ac   0x0000003c   Code   RO         1575    i.DMA_Init          stm32f10x_dma.o
    0x080007e8   0x00000002   Code   RO          178    i.DebugMon_Handler  stm32f10x_it.o
    0x080007ea   0x0000001e   Code   RO          463    i.Delay_led         led.o
    0x08000808   0x000001bc   Code   RO          305    i.Do_Offset         key.o
    0x080009c4   0x0000001a   Code   RO          179    i.EXTI15_10_IRQHandler  stm32f10x_it.o
    0x080009de   0x00000002   PAD
    0x080009e0   0x00000048   Code   RO          180    i.EXTI1_IRQHandler  stm32f10x_it.o
    0x08000a28   0x0000004c   Code   RO          181    i.EXTI9_5_IRQHandler  stm32f10x_it.o
    0x08000a74   0x0000000c   Code   RO         1640    i.EXTI_ClearITPendingBit  stm32f10x_exti.o
    0x08000a80   0x00000028   Code   RO         1644    i.EXTI_GetITStatus  stm32f10x_exti.o
    0x08000aa8   0x00000094   Code   RO         1645    i.EXTI_Init         stm32f10x_exti.o
    0x08000b3c   0x00000040   Code   RO         1990    i.GPIO_EXTILineConfig  stm32f10x_gpio.o
    0x08000b7c   0x00000116   Code   RO         1993    i.GPIO_Init         stm32f10x_gpio.o
    0x08000c92   0x0000001e   Code   RO          391    i.Get_Checksum      maths.o
    0x08000cb0   0x00000004   Code   RO          182    i.HardFault_Handler  stm32f10x_it.o
    0x08000cb4   0x00000068   Code   RO          306    i.KEY_Init          key.o
    0x08000d1c   0x00000098   Code   RO          464    i.LED3_ON_Frequency  led.o
    0x08000db4   0x00000054   Code   RO          465    i.LED_Init          led.o
    0x08000e08   0x00000050   Code   RO          466    i.LED_ON_OFF        led.o
    0x08000e58   0x00000050   Code   RO          467    i.LED_Show          led.o
    0x08000ea8   0x00000004   Code   RO          183    i.MemManage_Handler  stm32f10x_it.o
    0x08000eac   0x00000002   Code   RO          184    i.NMI_Handler       stm32f10x_it.o
    0x08000eae   0x00000002   PAD
    0x08000eb0   0x00000150   Code   RO          732    i.NRF24L01_Analyse  spi_nrf24l01.o
    0x08001000   0x00000084   Code   RO          733    i.NRF24L01_Check    spi_nrf24l01.o
    0x08001084   0x00000064   Code   RO          734    i.NRF24L01_IRQ      spi_nrf24l01.o
    0x080010e8   0x00000094   Code   RO          735    i.NRF24L01_Init     spi_nrf24l01.o
    0x0800117c   0x00000020   Code   RO          736    i.NRF24L01_Set_RX   spi_nrf24l01.o
    0x0800119c   0x00000020   Code   RO          737    i.NRF24L01_Set_TX   spi_nrf24l01.o
    0x080011bc   0x00000040   Code   RO          738    i.NRF_Read_Buff     spi_nrf24l01.o
    0x080011fc   0x0000002c   Code   RO          739    i.NRF_Read_Reg      spi_nrf24l01.o
    0x08001228   0x0000002c   Code   RO          740    i.NRF_Send_TX       spi_nrf24l01.o
    0x08001254   0x00000040   Code   RO          741    i.NRF_Write_Buf     spi_nrf24l01.o
    0x08001294   0x0000002c   Code   RO          742    i.NRF_Write_Reg     spi_nrf24l01.o
    0x080012c0   0x00000070   Code   RO          842    i.NVIC_Init         misc.o
    0x08001330   0x00000014   Code   RO          843    i.NVIC_PriorityGroupConfig  misc.o
    0x08001344   0x00000058   Code   RO          743    i.Nrf_Connect       spi_nrf24l01.o
    0x0800139c   0x000000a0   Code   RO          350    i.Nvic_Init         tasks.o
    0x0800143c   0x00000002   Code   RO          185    i.PendSV_Handler    stm32f10x_it.o
    0x0800143e   0x00000002   PAD
    0x08001440   0x0000003c   Code   RO          500    i.PrintHexU8        uart.o
    0x0800147c   0x00000018   Code   RO          503    i.PrintString       uart.o
    0x08001494   0x00000080   Code   RO          403    i.Print_MSP_ANALOG  protocol.o
    0x08001514   0x00000064   Code   RO          404    i.Print_MSP_IDENT   protocol.o
    0x08001578   0x000000c0   Code   RO          405    i.Print_MSP_MOTOR   protocol.o
    0x08001638   0x00000068   Code   RO          406    i.Print_MSP_MOTOR_PINS  protocol.o
    0x080016a0   0x00000120   Code   RO          407    i.Print_MSP_PID     protocol.o
    0x080017c0   0x0000014c   Code   RO          408    i.Print_MSP_RC      protocol.o
    0x0800190c   0x00000084   Code   RO          409    i.Print_MSP_SET_PID  protocol.o
    0x08001990   0x00000018   Code   RO         2407    i.RCC_ADCCLKConfig  stm32f10x_rcc.o
    0x080019a8   0x00000020   Code   RO         2408    i.RCC_AHBPeriphClockCmd  stm32f10x_rcc.o
    0x080019c8   0x00000020   Code   RO         2409    i.RCC_APB1PeriphClockCmd  stm32f10x_rcc.o
    0x080019e8   0x00000020   Code   RO         2410    i.RCC_APB1PeriphResetCmd  stm32f10x_rcc.o
    0x08001a08   0x00000020   Code   RO         2411    i.RCC_APB2PeriphClockCmd  stm32f10x_rcc.o
    0x08001a28   0x00000020   Code   RO         2412    i.RCC_APB2PeriphResetCmd  stm32f10x_rcc.o
    0x08001a48   0x000000d4   Code   RO         2419    i.RCC_GetClocksFreq  stm32f10x_rcc.o
    0x08001b1c   0x000000fe   Code   RO          329    i.RC_Limit          filter.o
    0x08001c1a   0x00000002   PAD
    0x08001c1c   0x00000230   Code   RO          330    i.Rc_Filter         filter.o
    0x08001e4c   0x00000128   Code   RO          744    i.SPI2_Init         spi_nrf24l01.o
    0x08001f74   0x00000018   Code   RO         2888    i.SPI_Cmd           stm32f10x_spi.o
    0x08001f8c   0x00000012   Code   RO         2896    i.SPI_I2S_GetFlagStatus  stm32f10x_spi.o
    0x08001f9e   0x00000006   Code   RO         2899    i.SPI_I2S_ReceiveData  stm32f10x_spi.o
    0x08001fa4   0x00000004   Code   RO         2900    i.SPI_I2S_SendData  stm32f10x_spi.o
    0x08001fa8   0x0000003c   Code   RO         2901    i.SPI_Init          stm32f10x_spi.o
    0x08001fe4   0x00000038   Code   RO          745    i.SPI_RW            spi_nrf24l01.o
    0x0800201c   0x00000002   Code   RO          186    i.SVC_Handler       stm32f10x_it.o
    0x0800201e   0x00000008   Code   RO          271    i.SetSysClock       system_stm32f10x.o
    0x08002026   0x00000002   PAD
    0x08002028   0x000000e0   Code   RO          272    i.SetSysClockTo72   system_stm32f10x.o
    0x08002108   0x00000002   Code   RO          187    i.SysTick_Handler   stm32f10x_it.o
    0x0800210a   0x00000002   PAD
    0x0800210c   0x00000060   Code   RO          274    i.SystemInit        system_stm32f10x.o
    0x0800216c   0x0000006c   Code   RO          188    i.TIM3_IRQHandler   stm32f10x_it.o
    0x080021d8   0x00000006   Code   RO         3037    i.TIM_ClearFlag     stm32f10x_tim.o
    0x080021de   0x00000018   Code   RO         3043    i.TIM_Cmd           stm32f10x_tim.o
    0x080021f6   0x00000002   PAD
    0x080021f8   0x000001e8   Code   RO         3048    i.TIM_DeInit        stm32f10x_tim.o
    0x080023e0   0x00000012   Code   RO         3068    i.TIM_ITConfig      stm32f10x_tim.o
    0x080023f2   0x00000002   PAD
    0x080023f4   0x000000a4   Code   RO         3114    i.TIM_TimeBaseInit  stm32f10x_tim.o
    0x08002498   0x0000000a   Code   RO          351    i.Task_100HZ        tasks.o
    0x080024a2   0x00000012   Code   RO          352    i.Task_25HZ         tasks.o
    0x080024b4   0x00000048   Code   RO          353    i.Task_4HZ          tasks.o
    0x080024fc   0x00000018   Code   RO          354    i.Task_500HZ        tasks.o
    0x08002514   0x00000064   Code   RO          572    i.Timer3_Init       timer3.o
    0x08002578   0x00000180   Code   RO          506    i.USART1_IRQHandler  uart.o
    0x080026f8   0x00000012   Code   RO         3575    i.USART_ClearFlag   stm32f10x_usart.o
    0x0800270a   0x00000018   Code   RO         3579    i.USART_Cmd         stm32f10x_usart.o
    0x08002722   0x0000001a   Code   RO         3582    i.USART_GetFlagStatus  stm32f10x_usart.o
    0x0800273c   0x0000004a   Code   RO         3585    i.USART_ITConfig    stm32f10x_usart.o
    0x08002786   0x00000002   PAD
    0x08002788   0x000000d8   Code   RO         3586    i.USART_Init        stm32f10x_usart.o
    0x08002860   0x0000000a   Code   RO         3593    i.USART_ReceiveData  stm32f10x_usart.o
    0x0800286a   0x00000002   PAD
    0x0800286c   0x00000098   Code   RO          507    i.Uart1_Init        uart.o
    0x08002904   0x00000174   Code   RO          410    i.Uart_Check        protocol.o
    0x08002a78   0x0000001a   Code   RO          508    i.Uart_Send         uart.o
    0x08002a92   0x00000004   Code   RO          189    i.UsageFault_Handler  stm32f10x_it.o
    0x08002a96   0x00000002   PAD
    0x08002a98   0x00000064   Code   RO           14    i.main              main.o
    0x08002afc   0x00000184   Code   RO         3816    x$fpl$fdiv          fz_ws.l(fdiv.o)
    0x08002c80   0x0000003e   Code   RO         3819    x$fpl$ffixu         fz_ws.l(ffixu.o)
    0x08002cbe   0x00000002   PAD
    0x08002cc0   0x00000026   Code   RO         3823    x$fpl$ffltu         fz_ws.l(fflt_clz.o)
    0x08002ce6   0x00000002   PAD
    0x08002ce8   0x00000102   Code   RO         3829    x$fpl$fmul          fz_ws.l(fmul.o)
    0x08002dea   0x0000008c   Code   RO         3832    x$fpl$fnaninf       fz_ws.l(fnaninf.o)
    0x08002e76   0x0000000a   Code   RO         3834    x$fpl$fretinf       fz_ws.l(fretinf.o)
    0x08002e80   0x00000000   Code   RO         3836    x$fpl$usenofp       fz_ws.l(usenofp.o)
    0x08002e80   0x00000020   Data   RO         3988    Region$$Table       anon$$obj.o


    Execution Region RW_IRAM1 (Base: 0x20000000, Size: 0x00000920, Max: 0x00005000, ABSOLUTE)

    Base Addr    Size         Type   Attr      Idx    E Section Name        Object

    0x20000000   0x0000000c   Data   RW          190    .data               stm32f10x_it.o
    0x2000000c   0x00000030   Data   RW          307    .data               key.o
    0x2000003c   0x00000001   Data   RW          332    .data               filter.o
    0x2000003d   0x00000001   Data   RW          355    .data               tasks.o
    0x2000003e   0x00000008   Data   RW          411    .data               protocol.o
    0x20000046   0x00000002   PAD
    0x20000048   0x0000000c   Data   RW          468    .data               led.o
    0x20000054   0x00000006   Data   RW          510    .data               uart.o
    0x2000005a   0x00000002   PAD
    0x2000005c   0x00000006   Data   RW          573    .data               timer3.o
    0x20000062   0x00000018   Data   RW          659    .data               struct_all.o
    0x2000007a   0x00000004   Data   RW          702    .data               dma_adc.o
    0x2000007e   0x0000000c   Data   RW          747    .data               spi_nrf24l01.o
    0x2000008a   0x00000014   Data   RW         2439    .data               stm32f10x_rcc.o
    0x2000009e   0x00000002   PAD
    0x200000a0   0x00000028   Zero   RW          331    .bss                filter.o
    0x200000c8   0x00000164   Zero   RW          509    .bss                uart.o
    0x2000022c   0x0000003c   Zero   RW          658    .bss                struct_all.o
    0x20000268   0x00000012   Zero   RW          701    .bss                dma_adc.o
    0x2000027a   0x00000040   Zero   RW          746    .bss                spi_nrf24l01.o
    0x200002ba   0x00000002   PAD
    0x200002bc   0x00000060   Zero   RW         3863    .bss                c_w.l(libspace.o)
    0x2000031c   0x00000004   PAD
    0x20000320   0x00000200   Zero   RW            2    HEAP                startup_stm32f10x_md.o
    0x20000520   0x00000400   Zero   RW            1    STACK               startup_stm32f10x_md.o


==============================================================================

Image component sizes


      Code (inc. data)   RO Data    RW Data    ZI Data      Debug   Object Name

       412         16          0          4         18       2151   dma_adc.o
       814         64          0          1         40       2043   filter.o
       548         72          0         48          0       1777   key.o
       426         48          0         12          0       2543   led.o
       100         16          0          0          0     281414   main.o
        30          0          0          0          0        847   maths.o
       132         22          0          0          0       1643   misc.o
      1648         76          0          8          0       5268   protocol.o
      1480        212          0         12         64       9058   spi_nrf24l01.o
        64         26        236          0       1536        920   startup_stm32f10x_md.o
       518         30          0          0          0       8801   stm32f10x_adc.o
       416          8          0          0          0       3562   stm32f10x_dma.o
       200         18          0          0          0       2236   stm32f10x_exti.o
       342          4          0          0          0       2670   stm32f10x_gpio.o
       308         52          0         12          0       6177   stm32f10x_it.o
       396         56          0         20          0       6947   stm32f10x_rcc.o
       112          0          0          0          0       4002   stm32f10x_spi.o
       700        106          0          0          0       3829   stm32f10x_tim.o
       368          6          0          0          0       5590   stm32f10x_usart.o
         0          0          0         24         60       1632   struct_all.o
       328         28          0          0          0       1905   system_stm32f10x.o
       384         44          0          1          0       2811   tasks.o
       100         14          0          6          0        838   timer3.o
       646         58          0          6        356       3461   uart.o

    ----------------------------------------------------------------------
     10496        976        268        160       2076     362125   Object Totals
         0          0         32          0          0          0   (incl. Generated)
        24          0          0          6          2          0   (incl. Padding)

    ----------------------------------------------------------------------

      Code (inc. data)   RO Data    RW Data    ZI Data      Debug   Library Member Name

         8          0          0          0          0         68   __main.o
         0          0          0          0          0          0   __rtentry.o
        12          0          0          0          0          0   __rtentry2.o
         6          0          0          0          0          0   __rtentry4.o
        52          8          0          0          0          0   __scatter.o
        26          0          0          0          0          0   __scatter_copy.o
        28          0          0          0          0          0   __scatter_zi.o
        12          0          0          0          0         72   exit.o
         6          0          0          0          0        152   heapauxi.o
         0          0          0          0          0          0   indicate_semi.o
         2          0          0          0          0          0   libinit.o
         2          0          0          0          0          0   libinit2.o
         2          0          0          0          0          0   libshutdown.o
         2          0          0          0          0          0   libshutdown2.o
         8          4          0          0         96         68   libspace.o
         2          0          0          0          0          0   rtexit.o
        10          0          0          0          0          0   rtexit2.o
        12          4          0          0          0         68   sys_exit.o
        74          0          0          0          0         80   sys_stackheap_outer.o
         2          0          0          0          0         68   use_no_semi.o
       388         76          0          0          0         96   fdiv.o
        62          4          0          0          0         84   ffixu.o
        38          0          0          0          0         68   fflt_clz.o
       258          4          0          0          0         84   fmul.o
       140          4          0          0          0         84   fnaninf.o
        10          0          0          0          0         68   fretinf.o
         0          0          0          0          0          0   usenofp.o

    ----------------------------------------------------------------------
      1172        104          0          0        100       1060   Library Totals
        10          0          0          0          4          0   (incl. Padding)

    ----------------------------------------------------------------------

      Code (inc. data)   RO Data    RW Data    ZI Data      Debug   Library Name

       266         16          0          0         96        576   c_w.l
       896         88          0          0          0        484   fz_ws.l

    ----------------------------------------------------------------------
      1172        104          0          0        100       1060   Library Totals

    ----------------------------------------------------------------------

==============================================================================


      Code (inc. data)   RO Data    RW Data    ZI Data      Debug   

     11668       1080        268        160       2176     357305   Grand Totals
     11668       1080        268        160       2176     357305   ELF Image Totals
     11668       1080        268        160          0          0   ROM Totals

==============================================================================

    Total RO  Size (Code + RO Data)                11936 (  11.66kB)
    Total RW  Size (RW Data + ZI Data)              2336 (   2.28kB)
    Total ROM Size (Code + RO Data + RW Data)      12096 (  11.81kB)

==============================================================================

